[COMPILER] Lexing...
[COMPILER] Parsing...
[COMPILER] Semantic Analysis: Name Resolution...
[COMPILER] Semantic Analysis: Type Inference...
[DEBUG] StructDecl typeID=93 append field NameID=38 TypeID=61
[DEBUG] StructDecl typeID=94 append field NameID=38 TypeID=62
[DEBUG] StructDecl typeID=104 append field NameID=38 TypeID=11
[DEBUG] Inference NodeGenericType (User-Defined): base='Atomic' typeArgs=[bool] instTypeID=104
[DEBUG] StructDecl typeID=94 append field NameID=40 TypeID=104
[DEBUG] Inference NodeGenericType (User-Defined Generic Template Ref): base='Mutex' typeArgs=[type] instTypeID=105
[DEBUG] Inference NodeGenericType: base='ptr' argNodeIdx=545 innerTypeID=105 resultType=106
[DEBUG] StructDecl typeID=95 append field NameID=42 TypeID=106
[DEBUG] StructDecl typeID=96 append field NameID=38 TypeID=64
[DEBUG] StructDecl typeID=107 append field NameID=38 TypeID=3
[DEBUG] Inference NodeGenericType (User-Defined): base='Atomic' typeArgs=[i32] instTypeID=107
[DEBUG] StructDecl typeID=96 append field NameID=45 TypeID=107
[DEBUG] Inference NodeGenericType (User-Defined): base='Atomic' typeArgs=[bool] instTypeID=104
[DEBUG] StructDecl typeID=96 append field NameID=47 TypeID=104
[DEBUG] Inference NodeGenericType (User-Defined Generic Template Ref): base='RwLock' typeArgs=[type] instTypeID=108
[DEBUG] Inference NodeGenericType: base='ptr' argNodeIdx=567 innerTypeID=108 resultType=109
[DEBUG] StructDecl typeID=97 append field NameID=49 TypeID=109
[DEBUG] Inference NodeGenericType (User-Defined Generic Template Ref): base='RwLock' typeArgs=[type] instTypeID=110
[DEBUG] Inference NodeGenericType: base='ptr' argNodeIdx=576 innerTypeID=110 resultType=111
[DEBUG] StructDecl typeID=98 append field NameID=49 TypeID=111
[DEBUG] StructDecl typeID=99 append field NameID=52 TypeID=4
[DEBUG] StructDecl typeID=100 append field NameID=52 TypeID=4
[DEBUG] Inference NodeGenericType (User-Defined Generic Template Ref): base='Sender' typeArgs=[type] instTypeID=112
[DEBUG] StructDecl typeID=101 append field NameID=56 TypeID=112
[DEBUG] Inference NodeGenericType (User-Defined Generic Template Ref): base='Receiver' typeArgs=[type] instTypeID=113
[DEBUG] StructDecl typeID=101 append field NameID=57 TypeID=113
[DEBUG] StructDecl typeID=104 append field NameID=38 TypeID=11
[DEBUG] StructDecl typeID=107 append field NameID=38 TypeID=3
[DEBUG] Inference NodeGenericType (User-Defined Generic Template Ref): base='Option' typeArgs=[type] instTypeID=114
[DEBUG] Inference NodeGenericType (User-Defined Generic Template Ref): base='Option' typeArgs=[type] instTypeID=116
[DEBUG] Inference NodeGenericType (User-Defined Generic Template Ref): base='Option' typeArgs=[type] instTypeID=118
[DEBUG] Inference NodeGenericType (User-Defined Generic Template Ref): base='Option' typeArgs=[type] instTypeID=120
[DEBUG] Inference NodeGenericType (User-Defined Generic Template Ref): base='Option' typeArgs=[type] instTypeID=122
[DEBUG] Inference NodeGenericType (User-Defined Generic Template Ref): base='Option' typeArgs=[type] instTypeID=124
[DEBUG] Inference NodeGenericType (User-Defined Generic Template Ref): base='Option' typeArgs=[type] instTypeID=125
[DEBUG] Inference NodeGenericType (User-Defined Generic Template Ref): base='Option' typeArgs=[type] instTypeID=127
[DEBUG] Inference NodeGenericType (User-Defined Generic Template Ref): base='Option' typeArgs=[type] instTypeID=128
[DEBUG] Inference NodeGenericType (User-Defined Generic Template Ref): base='Option' typeArgs=[type] instTypeID=128
[DEBUG] Inference NodeGenericType (User-Defined Generic Template Ref): base='Option' typeArgs=[type] instTypeID=130
[DEBUG] Inference NodeGenericType (User-Defined Generic Template Ref): base='Result' typeArgs=[type type] instTypeID=131
[DEBUG] Inference NodeGenericType (User-Defined Generic Template Ref): base='Option' typeArgs=[type] instTypeID=133
[DEBUG] Inference NodeGenericType (User-Defined Generic Template Ref): base='Option' typeArgs=[type] instTypeID=133
[DEBUG] Inference NodeGenericType (User-Defined Generic Template Ref): base='Option' typeArgs=[type] instTypeID=135
[DEBUG] Inference NodeGenericType (User-Defined Generic Template Ref): base='Option' typeArgs=[type] instTypeID=135
[DEBUG] Inference NodeGenericType (User-Defined Generic Template Ref): base='Option' typeArgs=[type] instTypeID=135
[DEBUG] Inference NodeGenericType (User-Defined Generic Template Ref): base='Result' typeArgs=[type type] instTypeID=137
[DEBUG] Inference NodeGenericType (User-Defined Generic Template Ref): base='Result' typeArgs=[type type] instTypeID=139
[DEBUG] Inference NodeGenericType (User-Defined Generic Template Ref): base='Result' typeArgs=[type type] instTypeID=141
[DEBUG] Inference NodeGenericType (User-Defined Generic Template Ref): base='Result' typeArgs=[type type] instTypeID=143
[DEBUG] Inference NodeGenericType (User-Defined Generic Template Ref): base='Result' typeArgs=[type type] instTypeID=145
[DEBUG] Inference NodeGenericType (User-Defined Generic Template Ref): base='Result' typeArgs=[type type] instTypeID=147
[DEBUG] Inference NodeGenericType (User-Defined Generic Template Ref): base='Result' typeArgs=[type type] instTypeID=148
[DEBUG] Inference NodeGenericType (User-Defined Generic Template Ref): base='Result' typeArgs=[type type] instTypeID=150
[DEBUG] Inference NodeGenericType (User-Defined Generic Template Ref): base='Result' typeArgs=[type type] instTypeID=151
[DEBUG] Inference NodeGenericType (User-Defined Generic Template Ref): base='Result' typeArgs=[type type] instTypeID=153
[DEBUG] Inference NodeGenericType (User-Defined Generic Template Ref): base='Result' typeArgs=[type type] instTypeID=154
[DEBUG] Inference NodeGenericType (User-Defined Generic Template Ref): base='Result' typeArgs=[type type] instTypeID=154
[DEBUG] Inference NodeGenericType (User-Defined Generic Template Ref): base='Result' typeArgs=[type type] instTypeID=156
[DEBUG] Inference NodeGenericType (User-Defined Generic Template Ref): base='Option' typeArgs=[type] instTypeID=157
[DEBUG] Inference NodeGenericType (User-Defined Generic Template Ref): base='Result' typeArgs=[type type] instTypeID=159
[DEBUG] Inference NodeGenericType (User-Defined Generic Template Ref): base='Option' typeArgs=[type] instTypeID=160
[DEBUG] Inference NodeGenericType (User-Defined Generic Template Ref): base='Atomic' typeArgs=[type] instTypeID=162
[DEBUG] Inference NodeGenericType (User-Defined Generic Template Ref): base='Atomic' typeArgs=[type] instTypeID=164
[DEBUG] Inference NodeGenericType: base='ptr' argNodeIdx=622 innerTypeID=164 resultType=165
[DEBUG] Inference NodeGenericType (User-Defined Generic Template Ref): base='Atomic' typeArgs=[type] instTypeID=167
[DEBUG] Inference NodeGenericType: base='ptr' argNodeIdx=641 innerTypeID=167 resultType=168
[DEBUG] Inference NodeGenericType (User-Defined Generic Template Ref): base='Atomic' typeArgs=[type] instTypeID=170
[DEBUG] Inference NodeGenericType: base='ptr' argNodeIdx=661 innerTypeID=170 resultType=171
[DEBUG] Inference NodeGenericType (User-Defined Generic Template Ref): base='Atomic' typeArgs=[type] instTypeID=173
[DEBUG] Inference NodeGenericType: base='ptr' argNodeIdx=683 innerTypeID=173 resultType=174
[DEBUG] Inference NodeGenericType (User-Defined Generic Template Ref): base='Mutex' typeArgs=[type] instTypeID=176
[DEBUG] Inference NodeGenericType (User-Defined Generic Template Ref): base='Mutex' typeArgs=[type] instTypeID=178
[DEBUG] Inference NodeGenericType: base='ptr' argNodeIdx=730 innerTypeID=178 resultType=179
[DEBUG] Inference NodeGenericType (User-Defined Generic Template Ref): base='MutexGuard' typeArgs=[type] instTypeID=180
[DEBUG] Inference NodeGenericType (User-Defined Generic Template Ref): base='Mutex' typeArgs=[type] instTypeID=182
[DEBUG] Inference NodeGenericType: base='ptr' argNodeIdx=763 innerTypeID=182 resultType=183
[DEBUG] Inference NodeGenericType (User-Defined Generic Template Ref): base='MutexGuard' typeArgs=[type] instTypeID=184
[DEBUG] Inference NodeGenericType (User-Defined Generic Template Ref): base='Option' typeArgs=[type] instTypeID=185
[DEBUG] Inference NodeGenericType (User-Defined Generic Template Ref): base='MutexGuard' typeArgs=[type] instTypeID=187
[DEBUG] Inference NodeGenericType (User-Defined Generic Template Ref): base='MutexGuard' typeArgs=[type] instTypeID=189
[DEBUG] Inference NodeGenericType (User-Defined Generic Template Ref): base='MutexGuard' typeArgs=[type] instTypeID=191
[DEBUG] Inference NodeGenericType (User-Defined Generic Template Ref): base='RwLock' typeArgs=[type] instTypeID=193
[DEBUG] Inference NodeGenericType (User-Defined Generic Template Ref): base='RwLock' typeArgs=[type] instTypeID=195
[DEBUG] Inference NodeGenericType: base='ptr' argNodeIdx=878 innerTypeID=195 resultType=196
[DEBUG] Inference NodeGenericType (User-Defined Generic Template Ref): base='ReadGuard' typeArgs=[type] instTypeID=197
[DEBUG] Inference NodeGenericType (User-Defined Generic Template Ref): base='RwLock' typeArgs=[type] instTypeID=199
[DEBUG] Inference NodeGenericType: base='ptr' argNodeIdx=922 innerTypeID=199 resultType=200
[DEBUG] Inference NodeGenericType (User-Defined Generic Template Ref): base='WriteGuard' typeArgs=[type] instTypeID=201
[DEBUG] Inference NodeGenericType (User-Defined Generic Template Ref): base='ReadGuard' typeArgs=[type] instTypeID=203
[DEBUG] Inference NodeGenericType (User-Defined Generic Template Ref): base='ReadGuard' typeArgs=[type] instTypeID=205
[DEBUG] Inference NodeGenericType (User-Defined Generic Template Ref): base='WriteGuard' typeArgs=[type] instTypeID=207
[DEBUG] Inference NodeGenericType (User-Defined Generic Template Ref): base='WriteGuard' typeArgs=[type] instTypeID=209
[DEBUG] Inference NodeGenericType (User-Defined Generic Template Ref): base='WriteGuard' typeArgs=[type] instTypeID=211
[DEBUG] Inference NodeGenericType (User-Defined Generic Template Ref): base='Channel' typeArgs=[type] instTypeID=213
[DEBUG] Inference NodeGenericType (User-Defined Generic Template Ref): base='Sender' typeArgs=[type] instTypeID=215
[DEBUG] Inference NodeGenericType (User-Defined): base='Result' typeArgs=[void string] instTypeID=216
[DEBUG] Inference NodeGenericType (User-Defined Generic Template Ref): base='Receiver' typeArgs=[type] instTypeID=218
[DEBUG] Inference NodeGenericType (User-Defined Generic Template Ref): base='Result' typeArgs=[type string] instTypeID=219
[DEBUG] Inference NodeGenericType (User-Defined Generic Template Ref): base='Receiver' typeArgs=[type] instTypeID=221
[DEBUG] Inference NodeGenericType (User-Defined Generic Template Ref): base='Option' typeArgs=[type] instTypeID=222
[DEBUG-FIELD] FieldExpr nodeIdx=47 objType=116 fieldNameID=9
[DEBUG-FIELD] objType resolved to entry.Kind=8 structType=116 NameID=1 genericArgs=[type]
[DEBUG] Inference NodeUnaryExpr: op=2 operandType=0
[DEBUG] Inference NodeUnaryExpr resultType=11
[DEBUG] Inference NodeGenericType (User-Defined Generic Template Ref): base='Option' typeArgs=[type] instTypeID=125
[DEBUG] Inference NodeGenericType (User-Defined Generic Template Ref): base='Option' typeArgs=[type] instTypeID=128
[DEBUG] Inference NodeGenericType (User-Defined Generic Template Ref): base='Result' typeArgs=[type type] instTypeID=131
[DEBUG] Inference NodeGenericType (User-Defined Generic Template Ref): base='Option' typeArgs=[type] instTypeID=133
[DEBUG] Inference NodeGenericType (User-Defined Generic Template Ref): base='Option' typeArgs=[type] instTypeID=135
[DEBUG-FIELD] FieldExpr nodeIdx=294 objType=139 fieldNameID=31
[DEBUG-FIELD] objType resolved to entry.Kind=8 structType=139 NameID=5 genericArgs=[type type]
[DEBUG] Inference NodeUnaryExpr: op=2 operandType=0
[DEBUG] Inference NodeUnaryExpr resultType=11
[DEBUG] Inference NodeGenericType (User-Defined Generic Template Ref): base='Result' typeArgs=[type type] instTypeID=148
[DEBUG] Inference NodeGenericType (User-Defined Generic Template Ref): base='Result' typeArgs=[type type] instTypeID=151
[DEBUG] Inference NodeGenericType (User-Defined Generic Template Ref): base='Result' typeArgs=[type type] instTypeID=154
[DEBUG] Inference NodeGenericType (User-Defined Generic Template Ref): base='Option' typeArgs=[type] instTypeID=157
[DEBUG] Inference NodeGenericType (User-Defined Generic Template Ref): base='Option' typeArgs=[type] instTypeID=160
[DEBUG] Inference NodeGenericType (User-Defined Generic Template Ref): base='Atomic' typeArgs=[type] instTypeID=162
[DEBUG-INDEX] Instantiating generic collection: collectionName=Atomic typeArgs=[type] (hasGenericParam=true)
[DEBUG-FIELD] FieldExpr nodeIdx=632 objType=165 fieldNameID=38
[DEBUG-FIELD] objType resolved to entry.Kind=1 structType=93 NameID=37 genericArgs=[type]
[DEBUG-FIELD] struct fields count=1 genericParams=[61]
[DEBUG-FIELD]   checking field NameID=38 field.TypeID=61
[DEBUG-FIELD]   found field fieldType=61 resultType=71
[DEBUG] Inference NodeUnaryExpr: op=4 operandType=71
[DEBUG] Inference NodeUnaryExpr resultType=230
[DEBUG-FIELD] FieldExpr nodeIdx=651 objType=168 fieldNameID=38
[DEBUG-FIELD] objType resolved to entry.Kind=1 structType=93 NameID=37 genericArgs=[type]
[DEBUG-FIELD] struct fields count=1 genericParams=[61]
[DEBUG-FIELD]   checking field NameID=38 field.TypeID=61
[DEBUG-FIELD]   found field fieldType=61 resultType=72
[DEBUG] Inference NodeUnaryExpr: op=4 operandType=72
[DEBUG] Inference NodeUnaryExpr resultType=231
[DEBUG-FIELD] FieldExpr nodeIdx=673 objType=171 fieldNameID=38
[DEBUG-FIELD] objType resolved to entry.Kind=1 structType=93 NameID=37 genericArgs=[type]
[DEBUG-FIELD] struct fields count=1 genericParams=[61]
[DEBUG-FIELD]   checking field NameID=38 field.TypeID=61
[DEBUG-FIELD]   found field fieldType=61 resultType=73
[DEBUG] Inference NodeUnaryExpr: op=4 operandType=73
[DEBUG] Inference NodeUnaryExpr resultType=232
[DEBUG-FIELD] FieldExpr nodeIdx=697 objType=174 fieldNameID=38
[DEBUG-FIELD] objType resolved to entry.Kind=1 structType=93 NameID=37 genericArgs=[type]
[DEBUG-FIELD] struct fields count=1 genericParams=[61]
[DEBUG-FIELD]   checking field NameID=38 field.TypeID=61
[DEBUG-FIELD]   found field fieldType=61 resultType=74
[DEBUG] Inference NodeUnaryExpr: op=4 operandType=74
[DEBUG] Inference NodeUnaryExpr resultType=233
[DEBUG] Inference NodeGenericType (User-Defined Generic Template Ref): base='Mutex' typeArgs=[type] instTypeID=176
[DEBUG-INDEX] Instantiating generic collection: collectionName=Mutex typeArgs=[type] (hasGenericParam=true)
[DEBUG-INDEX] Instantiating generic collection: collectionName=atomic_new typeArgs=[bool] (hasGenericParam=false)
[DEBUG] Inference NodeGenericType (User-Defined): base='Atomic' typeArgs=[bool] instTypeID=104
[DEBUG] Inference NodeGenericType (User-Defined): base='Atomic' typeArgs=[bool] instTypeID=104
[DEBUG-INDEX] Instantiating generic collection: collectionName=Atomic typeArgs=[bool] (hasGenericParam=false)
[DEBUG] Inference NodeGenericType (User-Defined Generic Template Ref): base='MutexGuard' typeArgs=[type] instTypeID=180
[DEBUG-FIELD] FieldExpr nodeIdx=739 objType=179 fieldNameID=40
[DEBUG-FIELD] objType resolved to entry.Kind=1 structType=94 NameID=39 genericArgs=[type]
[DEBUG-FIELD] struct fields count=2 genericParams=[62]
[DEBUG-FIELD]   checking field NameID=38 field.TypeID=62
[DEBUG-FIELD]   checking field NameID=40 field.TypeID=104
[DEBUG-FIELD]   found field fieldType=104 resultType=104
[DEBUG-FIELD] FieldExpr nodeIdx=741 objType=104 fieldNameID=63
[DEBUG-FIELD] objType resolved to entry.Kind=1 structType=104 NameID=153 genericArgs=[]
[DEBUG-FIELD] struct fields count=1 genericParams=[]
[DEBUG-FIELD]   checking field NameID=38 field.TypeID=11
[DEBUG] getMethodsOfStruct called for struct 104
  [DEBUG] SymFunc idx=38 NameID=9 TypeID=115
  [DEBUG] SymFunc idx=42 NameID=12 TypeID=117
  [DEBUG] SymFunc idx=45 NameID=13 TypeID=119
  [DEBUG] SymFunc idx=50 NameID=16 TypeID=121
  [DEBUG] SymFunc idx=56 NameID=18 TypeID=123
  [DEBUG] SymFunc idx=62 NameID=21 TypeID=126
  [DEBUG] SymFunc idx=69 NameID=24 TypeID=129
  [DEBUG] SymFunc idx=76 NameID=25 TypeID=132
  [DEBUG] SymFunc idx=83 NameID=27 TypeID=134
  [DEBUG] SymFunc idx=89 NameID=29 TypeID=136
  [DEBUG] SymFunc idx=94 NameID=31 TypeID=138
  [DEBUG] SymFunc idx=98 NameID=32 TypeID=140
  [DEBUG] SymFunc idx=102 NameID=13 TypeID=142
  [DEBUG] SymFunc idx=107 NameID=16 TypeID=144
  [DEBUG] SymFunc idx=113 NameID=18 TypeID=146
  [DEBUG] SymFunc idx=119 NameID=21 TypeID=149
  [DEBUG] SymFunc idx=127 NameID=34 TypeID=152
  [DEBUG] SymFunc idx=135 NameID=24 TypeID=155
  [DEBUG] SymFunc idx=143 NameID=36 TypeID=158
  [DEBUG] SymFunc idx=148 NameID=26 TypeID=161
  [DEBUG] SymFunc idx=184 NameID=58 TypeID=163
  [DEBUG] SymFunc idx=187 NameID=59 TypeID=166
  [DEBUG] SymFunc idx=190 NameID=61 TypeID=169
  [DEBUG] SymFunc idx=194 NameID=62 TypeID=172
  [DEBUG] SymFunc idx=198 NameID=63 TypeID=175
  [DEBUG] SymFunc idx=203 NameID=66 TypeID=177
  [DEBUG] SymFunc idx=206 NameID=49 TypeID=181
  [DEBUG] SymFunc idx=210 NameID=68 TypeID=186
  [DEBUG] SymFunc idx=213 NameID=69 TypeID=188
  [DEBUG] SymFunc idx=216 NameID=70 TypeID=190
  [DEBUG] SymFunc idx=220 NameID=71 TypeID=192
  [DEBUG] SymFunc idx=223 NameID=72 TypeID=194
  [DEBUG] SymFunc idx=226 NameID=73 TypeID=198
  [DEBUG] SymFunc idx=230 NameID=74 TypeID=202
  [DEBUG] SymFunc idx=235 NameID=69 TypeID=204
  [DEBUG] SymFunc idx=238 NameID=71 TypeID=206
  [DEBUG] SymFunc idx=242 NameID=69 TypeID=208
  [DEBUG] SymFunc idx=245 NameID=70 TypeID=210
  [DEBUG] SymFunc idx=249 NameID=71 TypeID=212
  [DEBUG] SymFunc idx=252 NameID=76 TypeID=214
  [DEBUG] SymFunc idx=254 NameID=77 TypeID=217
  [DEBUG] SymFunc idx=258 NameID=79 TypeID=220
  [DEBUG] SymFunc idx=261 NameID=80 TypeID=223
  [DEBUG] SymFunc idx=264 NameID=81 TypeID=224
  [DEBUG] SymFunc idx=266 NameID=83 TypeID=225
  [DEBUG] SymFunc idx=269 NameID=86 TypeID=226
  [DEBUG] SymFunc idx=274 NameID=92 TypeID=227
  [DEBUG] SymFunc idx=279 NameID=97 TypeID=228
  [DEBUG] SymFunc idx=284 NameID=102 TypeID=229
  [DEBUG] SymFunc idx=292 NameID=156 TypeID=234
[DEBUG-OVERLOAD] methodName=compare_and_swap baseName=Atomic recParam=173 kind=8 nameID=37 recStructName=Atomic
[DEBUG] Instantiating generic method template: compare_and_swap for typeArgs [bool]. structName=_AX_std_Atomic_bool
[DEBUG] Inference NodeGenericType (User-Defined): base='Atomic' typeArgs=[bool] instTypeID=104
[DEBUG] Inference NodeGenericType: base='ptr' argNodeIdx=1434 innerTypeID=104 resultType=235
[DEBUG-FIELD] FieldExpr nodeIdx=1448 objType=235 fieldNameID=38
[DEBUG-FIELD] objType resolved to entry.Kind=1 structType=104 NameID=153 genericArgs=[]
[DEBUG-FIELD] struct fields count=1 genericParams=[]
[DEBUG-FIELD]   checking field NameID=38 field.TypeID=11
[DEBUG-FIELD]   found field fieldType=11 resultType=11
[DEBUG] Inference NodeUnaryExpr: op=4 operandType=11
[DEBUG] Inference NodeUnaryExpr resultType=237
[DEBUG] Instantiated method compare_and_swap: instSymIdx=294, errs=[]
[DEBUG] getMethodsOfStruct called for struct 104
  [DEBUG] SymFunc idx=38 NameID=9 TypeID=115
  [DEBUG] SymFunc idx=42 NameID=12 TypeID=117
  [DEBUG] SymFunc idx=45 NameID=13 TypeID=119
  [DEBUG] SymFunc idx=50 NameID=16 TypeID=121
  [DEBUG] SymFunc idx=56 NameID=18 TypeID=123
  [DEBUG] SymFunc idx=62 NameID=21 TypeID=126
  [DEBUG] SymFunc idx=69 NameID=24 TypeID=129
  [DEBUG] SymFunc idx=76 NameID=25 TypeID=132
  [DEBUG] SymFunc idx=83 NameID=27 TypeID=134
  [DEBUG] SymFunc idx=89 NameID=29 TypeID=136
  [DEBUG] SymFunc idx=94 NameID=31 TypeID=138
  [DEBUG] SymFunc idx=98 NameID=32 TypeID=140
  [DEBUG] SymFunc idx=102 NameID=13 TypeID=142
  [DEBUG] SymFunc idx=107 NameID=16 TypeID=144
  [DEBUG] SymFunc idx=113 NameID=18 TypeID=146
  [DEBUG] SymFunc idx=119 NameID=21 TypeID=149
  [DEBUG] SymFunc idx=127 NameID=34 TypeID=152
  [DEBUG] SymFunc idx=135 NameID=24 TypeID=155
  [DEBUG] SymFunc idx=143 NameID=36 TypeID=158
  [DEBUG] SymFunc idx=148 NameID=26 TypeID=161
  [DEBUG] SymFunc idx=184 NameID=58 TypeID=163
  [DEBUG] SymFunc idx=187 NameID=59 TypeID=166
  [DEBUG] SymFunc idx=190 NameID=61 TypeID=169
  [DEBUG] SymFunc idx=194 NameID=62 TypeID=172
  [DEBUG] SymFunc idx=198 NameID=63 TypeID=175
  [DEBUG] SymFunc idx=203 NameID=66 TypeID=177
  [DEBUG] SymFunc idx=206 NameID=49 TypeID=181
  [DEBUG] SymFunc idx=210 NameID=68 TypeID=186
  [DEBUG] SymFunc idx=213 NameID=69 TypeID=188
  [DEBUG] SymFunc idx=216 NameID=70 TypeID=190
  [DEBUG] SymFunc idx=220 NameID=71 TypeID=192
  [DEBUG] SymFunc idx=223 NameID=72 TypeID=194
  [DEBUG] SymFunc idx=226 NameID=73 TypeID=198
  [DEBUG] SymFunc idx=230 NameID=74 TypeID=202
  [DEBUG] SymFunc idx=235 NameID=69 TypeID=204
  [DEBUG] SymFunc idx=238 NameID=71 TypeID=206
  [DEBUG] SymFunc idx=242 NameID=69 TypeID=208
  [DEBUG] SymFunc idx=245 NameID=70 TypeID=210
  [DEBUG] SymFunc idx=249 NameID=71 TypeID=212
  [DEBUG] SymFunc idx=252 NameID=76 TypeID=214
  [DEBUG] SymFunc idx=254 NameID=77 TypeID=217
  [DEBUG] SymFunc idx=258 NameID=79 TypeID=220
  [DEBUG] SymFunc idx=261 NameID=80 TypeID=223
  [DEBUG] SymFunc idx=264 NameID=81 TypeID=224
  [DEBUG] SymFunc idx=266 NameID=83 TypeID=225
  [DEBUG] SymFunc idx=269 NameID=86 TypeID=226
  [DEBUG] SymFunc idx=274 NameID=92 TypeID=227
  [DEBUG] SymFunc idx=279 NameID=97 TypeID=228
  [DEBUG] SymFunc idx=284 NameID=102 TypeID=229
  [DEBUG] SymFunc idx=292 NameID=156 TypeID=234
  [DEBUG] SymFunc idx=294 NameID=157 TypeID=236
[DEBUG] Inference NodeUnaryExpr: op=2 operandType=11
[DEBUG] Inference NodeUnaryExpr resultType=11
[DEBUG-INDEX] Instantiating generic collection: collectionName=MutexGuard typeArgs=[type] (hasGenericParam=true)
[DEBUG] Inference NodeGenericType (User-Defined Generic Template Ref): base='MutexGuard' typeArgs=[type] instTypeID=184
[DEBUG] Inference NodeGenericType (User-Defined Generic Template Ref): base='Option' typeArgs=[type] instTypeID=185
[DEBUG-FIELD] FieldExpr nodeIdx=773 objType=183 fieldNameID=40
[DEBUG-FIELD] objType resolved to entry.Kind=1 structType=94 NameID=39 genericArgs=[type]
[DEBUG-FIELD] struct fields count=2 genericParams=[62]
[DEBUG-FIELD]   checking field NameID=38 field.TypeID=62
[DEBUG-FIELD]   checking field NameID=40 field.TypeID=104
[DEBUG-FIELD]   found field fieldType=104 resultType=104
[DEBUG-FIELD] FieldExpr nodeIdx=775 objType=104 fieldNameID=63
[DEBUG-FIELD] objType resolved to entry.Kind=1 structType=104 NameID=153 genericArgs=[]
[DEBUG-FIELD] struct fields count=1 genericParams=[]
[DEBUG-FIELD]   checking field NameID=38 field.TypeID=11
[DEBUG-INDEX] Instantiating generic collection: collectionName=MutexGuard typeArgs=[type] (hasGenericParam=true)
[DEBUG-FIELD] FieldExpr nodeIdx=805 objType=187 fieldNameID=42
[DEBUG-FIELD] objType resolved to entry.Kind=1 structType=95 NameID=41 genericArgs=[type]
[DEBUG-FIELD] struct fields count=1 genericParams=[63]
[DEBUG-FIELD]   checking field NameID=42 field.TypeID=106
[DEBUG-FIELD]   found field fieldType=106 resultType=241
[DEBUG-FIELD] FieldExpr nodeIdx=807 objType=241 fieldNameID=38
[DEBUG-FIELD] objType resolved to entry.Kind=1 structType=94 NameID=39 genericArgs=[type]
[DEBUG-FIELD] struct fields count=2 genericParams=[62]
[DEBUG-FIELD]   checking field NameID=38 field.TypeID=62
[DEBUG-FIELD]   found field fieldType=62 resultType=78
[DEBUG-FIELD] FieldExpr nodeIdx=820 objType=189 fieldNameID=42
[DEBUG-FIELD] objType resolved to entry.Kind=1 structType=95 NameID=41 genericArgs=[type]
[DEBUG-FIELD] struct fields count=1 genericParams=[63]
[DEBUG-FIELD]   checking field NameID=42 field.TypeID=106
[DEBUG-FIELD]   found field fieldType=106 resultType=243
[DEBUG-FIELD] FieldExpr nodeIdx=822 objType=243 fieldNameID=38
[DEBUG-FIELD] objType resolved to entry.Kind=1 structType=94 NameID=39 genericArgs=[type]
[DEBUG-FIELD] struct fields count=2 genericParams=[62]
[DEBUG-FIELD]   checking field NameID=38 field.TypeID=62
[DEBUG-FIELD]   found field fieldType=62 resultType=79
[DEBUG-FIELD] FieldExpr nodeIdx=835 objType=191 fieldNameID=42
[DEBUG-FIELD] objType resolved to entry.Kind=1 structType=95 NameID=41 genericArgs=[type]
[DEBUG-FIELD] struct fields count=1 genericParams=[63]
[DEBUG-FIELD]   checking field NameID=42 field.TypeID=106
[DEBUG-FIELD]   found field fieldType=106 resultType=245
[DEBUG-FIELD] FieldExpr nodeIdx=837 objType=245 fieldNameID=40
[DEBUG-FIELD] objType resolved to entry.Kind=1 structType=94 NameID=39 genericArgs=[type]
[DEBUG-FIELD] struct fields count=2 genericParams=[62]
[DEBUG-FIELD]   checking field NameID=38 field.TypeID=62
[DEBUG-FIELD]   checking field NameID=40 field.TypeID=104
[DEBUG-FIELD]   found field fieldType=104 resultType=104
[DEBUG-FIELD] FieldExpr nodeIdx=839 objType=104 fieldNameID=61
[DEBUG-FIELD] objType resolved to entry.Kind=1 structType=104 NameID=153 genericArgs=[]
[DEBUG-FIELD] struct fields count=1 genericParams=[]
[DEBUG-FIELD]   checking field NameID=38 field.TypeID=11
[DEBUG-OVERLOAD] methodName=store baseName=Atomic recParam=167 kind=8 nameID=37 recStructName=Atomic
[DEBUG] Instantiating generic method template: store for typeArgs [bool]. structName=_AX_std_Atomic_bool
[DEBUG] Inference NodeGenericType (User-Defined): base='Atomic' typeArgs=[bool] instTypeID=104
[DEBUG] Inference NodeGenericType: base='ptr' argNodeIdx=1459 innerTypeID=104 resultType=235
[DEBUG-FIELD] FieldExpr nodeIdx=1469 objType=235 fieldNameID=38
[DEBUG-FIELD] objType resolved to entry.Kind=1 structType=104 NameID=153 genericArgs=[]
[DEBUG-FIELD] struct fields count=1 genericParams=[]
[DEBUG-FIELD]   checking field NameID=38 field.TypeID=11
[DEBUG-FIELD]   found field fieldType=11 resultType=11
[DEBUG] Inference NodeUnaryExpr: op=4 operandType=11
[DEBUG] Inference NodeUnaryExpr resultType=237
[DEBUG] Instantiated method store: instSymIdx=298, errs=[]
[DEBUG] getMethodsOfStruct called for struct 104
  [DEBUG] SymFunc idx=38 NameID=9 TypeID=115
  [DEBUG] SymFunc idx=42 NameID=12 TypeID=117
  [DEBUG] SymFunc idx=45 NameID=13 TypeID=119
  [DEBUG] SymFunc idx=50 NameID=16 TypeID=121
  [DEBUG] SymFunc idx=56 NameID=18 TypeID=123
  [DEBUG] SymFunc idx=62 NameID=21 TypeID=126
  [DEBUG] SymFunc idx=69 NameID=24 TypeID=129
  [DEBUG] SymFunc idx=76 NameID=25 TypeID=132
  [DEBUG] SymFunc idx=83 NameID=27 TypeID=134
  [DEBUG] SymFunc idx=89 NameID=29 TypeID=136
  [DEBUG] SymFunc idx=94 NameID=31 TypeID=138
  [DEBUG] SymFunc idx=98 NameID=32 TypeID=140
  [DEBUG] SymFunc idx=102 NameID=13 TypeID=142
  [DEBUG] SymFunc idx=107 NameID=16 TypeID=144
  [DEBUG] SymFunc idx=113 NameID=18 TypeID=146
  [DEBUG] SymFunc idx=119 NameID=21 TypeID=149
  [DEBUG] SymFunc idx=127 NameID=34 TypeID=152
  [DEBUG] SymFunc idx=135 NameID=24 TypeID=155
  [DEBUG] SymFunc idx=143 NameID=36 TypeID=158
  [DEBUG] SymFunc idx=148 NameID=26 TypeID=161
  [DEBUG] SymFunc idx=184 NameID=58 TypeID=163
  [DEBUG] SymFunc idx=187 NameID=59 TypeID=166
  [DEBUG] SymFunc idx=190 NameID=61 TypeID=169
  [DEBUG] SymFunc idx=194 NameID=62 TypeID=172
  [DEBUG] SymFunc idx=198 NameID=63 TypeID=175
  [DEBUG] SymFunc idx=203 NameID=66 TypeID=177
  [DEBUG] SymFunc idx=206 NameID=49 TypeID=181
  [DEBUG] SymFunc idx=210 NameID=68 TypeID=186
  [DEBUG] SymFunc idx=213 NameID=69 TypeID=188
  [DEBUG] SymFunc idx=216 NameID=70 TypeID=190
  [DEBUG] SymFunc idx=220 NameID=71 TypeID=192
  [DEBUG] SymFunc idx=223 NameID=72 TypeID=194
  [DEBUG] SymFunc idx=226 NameID=73 TypeID=198
  [DEBUG] SymFunc idx=230 NameID=74 TypeID=202
  [DEBUG] SymFunc idx=235 NameID=69 TypeID=204
  [DEBUG] SymFunc idx=238 NameID=71 TypeID=206
  [DEBUG] SymFunc idx=242 NameID=69 TypeID=208
  [DEBUG] SymFunc idx=245 NameID=70 TypeID=210
  [DEBUG] SymFunc idx=249 NameID=71 TypeID=212
  [DEBUG] SymFunc idx=252 NameID=76 TypeID=214
  [DEBUG] SymFunc idx=254 NameID=77 TypeID=217
  [DEBUG] SymFunc idx=258 NameID=79 TypeID=220
  [DEBUG] SymFunc idx=261 NameID=80 TypeID=223
  [DEBUG] SymFunc idx=264 NameID=81 TypeID=224
  [DEBUG] SymFunc idx=266 NameID=83 TypeID=225
  [DEBUG] SymFunc idx=269 NameID=86 TypeID=226
  [DEBUG] SymFunc idx=274 NameID=92 TypeID=227
  [DEBUG] SymFunc idx=279 NameID=97 TypeID=228
  [DEBUG] SymFunc idx=284 NameID=102 TypeID=229
  [DEBUG] SymFunc idx=292 NameID=156 TypeID=234
  [DEBUG] SymFunc idx=294 NameID=157 TypeID=236
  [DEBUG] SymFunc idx=298 NameID=158 TypeID=246
[DEBUG] Inference NodeGenericType (User-Defined Generic Template Ref): base='RwLock' typeArgs=[type] instTypeID=193
[DEBUG-INDEX] Instantiating generic collection: collectionName=RwLock typeArgs=[type] (hasGenericParam=true)
[DEBUG-INDEX] Instantiating generic collection: collectionName=atomic_new typeArgs=[i32] (hasGenericParam=false)
[DEBUG] Inference NodeGenericType (User-Defined): base='Atomic' typeArgs=[i32] instTypeID=107
[DEBUG] Inference NodeGenericType (User-Defined): base='Atomic' typeArgs=[i32] instTypeID=107
[DEBUG-INDEX] Instantiating generic collection: collectionName=Atomic typeArgs=[i32] (hasGenericParam=false)
[DEBUG-INDEX] Instantiating generic collection: collectionName=atomic_new typeArgs=[bool] (hasGenericParam=false)
[DEBUG] Inference NodeGenericType (User-Defined Generic Template Ref): base='ReadGuard' typeArgs=[type] instTypeID=197
[DEBUG-FIELD] FieldExpr nodeIdx=886 objType=196 fieldNameID=47
[DEBUG-FIELD] objType resolved to entry.Kind=1 structType=96 NameID=44 genericArgs=[type]
[DEBUG-FIELD] struct fields count=3 genericParams=[64]
[DEBUG-FIELD]   checking field NameID=38 field.TypeID=64
[DEBUG-FIELD]   checking field NameID=45 field.TypeID=107
[DEBUG-FIELD]   checking field NameID=47 field.TypeID=104
[DEBUG-FIELD]   found field fieldType=104 resultType=104
[DEBUG-FIELD] FieldExpr nodeIdx=888 objType=104 fieldNameID=59
[DEBUG-FIELD] objType resolved to entry.Kind=1 structType=104 NameID=153 genericArgs=[]
[DEBUG-FIELD] struct fields count=1 genericParams=[]
[DEBUG-FIELD]   checking field NameID=38 field.TypeID=11
[DEBUG-OVERLOAD] methodName=load baseName=Atomic recParam=164 kind=8 nameID=37 recStructName=Atomic
[DEBUG] Instantiating generic method template: load for typeArgs [bool]. structName=_AX_std_Atomic_bool
[DEBUG] Inference NodeGenericType (User-Defined): base='Atomic' typeArgs=[bool] instTypeID=104
[DEBUG] Inference NodeGenericType: base='ptr' argNodeIdx=1495 innerTypeID=104 resultType=235
[DEBUG-FIELD] FieldExpr nodeIdx=1505 objType=235 fieldNameID=38
[DEBUG-FIELD] objType resolved to entry.Kind=1 structType=104 NameID=153 genericArgs=[]
[DEBUG-FIELD] struct fields count=1 genericParams=[]
[DEBUG-FIELD]   checking field NameID=38 field.TypeID=11
[DEBUG-FIELD]   found field fieldType=11 resultType=11
[DEBUG] Inference NodeUnaryExpr: op=4 operandType=11
[DEBUG] Inference NodeUnaryExpr resultType=237
[DEBUG] Instantiated method load: instSymIdx=303, errs=[]
[DEBUG] getMethodsOfStruct called for struct 104
  [DEBUG] SymFunc idx=38 NameID=9 TypeID=115
  [DEBUG] SymFunc idx=42 NameID=12 TypeID=117
  [DEBUG] SymFunc idx=45 NameID=13 TypeID=119
  [DEBUG] SymFunc idx=50 NameID=16 TypeID=121
  [DEBUG] SymFunc idx=56 NameID=18 TypeID=123
  [DEBUG] SymFunc idx=62 NameID=21 TypeID=126
  [DEBUG] SymFunc idx=69 NameID=24 TypeID=129
  [DEBUG] SymFunc idx=76 NameID=25 TypeID=132
  [DEBUG] SymFunc idx=83 NameID=27 TypeID=134
  [DEBUG] SymFunc idx=89 NameID=29 TypeID=136
  [DEBUG] SymFunc idx=94 NameID=31 TypeID=138
  [DEBUG] SymFunc idx=98 NameID=32 TypeID=140
  [DEBUG] SymFunc idx=102 NameID=13 TypeID=142
  [DEBUG] SymFunc idx=107 NameID=16 TypeID=144
  [DEBUG] SymFunc idx=113 NameID=18 TypeID=146
  [DEBUG] SymFunc idx=119 NameID=21 TypeID=149
  [DEBUG] SymFunc idx=127 NameID=34 TypeID=152
  [DEBUG] SymFunc idx=135 NameID=24 TypeID=155
  [DEBUG] SymFunc idx=143 NameID=36 TypeID=158
  [DEBUG] SymFunc idx=148 NameID=26 TypeID=161
  [DEBUG] SymFunc idx=184 NameID=58 TypeID=163
  [DEBUG] SymFunc idx=187 NameID=59 TypeID=166
  [DEBUG] SymFunc idx=190 NameID=61 TypeID=169
  [DEBUG] SymFunc idx=194 NameID=62 TypeID=172
  [DEBUG] SymFunc idx=198 NameID=63 TypeID=175
  [DEBUG] SymFunc idx=203 NameID=66 TypeID=177
  [DEBUG] SymFunc idx=206 NameID=49 TypeID=181
  [DEBUG] SymFunc idx=210 NameID=68 TypeID=186
  [DEBUG] SymFunc idx=213 NameID=69 TypeID=188
  [DEBUG] SymFunc idx=216 NameID=70 TypeID=190
  [DEBUG] SymFunc idx=220 NameID=71 TypeID=192
  [DEBUG] SymFunc idx=223 NameID=72 TypeID=194
  [DEBUG] SymFunc idx=226 NameID=73 TypeID=198
  [DEBUG] SymFunc idx=230 NameID=74 TypeID=202
  [DEBUG] SymFunc idx=235 NameID=69 TypeID=204
  [DEBUG] SymFunc idx=238 NameID=71 TypeID=206
  [DEBUG] SymFunc idx=242 NameID=69 TypeID=208
  [DEBUG] SymFunc idx=245 NameID=70 TypeID=210
  [DEBUG] SymFunc idx=249 NameID=71 TypeID=212
  [DEBUG] SymFunc idx=252 NameID=76 TypeID=214
  [DEBUG] SymFunc idx=254 NameID=77 TypeID=217
  [DEBUG] SymFunc idx=258 NameID=79 TypeID=220
  [DEBUG] SymFunc idx=261 NameID=80 TypeID=223
  [DEBUG] SymFunc idx=264 NameID=81 TypeID=224
  [DEBUG] SymFunc idx=266 NameID=83 TypeID=225
  [DEBUG] SymFunc idx=269 NameID=86 TypeID=226
  [DEBUG] SymFunc idx=274 NameID=92 TypeID=227
  [DEBUG] SymFunc idx=279 NameID=97 TypeID=228
  [DEBUG] SymFunc idx=284 NameID=102 TypeID=229
  [DEBUG] SymFunc idx=292 NameID=156 TypeID=234
  [DEBUG] SymFunc idx=294 NameID=157 TypeID=236
  [DEBUG] SymFunc idx=298 NameID=158 TypeID=246
  [DEBUG] SymFunc idx=301 NameID=159 TypeID=248
  [DEBUG] SymFunc idx=303 NameID=160 TypeID=249
[DEBUG-FIELD] FieldExpr nodeIdx=895 objType=196 fieldNameID=45
[DEBUG-FIELD] objType resolved to entry.Kind=1 structType=96 NameID=44 genericArgs=[type]
[DEBUG-FIELD] struct fields count=3 genericParams=[64]
[DEBUG-FIELD]   checking field NameID=38 field.TypeID=64
[DEBUG-FIELD]   checking field NameID=45 field.TypeID=107
[DEBUG-FIELD]   found field fieldType=107 resultType=107
[DEBUG-FIELD] FieldExpr nodeIdx=897 objType=107 fieldNameID=61
[DEBUG-FIELD] objType resolved to entry.Kind=1 structType=107 NameID=154 genericArgs=[]
[DEBUG-FIELD] struct fields count=1 genericParams=[]
[DEBUG-FIELD]   checking field NameID=38 field.TypeID=3
[DEBUG] getMethodsOfStruct called for struct 107
  [DEBUG] SymFunc idx=38 NameID=9 TypeID=115
  [DEBUG] SymFunc idx=42 NameID=12 TypeID=117
  [DEBUG] SymFunc idx=45 NameID=13 TypeID=119
  [DEBUG] SymFunc idx=50 NameID=16 TypeID=121
  [DEBUG] SymFunc idx=56 NameID=18 TypeID=123
  [DEBUG] SymFunc idx=62 NameID=21 TypeID=126
  [DEBUG] SymFunc idx=69 NameID=24 TypeID=129
  [DEBUG] SymFunc idx=76 NameID=25 TypeID=132
  [DEBUG] SymFunc idx=83 NameID=27 TypeID=134
  [DEBUG] SymFunc idx=89 NameID=29 TypeID=136
  [DEBUG] SymFunc idx=94 NameID=31 TypeID=138
  [DEBUG] SymFunc idx=98 NameID=32 TypeID=140
  [DEBUG] SymFunc idx=102 NameID=13 TypeID=142
  [DEBUG] SymFunc idx=107 NameID=16 TypeID=144
  [DEBUG] SymFunc idx=113 NameID=18 TypeID=146
  [DEBUG] SymFunc idx=119 NameID=21 TypeID=149
  [DEBUG] SymFunc idx=127 NameID=34 TypeID=152
  [DEBUG] SymFunc idx=135 NameID=24 TypeID=155
  [DEBUG] SymFunc idx=143 NameID=36 TypeID=158
  [DEBUG] SymFunc idx=148 NameID=26 TypeID=161
  [DEBUG] SymFunc idx=184 NameID=58 TypeID=163
  [DEBUG] SymFunc idx=187 NameID=59 TypeID=166
  [DEBUG] SymFunc idx=190 NameID=61 TypeID=169
  [DEBUG] SymFunc idx=194 NameID=62 TypeID=172
  [DEBUG] SymFunc idx=198 NameID=63 TypeID=175
  [DEBUG] SymFunc idx=203 NameID=66 TypeID=177
  [DEBUG] SymFunc idx=206 NameID=49 TypeID=181
  [DEBUG] SymFunc idx=210 NameID=68 TypeID=186
  [DEBUG] SymFunc idx=213 NameID=69 TypeID=188
  [DEBUG] SymFunc idx=216 NameID=70 TypeID=190
  [DEBUG] SymFunc idx=220 NameID=71 TypeID=192
  [DEBUG] SymFunc idx=223 NameID=72 TypeID=194
  [DEBUG] SymFunc idx=226 NameID=73 TypeID=198
  [DEBUG] SymFunc idx=230 NameID=74 TypeID=202
  [DEBUG] SymFunc idx=235 NameID=69 TypeID=204
  [DEBUG] SymFunc idx=238 NameID=71 TypeID=206
  [DEBUG] SymFunc idx=242 NameID=69 TypeID=208
  [DEBUG] SymFunc idx=245 NameID=70 TypeID=210
  [DEBUG] SymFunc idx=249 NameID=71 TypeID=212
  [DEBUG] SymFunc idx=252 NameID=76 TypeID=214
  [DEBUG] SymFunc idx=254 NameID=77 TypeID=217
  [DEBUG] SymFunc idx=258 NameID=79 TypeID=220
  [DEBUG] SymFunc idx=261 NameID=80 TypeID=223
  [DEBUG] SymFunc idx=264 NameID=81 TypeID=224
  [DEBUG] SymFunc idx=266 NameID=83 TypeID=225
  [DEBUG] SymFunc idx=269 NameID=86 TypeID=226
  [DEBUG] SymFunc idx=274 NameID=92 TypeID=227
  [DEBUG] SymFunc idx=279 NameID=97 TypeID=228
  [DEBUG] SymFunc idx=284 NameID=102 TypeID=229
  [DEBUG] SymFunc idx=292 NameID=156 TypeID=234
  [DEBUG] SymFunc idx=294 NameID=157 TypeID=236
  [DEBUG] SymFunc idx=298 NameID=158 TypeID=246
  [DEBUG] SymFunc idx=301 NameID=159 TypeID=248
  [DEBUG] SymFunc idx=303 NameID=160 TypeID=249
[DEBUG-OVERLOAD] methodName=store baseName=Atomic recParam=167 kind=8 nameID=37 recStructName=Atomic
[DEBUG] Instantiating generic method template: store for typeArgs [i32]. structName=_AX_std_Atomic_i32
[DEBUG] Inference NodeGenericType (User-Defined): base='Atomic' typeArgs=[i32] instTypeID=107
[DEBUG] Inference NodeGenericType: base='ptr' argNodeIdx=1514 innerTypeID=107 resultType=251
[DEBUG-FIELD] FieldExpr nodeIdx=1524 objType=251 fieldNameID=38
[DEBUG-FIELD] objType resolved to entry.Kind=1 structType=107 NameID=154 genericArgs=[]
[DEBUG-FIELD] struct fields count=1 genericParams=[]
[DEBUG-FIELD]   checking field NameID=38 field.TypeID=3
[DEBUG-FIELD]   found field fieldType=3 resultType=3
[DEBUG] Inference NodeUnaryExpr: op=4 operandType=3
[DEBUG] Inference NodeUnaryExpr resultType=253
[DEBUG] Instantiated method store: instSymIdx=305, errs=[]
[DEBUG] getMethodsOfStruct called for struct 107
  [DEBUG] SymFunc idx=38 NameID=9 TypeID=115
  [DEBUG] SymFunc idx=42 NameID=12 TypeID=117
  [DEBUG] SymFunc idx=45 NameID=13 TypeID=119
  [DEBUG] SymFunc idx=50 NameID=16 TypeID=121
  [DEBUG] SymFunc idx=56 NameID=18 TypeID=123
  [DEBUG] SymFunc idx=62 NameID=21 TypeID=126
  [DEBUG] SymFunc idx=69 NameID=24 TypeID=129
  [DEBUG] SymFunc idx=76 NameID=25 TypeID=132
  [DEBUG] SymFunc idx=83 NameID=27 TypeID=134
  [DEBUG] SymFunc idx=89 NameID=29 TypeID=136
  [DEBUG] SymFunc idx=94 NameID=31 TypeID=138
  [DEBUG] SymFunc idx=98 NameID=32 TypeID=140
  [DEBUG] SymFunc idx=102 NameID=13 TypeID=142
  [DEBUG] SymFunc idx=107 NameID=16 TypeID=144
  [DEBUG] SymFunc idx=113 NameID=18 TypeID=146
  [DEBUG] SymFunc idx=119 NameID=21 TypeID=149
  [DEBUG] SymFunc idx=127 NameID=34 TypeID=152
  [DEBUG] SymFunc idx=135 NameID=24 TypeID=155
  [DEBUG] SymFunc idx=143 NameID=36 TypeID=158
  [DEBUG] SymFunc idx=148 NameID=26 TypeID=161
  [DEBUG] SymFunc idx=184 NameID=58 TypeID=163
  [DEBUG] SymFunc idx=187 NameID=59 TypeID=166
  [DEBUG] SymFunc idx=190 NameID=61 TypeID=169
  [DEBUG] SymFunc idx=194 NameID=62 TypeID=172
  [DEBUG] SymFunc idx=198 NameID=63 TypeID=175
  [DEBUG] SymFunc idx=203 NameID=66 TypeID=177
  [DEBUG] SymFunc idx=206 NameID=49 TypeID=181
  [DEBUG] SymFunc idx=210 NameID=68 TypeID=186
  [DEBUG] SymFunc idx=213 NameID=69 TypeID=188
  [DEBUG] SymFunc idx=216 NameID=70 TypeID=190
  [DEBUG] SymFunc idx=220 NameID=71 TypeID=192
  [DEBUG] SymFunc idx=223 NameID=72 TypeID=194
  [DEBUG] SymFunc idx=226 NameID=73 TypeID=198
  [DEBUG] SymFunc idx=230 NameID=74 TypeID=202
  [DEBUG] SymFunc idx=235 NameID=69 TypeID=204
  [DEBUG] SymFunc idx=238 NameID=71 TypeID=206
  [DEBUG] SymFunc idx=242 NameID=69 TypeID=208
  [DEBUG] SymFunc idx=245 NameID=70 TypeID=210
  [DEBUG] SymFunc idx=249 NameID=71 TypeID=212
  [DEBUG] SymFunc idx=252 NameID=76 TypeID=214
  [DEBUG] SymFunc idx=254 NameID=77 TypeID=217
  [DEBUG] SymFunc idx=258 NameID=79 TypeID=220
  [DEBUG] SymFunc idx=261 NameID=80 TypeID=223
  [DEBUG] SymFunc idx=264 NameID=81 TypeID=224
  [DEBUG] SymFunc idx=266 NameID=83 TypeID=225
  [DEBUG] SymFunc idx=269 NameID=86 TypeID=226
  [DEBUG] SymFunc idx=274 NameID=92 TypeID=227
  [DEBUG] SymFunc idx=279 NameID=97 TypeID=228
  [DEBUG] SymFunc idx=284 NameID=102 TypeID=229
  [DEBUG] SymFunc idx=292 NameID=156 TypeID=234
  [DEBUG] SymFunc idx=294 NameID=157 TypeID=236
  [DEBUG] SymFunc idx=298 NameID=158 TypeID=246
  [DEBUG] SymFunc idx=301 NameID=159 TypeID=248
  [DEBUG] SymFunc idx=303 NameID=160 TypeID=249
  [DEBUG] SymFunc idx=305 NameID=161 TypeID=252
[DEBUG-FIELD] FieldExpr nodeIdx=901 objType=196 fieldNameID=45
[DEBUG-FIELD] objType resolved to entry.Kind=1 structType=96 NameID=44 genericArgs=[type]
[DEBUG-FIELD] struct fields count=3 genericParams=[64]
[DEBUG-FIELD]   checking field NameID=38 field.TypeID=64
[DEBUG-FIELD]   checking field NameID=45 field.TypeID=107
[DEBUG-FIELD]   found field fieldType=107 resultType=107
[DEBUG-FIELD] FieldExpr nodeIdx=903 objType=107 fieldNameID=59
[DEBUG-FIELD] objType resolved to entry.Kind=1 structType=107 NameID=154 genericArgs=[]
[DEBUG-FIELD] struct fields count=1 genericParams=[]
[DEBUG-FIELD]   checking field NameID=38 field.TypeID=3
[DEBUG-OVERLOAD] methodName=load baseName=Atomic recParam=164 kind=8 nameID=37 recStructName=Atomic
[DEBUG] Instantiating generic method template: load for typeArgs [i32]. structName=_AX_std_Atomic_i32
[DEBUG] Inference NodeGenericType (User-Defined): base='Atomic' typeArgs=[i32] instTypeID=107
[DEBUG] Inference NodeGenericType: base='ptr' argNodeIdx=1534 innerTypeID=107 resultType=251
[DEBUG-FIELD] FieldExpr nodeIdx=1544 objType=251 fieldNameID=38
[DEBUG-FIELD] objType resolved to entry.Kind=1 structType=107 NameID=154 genericArgs=[]
[DEBUG-FIELD] struct fields count=1 genericParams=[]
[DEBUG-FIELD]   checking field NameID=38 field.TypeID=3
[DEBUG-FIELD]   found field fieldType=3 resultType=3
[DEBUG] Inference NodeUnaryExpr: op=4 operandType=3
[DEBUG] Inference NodeUnaryExpr resultType=253
[DEBUG] Instantiated method load: instSymIdx=308, errs=[]
[DEBUG] getMethodsOfStruct called for struct 107
  [DEBUG] SymFunc idx=38 NameID=9 TypeID=115
  [DEBUG] SymFunc idx=42 NameID=12 TypeID=117
  [DEBUG] SymFunc idx=45 NameID=13 TypeID=119
  [DEBUG] SymFunc idx=50 NameID=16 TypeID=121
  [DEBUG] SymFunc idx=56 NameID=18 TypeID=123
  [DEBUG] SymFunc idx=62 NameID=21 TypeID=126
  [DEBUG] SymFunc idx=69 NameID=24 TypeID=129
  [DEBUG] SymFunc idx=76 NameID=25 TypeID=132
  [DEBUG] SymFunc idx=83 NameID=27 TypeID=134
  [DEBUG] SymFunc idx=89 NameID=29 TypeID=136
  [DEBUG] SymFunc idx=94 NameID=31 TypeID=138
  [DEBUG] SymFunc idx=98 NameID=32 TypeID=140
  [DEBUG] SymFunc idx=102 NameID=13 TypeID=142
  [DEBUG] SymFunc idx=107 NameID=16 TypeID=144
  [DEBUG] SymFunc idx=113 NameID=18 TypeID=146
  [DEBUG] SymFunc idx=119 NameID=21 TypeID=149
  [DEBUG] SymFunc idx=127 NameID=34 TypeID=152
  [DEBUG] SymFunc idx=135 NameID=24 TypeID=155
  [DEBUG] SymFunc idx=143 NameID=36 TypeID=158
  [DEBUG] SymFunc idx=148 NameID=26 TypeID=161
  [DEBUG] SymFunc idx=184 NameID=58 TypeID=163
  [DEBUG] SymFunc idx=187 NameID=59 TypeID=166
  [DEBUG] SymFunc idx=190 NameID=61 TypeID=169
  [DEBUG] SymFunc idx=194 NameID=62 TypeID=172
  [DEBUG] SymFunc idx=198 NameID=63 TypeID=175
  [DEBUG] SymFunc idx=203 NameID=66 TypeID=177
  [DEBUG] SymFunc idx=206 NameID=49 TypeID=181
  [DEBUG] SymFunc idx=210 NameID=68 TypeID=186
  [DEBUG] SymFunc idx=213 NameID=69 TypeID=188
  [DEBUG] SymFunc idx=216 NameID=70 TypeID=190
  [DEBUG] SymFunc idx=220 NameID=71 TypeID=192
  [DEBUG] SymFunc idx=223 NameID=72 TypeID=194
  [DEBUG] SymFunc idx=226 NameID=73 TypeID=198
  [DEBUG] SymFunc idx=230 NameID=74 TypeID=202
  [DEBUG] SymFunc idx=235 NameID=69 TypeID=204
  [DEBUG] SymFunc idx=238 NameID=71 TypeID=206
  [DEBUG] SymFunc idx=242 NameID=69 TypeID=208
  [DEBUG] SymFunc idx=245 NameID=70 TypeID=210
  [DEBUG] SymFunc idx=249 NameID=71 TypeID=212
  [DEBUG] SymFunc idx=252 NameID=76 TypeID=214
  [DEBUG] SymFunc idx=254 NameID=77 TypeID=217
  [DEBUG] SymFunc idx=258 NameID=79 TypeID=220
  [DEBUG] SymFunc idx=261 NameID=80 TypeID=223
  [DEBUG] SymFunc idx=264 NameID=81 TypeID=224
  [DEBUG] SymFunc idx=266 NameID=83 TypeID=225
  [DEBUG] SymFunc idx=269 NameID=86 TypeID=226
  [DEBUG] SymFunc idx=274 NameID=92 TypeID=227
  [DEBUG] SymFunc idx=279 NameID=97 TypeID=228
  [DEBUG] SymFunc idx=284 NameID=102 TypeID=229
  [DEBUG] SymFunc idx=292 NameID=156 TypeID=234
  [DEBUG] SymFunc idx=294 NameID=157 TypeID=236
  [DEBUG] SymFunc idx=298 NameID=158 TypeID=246
  [DEBUG] SymFunc idx=301 NameID=159 TypeID=248
  [DEBUG] SymFunc idx=303 NameID=160 TypeID=249
  [DEBUG] SymFunc idx=305 NameID=161 TypeID=252
  [DEBUG] SymFunc idx=308 NameID=162 TypeID=255
[DEBUG-INDEX] Instantiating generic collection: collectionName=ReadGuard typeArgs=[type] (hasGenericParam=true)
[DEBUG] Inference NodeGenericType (User-Defined Generic Template Ref): base='WriteGuard' typeArgs=[type] instTypeID=201
[DEBUG-FIELD] FieldExpr nodeIdx=931 objType=200 fieldNameID=47
[DEBUG-FIELD] objType resolved to entry.Kind=1 structType=96 NameID=44 genericArgs=[type]
[DEBUG-FIELD] struct fields count=3 genericParams=[64]
[DEBUG-FIELD]   checking field NameID=38 field.TypeID=64
[DEBUG-FIELD]   checking field NameID=45 field.TypeID=107
[DEBUG-FIELD]   checking field NameID=47 field.TypeID=104
[DEBUG-FIELD]   found field fieldType=104 resultType=104
[DEBUG-FIELD] FieldExpr nodeIdx=933 objType=104 fieldNameID=63
[DEBUG-FIELD] objType resolved to entry.Kind=1 structType=104 NameID=153 genericArgs=[]
[DEBUG-FIELD] struct fields count=1 genericParams=[]
[DEBUG-FIELD]   checking field NameID=38 field.TypeID=11
[DEBUG] getMethodsOfStruct called for struct 104
  [DEBUG] SymFunc idx=38 NameID=9 TypeID=115
  [DEBUG] SymFunc idx=42 NameID=12 TypeID=117
  [DEBUG] SymFunc idx=45 NameID=13 TypeID=119
  [DEBUG] SymFunc idx=50 NameID=16 TypeID=121
  [DEBUG] SymFunc idx=56 NameID=18 TypeID=123
  [DEBUG] SymFunc idx=62 NameID=21 TypeID=126
  [DEBUG] SymFunc idx=69 NameID=24 TypeID=129
  [DEBUG] SymFunc idx=76 NameID=25 TypeID=132
  [DEBUG] SymFunc idx=83 NameID=27 TypeID=134
  [DEBUG] SymFunc idx=89 NameID=29 TypeID=136
  [DEBUG] SymFunc idx=94 NameID=31 TypeID=138
  [DEBUG] SymFunc idx=98 NameID=32 TypeID=140
  [DEBUG] SymFunc idx=102 NameID=13 TypeID=142
  [DEBUG] SymFunc idx=107 NameID=16 TypeID=144
  [DEBUG] SymFunc idx=113 NameID=18 TypeID=146
  [DEBUG] SymFunc idx=119 NameID=21 TypeID=149
  [DEBUG] SymFunc idx=127 NameID=34 TypeID=152
  [DEBUG] SymFunc idx=135 NameID=24 TypeID=155
  [DEBUG] SymFunc idx=143 NameID=36 TypeID=158
  [DEBUG] SymFunc idx=148 NameID=26 TypeID=161
  [DEBUG] SymFunc idx=184 NameID=58 TypeID=163
  [DEBUG] SymFunc idx=187 NameID=59 TypeID=166
  [DEBUG] SymFunc idx=190 NameID=61 TypeID=169
  [DEBUG] SymFunc idx=194 NameID=62 TypeID=172
  [DEBUG] SymFunc idx=198 NameID=63 TypeID=175
  [DEBUG] SymFunc idx=203 NameID=66 TypeID=177
  [DEBUG] SymFunc idx=206 NameID=49 TypeID=181
  [DEBUG] SymFunc idx=210 NameID=68 TypeID=186
  [DEBUG] SymFunc idx=213 NameID=69 TypeID=188
  [DEBUG] SymFunc idx=216 NameID=70 TypeID=190
  [DEBUG] SymFunc idx=220 NameID=71 TypeID=192
  [DEBUG] SymFunc idx=223 NameID=72 TypeID=194
  [DEBUG] SymFunc idx=226 NameID=73 TypeID=198
  [DEBUG] SymFunc idx=230 NameID=74 TypeID=202
  [DEBUG] SymFunc idx=235 NameID=69 TypeID=204
  [DEBUG] SymFunc idx=238 NameID=71 TypeID=206
  [DEBUG] SymFunc idx=242 NameID=69 TypeID=208
  [DEBUG] SymFunc idx=245 NameID=70 TypeID=210
  [DEBUG] SymFunc idx=249 NameID=71 TypeID=212
  [DEBUG] SymFunc idx=252 NameID=76 TypeID=214
  [DEBUG] SymFunc idx=254 NameID=77 TypeID=217
  [DEBUG] SymFunc idx=258 NameID=79 TypeID=220
  [DEBUG] SymFunc idx=261 NameID=80 TypeID=223
  [DEBUG] SymFunc idx=264 NameID=81 TypeID=224
  [DEBUG] SymFunc idx=266 NameID=83 TypeID=225
  [DEBUG] SymFunc idx=269 NameID=86 TypeID=226
  [DEBUG] SymFunc idx=274 NameID=92 TypeID=227
  [DEBUG] SymFunc idx=279 NameID=97 TypeID=228
  [DEBUG] SymFunc idx=284 NameID=102 TypeID=229
  [DEBUG] SymFunc idx=292 NameID=156 TypeID=234
  [DEBUG] SymFunc idx=294 NameID=157 TypeID=236
  [DEBUG] SymFunc idx=298 NameID=158 TypeID=246
  [DEBUG] SymFunc idx=301 NameID=159 TypeID=248
  [DEBUG] SymFunc idx=303 NameID=160 TypeID=249
  [DEBUG] SymFunc idx=305 NameID=161 TypeID=252
  [DEBUG] SymFunc idx=308 NameID=162 TypeID=255
[DEBUG] Inference NodeUnaryExpr: op=2 operandType=11
[DEBUG] Inference NodeUnaryExpr resultType=11
[DEBUG-FIELD] FieldExpr nodeIdx=943 objType=200 fieldNameID=45
[DEBUG-FIELD] objType resolved to entry.Kind=1 structType=96 NameID=44 genericArgs=[type]
[DEBUG-FIELD] struct fields count=3 genericParams=[64]
[DEBUG-FIELD]   checking field NameID=38 field.TypeID=64
[DEBUG-FIELD]   checking field NameID=45 field.TypeID=107
[DEBUG-FIELD]   found field fieldType=107 resultType=107
[DEBUG-FIELD] FieldExpr nodeIdx=945 objType=107 fieldNameID=59
[DEBUG-FIELD] objType resolved to entry.Kind=1 structType=107 NameID=154 genericArgs=[]
[DEBUG-FIELD] struct fields count=1 genericParams=[]
[DEBUG-FIELD]   checking field NameID=38 field.TypeID=3
[DEBUG-INDEX] Instantiating generic collection: collectionName=WriteGuard typeArgs=[type] (hasGenericParam=true)
[DEBUG-FIELD] FieldExpr nodeIdx=971 objType=203 fieldNameID=49
[DEBUG-FIELD] objType resolved to entry.Kind=1 structType=97 NameID=48 genericArgs=[type]
[DEBUG-FIELD] struct fields count=1 genericParams=[65]
[DEBUG-FIELD]   checking field NameID=49 field.TypeID=109
[DEBUG-FIELD]   found field fieldType=109 resultType=260
[DEBUG-FIELD] FieldExpr nodeIdx=973 objType=260 fieldNameID=38
[DEBUG-FIELD] objType resolved to entry.Kind=1 structType=96 NameID=44 genericArgs=[type]
[DEBUG-FIELD] struct fields count=3 genericParams=[64]
[DEBUG-FIELD]   checking field NameID=38 field.TypeID=64
[DEBUG-FIELD]   found field fieldType=64 resultType=84
[DEBUG-FIELD] FieldExpr nodeIdx=985 objType=205 fieldNameID=49
[DEBUG-FIELD] objType resolved to entry.Kind=1 structType=97 NameID=48 genericArgs=[type]
[DEBUG-FIELD] struct fields count=1 genericParams=[65]
[DEBUG-FIELD]   checking field NameID=49 field.TypeID=109
[DEBUG-FIELD]   found field fieldType=109 resultType=262
[DEBUG-FIELD] FieldExpr nodeIdx=987 objType=262 fieldNameID=45
[DEBUG-FIELD] objType resolved to entry.Kind=1 structType=96 NameID=44 genericArgs=[type]
[DEBUG-FIELD] struct fields count=3 genericParams=[64]
[DEBUG-FIELD]   checking field NameID=38 field.TypeID=64
[DEBUG-FIELD]   checking field NameID=45 field.TypeID=107
[DEBUG-FIELD]   found field fieldType=107 resultType=107
[DEBUG-FIELD] FieldExpr nodeIdx=989 objType=107 fieldNameID=59
[DEBUG-FIELD] objType resolved to entry.Kind=1 structType=107 NameID=154 genericArgs=[]
[DEBUG-FIELD] struct fields count=1 genericParams=[]
[DEBUG-FIELD]   checking field NameID=38 field.TypeID=3
[DEBUG-FIELD] FieldExpr nodeIdx=993 objType=205 fieldNameID=49
[DEBUG-FIELD] objType resolved to entry.Kind=1 structType=97 NameID=48 genericArgs=[type]
[DEBUG-FIELD] struct fields count=1 genericParams=[65]
[DEBUG-FIELD]   checking field NameID=49 field.TypeID=109
[DEBUG-FIELD]   found field fieldType=109 resultType=262
[DEBUG-FIELD] FieldExpr nodeIdx=995 objType=262 fieldNameID=45
[DEBUG-FIELD] objType resolved to entry.Kind=1 structType=96 NameID=44 genericArgs=[type]
[DEBUG-FIELD] struct fields count=3 genericParams=[64]
[DEBUG-FIELD]   checking field NameID=38 field.TypeID=64
[DEBUG-FIELD]   checking field NameID=45 field.TypeID=107
[DEBUG-FIELD]   found field fieldType=107 resultType=107
[DEBUG-FIELD] FieldExpr nodeIdx=997 objType=107 fieldNameID=61
[DEBUG-FIELD] objType resolved to entry.Kind=1 structType=107 NameID=154 genericArgs=[]
[DEBUG-FIELD] struct fields count=1 genericParams=[]
[DEBUG-FIELD]   checking field NameID=38 field.TypeID=3
[DEBUG-FIELD] FieldExpr nodeIdx=1014 objType=207 fieldNameID=49
[DEBUG-FIELD] objType resolved to entry.Kind=1 structType=98 NameID=50 genericArgs=[type]
[DEBUG-FIELD] struct fields count=1 genericParams=[66]
[DEBUG-FIELD]   checking field NameID=49 field.TypeID=111
[DEBUG-FIELD]   found field fieldType=111 resultType=266
[DEBUG-FIELD] FieldExpr nodeIdx=1016 objType=266 fieldNameID=38
[DEBUG-FIELD] objType resolved to entry.Kind=1 structType=96 NameID=44 genericArgs=[type]
[DEBUG-FIELD] struct fields count=3 genericParams=[64]
[DEBUG-FIELD]   checking field NameID=38 field.TypeID=64
[DEBUG-FIELD]   found field fieldType=64 resultType=86
[DEBUG-FIELD] FieldExpr nodeIdx=1029 objType=209 fieldNameID=49
[DEBUG-FIELD] objType resolved to entry.Kind=1 structType=98 NameID=50 genericArgs=[type]
[DEBUG-FIELD] struct fields count=1 genericParams=[66]
[DEBUG-FIELD]   checking field NameID=49 field.TypeID=111
[DEBUG-FIELD]   found field fieldType=111 resultType=268
[DEBUG-FIELD] FieldExpr nodeIdx=1031 objType=268 fieldNameID=38
[DEBUG-FIELD] objType resolved to entry.Kind=1 structType=96 NameID=44 genericArgs=[type]
[DEBUG-FIELD] struct fields count=3 genericParams=[64]
[DEBUG-FIELD]   checking field NameID=38 field.TypeID=64
[DEBUG-FIELD]   found field fieldType=64 resultType=87
[DEBUG-FIELD] FieldExpr nodeIdx=1044 objType=211 fieldNameID=49
[DEBUG-FIELD] objType resolved to entry.Kind=1 structType=98 NameID=50 genericArgs=[type]
[DEBUG-FIELD] struct fields count=1 genericParams=[66]
[DEBUG-FIELD]   checking field NameID=49 field.TypeID=111
[DEBUG-FIELD]   found field fieldType=111 resultType=270
[DEBUG-FIELD] FieldExpr nodeIdx=1046 objType=270 fieldNameID=47
[DEBUG-FIELD] objType resolved to entry.Kind=1 structType=96 NameID=44 genericArgs=[type]
[DEBUG-FIELD] struct fields count=3 genericParams=[64]
[DEBUG-FIELD]   checking field NameID=38 field.TypeID=64
[DEBUG-FIELD]   checking field NameID=45 field.TypeID=107
[DEBUG-FIELD]   checking field NameID=47 field.TypeID=104
[DEBUG-FIELD]   found field fieldType=104 resultType=104
[DEBUG-FIELD] FieldExpr nodeIdx=1048 objType=104 fieldNameID=61
[DEBUG-FIELD] objType resolved to entry.Kind=1 structType=104 NameID=153 genericArgs=[]
[DEBUG-FIELD] struct fields count=1 genericParams=[]
[DEBUG-FIELD]   checking field NameID=38 field.TypeID=11
[DEBUG] Inference NodeGenericType (User-Defined Generic Template Ref): base='Channel' typeArgs=[type] instTypeID=213
[DEBUG] Inference NodeGenericType (User-Defined): base='Result' typeArgs=[void string] instTypeID=216
[DEBUG] Inference NodeGenericType (User-Defined Generic Template Ref): base='Result' typeArgs=[type string] instTypeID=219
[DEBUG] Inference NodeGenericType (User-Defined Generic Template Ref): base='Option' typeArgs=[type] instTypeID=222
[DEBUG-INDEX] Instantiating generic collection: collectionName=atomic_new typeArgs=[i32] (hasGenericParam=false)
[DEBUG] CastExpr child expr nodeIdx=1129 Kind=IntLit Type=3
[DEBUG] NodeCastExpr nodeIdx=1130 targetNodeIdx=1131 Kind=TypeExpr Payload=2 targetType=3
[DEBUG-FIELD] FieldExpr nodeIdx=1135 objType=107 fieldNameID=59
[DEBUG-FIELD] objType resolved to entry.Kind=1 structType=107 NameID=154 genericArgs=[]
[DEBUG-FIELD] struct fields count=1 genericParams=[]
[DEBUG-FIELD]   checking field NameID=38 field.TypeID=3
[DEBUG-FIELD] FieldExpr nodeIdx=1141 objType=107 fieldNameID=61
[DEBUG-FIELD] objType resolved to entry.Kind=1 structType=107 NameID=154 genericArgs=[]
[DEBUG-FIELD] struct fields count=1 genericParams=[]
[DEBUG-FIELD]   checking field NameID=38 field.TypeID=3
[DEBUG] CastExpr child expr nodeIdx=1144 Kind=IntLit Type=3
[DEBUG] NodeCastExpr nodeIdx=1145 targetNodeIdx=1146 Kind=TypeExpr Payload=2 targetType=3
[DEBUG-FIELD] FieldExpr nodeIdx=1150 objType=107 fieldNameID=59
[DEBUG-FIELD] objType resolved to entry.Kind=1 structType=107 NameID=154 genericArgs=[]
[DEBUG-FIELD] struct fields count=1 genericParams=[]
[DEBUG-FIELD]   checking field NameID=38 field.TypeID=3
[DEBUG-FIELD] FieldExpr nodeIdx=1157 objType=107 fieldNameID=62
[DEBUG-FIELD] objType resolved to entry.Kind=1 structType=107 NameID=154 genericArgs=[]
[DEBUG-FIELD] struct fields count=1 genericParams=[]
[DEBUG-FIELD]   checking field NameID=38 field.TypeID=3
[DEBUG-OVERLOAD] methodName=swap baseName=Atomic recParam=170 kind=8 nameID=37 recStructName=Atomic
[DEBUG] Instantiating generic method template: swap for typeArgs [i32]. structName=_AX_std_Atomic_i32
[DEBUG] Inference NodeGenericType (User-Defined): base='Atomic' typeArgs=[i32] instTypeID=107
[DEBUG] Inference NodeGenericType: base='ptr' argNodeIdx=1553 innerTypeID=107 resultType=251
[DEBUG-FIELD] FieldExpr nodeIdx=1565 objType=251 fieldNameID=38
[DEBUG-FIELD] objType resolved to entry.Kind=1 structType=107 NameID=154 genericArgs=[]
[DEBUG-FIELD] struct fields count=1 genericParams=[]
[DEBUG-FIELD]   checking field NameID=38 field.TypeID=3
[DEBUG-FIELD]   found field fieldType=3 resultType=3
[DEBUG] Inference NodeUnaryExpr: op=4 operandType=3
[DEBUG] Inference NodeUnaryExpr resultType=253
[DEBUG] Instantiated method swap: instSymIdx=310, errs=[]
[DEBUG] getMethodsOfStruct called for struct 107
  [DEBUG] SymFunc idx=38 NameID=9 TypeID=115
  [DEBUG] SymFunc idx=42 NameID=12 TypeID=117
  [DEBUG] SymFunc idx=45 NameID=13 TypeID=119
  [DEBUG] SymFunc idx=50 NameID=16 TypeID=121
  [DEBUG] SymFunc idx=56 NameID=18 TypeID=123
  [DEBUG] SymFunc idx=62 NameID=21 TypeID=126
  [DEBUG] SymFunc idx=69 NameID=24 TypeID=129
  [DEBUG] SymFunc idx=76 NameID=25 TypeID=132
  [DEBUG] SymFunc idx=83 NameID=27 TypeID=134
  [DEBUG] SymFunc idx=89 NameID=29 TypeID=136
  [DEBUG] SymFunc idx=94 NameID=31 TypeID=138
  [DEBUG] SymFunc idx=98 NameID=32 TypeID=140
  [DEBUG] SymFunc idx=102 NameID=13 TypeID=142
  [DEBUG] SymFunc idx=107 NameID=16 TypeID=144
  [DEBUG] SymFunc idx=113 NameID=18 TypeID=146
  [DEBUG] SymFunc idx=119 NameID=21 TypeID=149
  [DEBUG] SymFunc idx=127 NameID=34 TypeID=152
  [DEBUG] SymFunc idx=135 NameID=24 TypeID=155
  [DEBUG] SymFunc idx=143 NameID=36 TypeID=158
  [DEBUG] SymFunc idx=148 NameID=26 TypeID=161
  [DEBUG] SymFunc idx=184 NameID=58 TypeID=163
  [DEBUG] SymFunc idx=187 NameID=59 TypeID=166
  [DEBUG] SymFunc idx=190 NameID=61 TypeID=169
  [DEBUG] SymFunc idx=194 NameID=62 TypeID=172
  [DEBUG] SymFunc idx=198 NameID=63 TypeID=175
  [DEBUG] SymFunc idx=203 NameID=66 TypeID=177
  [DEBUG] SymFunc idx=206 NameID=49 TypeID=181
  [DEBUG] SymFunc idx=210 NameID=68 TypeID=186
  [DEBUG] SymFunc idx=213 NameID=69 TypeID=188
  [DEBUG] SymFunc idx=216 NameID=70 TypeID=190
  [DEBUG] SymFunc idx=220 NameID=71 TypeID=192
  [DEBUG] SymFunc idx=223 NameID=72 TypeID=194
  [DEBUG] SymFunc idx=226 NameID=73 TypeID=198
  [DEBUG] SymFunc idx=230 NameID=74 TypeID=202
  [DEBUG] SymFunc idx=235 NameID=69 TypeID=204
  [DEBUG] SymFunc idx=238 NameID=71 TypeID=206
  [DEBUG] SymFunc idx=242 NameID=69 TypeID=208
  [DEBUG] SymFunc idx=245 NameID=70 TypeID=210
  [DEBUG] SymFunc idx=249 NameID=71 TypeID=212
  [DEBUG] SymFunc idx=252 NameID=76 TypeID=214
  [DEBUG] SymFunc idx=254 NameID=77 TypeID=217
  [DEBUG] SymFunc idx=258 NameID=79 TypeID=220
  [DEBUG] SymFunc idx=261 NameID=80 TypeID=223
  [DEBUG] SymFunc idx=264 NameID=81 TypeID=224
  [DEBUG] SymFunc idx=266 NameID=83 TypeID=225
  [DEBUG] SymFunc idx=269 NameID=86 TypeID=226
  [DEBUG] SymFunc idx=274 NameID=92 TypeID=227
  [DEBUG] SymFunc idx=279 NameID=97 TypeID=228
  [DEBUG] SymFunc idx=284 NameID=102 TypeID=229
  [DEBUG] SymFunc idx=292 NameID=156 TypeID=234
  [DEBUG] SymFunc idx=294 NameID=157 TypeID=236
  [DEBUG] SymFunc idx=298 NameID=158 TypeID=246
  [DEBUG] SymFunc idx=301 NameID=159 TypeID=248
  [DEBUG] SymFunc idx=303 NameID=160 TypeID=249
  [DEBUG] SymFunc idx=305 NameID=161 TypeID=252
  [DEBUG] SymFunc idx=308 NameID=162 TypeID=255
  [DEBUG] SymFunc idx=310 NameID=163 TypeID=275
[DEBUG] CastExpr child expr nodeIdx=1160 Kind=IntLit Type=3
[DEBUG] NodeCastExpr nodeIdx=1161 targetNodeIdx=1162 Kind=TypeExpr Payload=2 targetType=3
[DEBUG-FIELD] FieldExpr nodeIdx=1171 objType=107 fieldNameID=59
[DEBUG-FIELD] objType resolved to entry.Kind=1 structType=107 NameID=154 genericArgs=[]
[DEBUG-FIELD] struct fields count=1 genericParams=[]
[DEBUG-FIELD]   checking field NameID=38 field.TypeID=3
[DEBUG-FIELD] FieldExpr nodeIdx=1178 objType=107 fieldNameID=63
[DEBUG-FIELD] objType resolved to entry.Kind=1 structType=107 NameID=154 genericArgs=[]
[DEBUG-FIELD] struct fields count=1 genericParams=[]
[DEBUG-FIELD]   checking field NameID=38 field.TypeID=3
[DEBUG-OVERLOAD] methodName=compare_and_swap baseName=Atomic recParam=173 kind=8 nameID=37 recStructName=Atomic
[DEBUG] Instantiating generic method template: compare_and_swap for typeArgs [i32]. structName=_AX_std_Atomic_i32
[DEBUG] Inference NodeGenericType (User-Defined): base='Atomic' typeArgs=[i32] instTypeID=107
[DEBUG] Inference NodeGenericType: base='ptr' argNodeIdx=1575 innerTypeID=107 resultType=251
[DEBUG-FIELD] FieldExpr nodeIdx=1589 objType=251 fieldNameID=38
[DEBUG-FIELD] objType resolved to entry.Kind=1 structType=107 NameID=154 genericArgs=[]
[DEBUG-FIELD] struct fields count=1 genericParams=[]
[DEBUG-FIELD]   checking field NameID=38 field.TypeID=3
[DEBUG-FIELD]   found field fieldType=3 resultType=3
[DEBUG] Inference NodeUnaryExpr: op=4 operandType=3
[DEBUG] Inference NodeUnaryExpr resultType=253
[DEBUG] Instantiated method compare_and_swap: instSymIdx=313, errs=[]
[DEBUG] getMethodsOfStruct called for struct 107
  [DEBUG] SymFunc idx=38 NameID=9 TypeID=115
  [DEBUG] SymFunc idx=42 NameID=12 TypeID=117
  [DEBUG] SymFunc idx=45 NameID=13 TypeID=119
  [DEBUG] SymFunc idx=50 NameID=16 TypeID=121
  [DEBUG] SymFunc idx=56 NameID=18 TypeID=123
  [DEBUG] SymFunc idx=62 NameID=21 TypeID=126
  [DEBUG] SymFunc idx=69 NameID=24 TypeID=129
  [DEBUG] SymFunc idx=76 NameID=25 TypeID=132
  [DEBUG] SymFunc idx=83 NameID=27 TypeID=134
  [DEBUG] SymFunc idx=89 NameID=29 TypeID=136
  [DEBUG] SymFunc idx=94 NameID=31 TypeID=138
  [DEBUG] SymFunc idx=98 NameID=32 TypeID=140
  [DEBUG] SymFunc idx=102 NameID=13 TypeID=142
  [DEBUG] SymFunc idx=107 NameID=16 TypeID=144
  [DEBUG] SymFunc idx=113 NameID=18 TypeID=146
  [DEBUG] SymFunc idx=119 NameID=21 TypeID=149
  [DEBUG] SymFunc idx=127 NameID=34 TypeID=152
  [DEBUG] SymFunc idx=135 NameID=24 TypeID=155
  [DEBUG] SymFunc idx=143 NameID=36 TypeID=158
  [DEBUG] SymFunc idx=148 NameID=26 TypeID=161
  [DEBUG] SymFunc idx=184 NameID=58 TypeID=163
  [DEBUG] SymFunc idx=187 NameID=59 TypeID=166
  [DEBUG] SymFunc idx=190 NameID=61 TypeID=169
  [DEBUG] SymFunc idx=194 NameID=62 TypeID=172
  [DEBUG] SymFunc idx=198 NameID=63 TypeID=175
  [DEBUG] SymFunc idx=203 NameID=66 TypeID=177
  [DEBUG] SymFunc idx=206 NameID=49 TypeID=181
  [DEBUG] SymFunc idx=210 NameID=68 TypeID=186
  [DEBUG] SymFunc idx=213 NameID=69 TypeID=188
  [DEBUG] SymFunc idx=216 NameID=70 TypeID=190
  [DEBUG] SymFunc idx=220 NameID=71 TypeID=192
  [DEBUG] SymFunc idx=223 NameID=72 TypeID=194
  [DEBUG] SymFunc idx=226 NameID=73 TypeID=198
  [DEBUG] SymFunc idx=230 NameID=74 TypeID=202
  [DEBUG] SymFunc idx=235 NameID=69 TypeID=204
  [DEBUG] SymFunc idx=238 NameID=71 TypeID=206
  [DEBUG] SymFunc idx=242 NameID=69 TypeID=208
  [DEBUG] SymFunc idx=245 NameID=70 TypeID=210
  [DEBUG] SymFunc idx=249 NameID=71 TypeID=212
  [DEBUG] SymFunc idx=252 NameID=76 TypeID=214
  [DEBUG] SymFunc idx=254 NameID=77 TypeID=217
  [DEBUG] SymFunc idx=258 NameID=79 TypeID=220
  [DEBUG] SymFunc idx=261 NameID=80 TypeID=223
  [DEBUG] SymFunc idx=264 NameID=81 TypeID=224
  [DEBUG] SymFunc idx=266 NameID=83 TypeID=225
  [DEBUG] SymFunc idx=269 NameID=86 TypeID=226
  [DEBUG] SymFunc idx=274 NameID=92 TypeID=227
  [DEBUG] SymFunc idx=279 NameID=97 TypeID=228
  [DEBUG] SymFunc idx=284 NameID=102 TypeID=229
  [DEBUG] SymFunc idx=292 NameID=156 TypeID=234
  [DEBUG] SymFunc idx=294 NameID=157 TypeID=236
  [DEBUG] SymFunc idx=298 NameID=158 TypeID=246
  [DEBUG] SymFunc idx=301 NameID=159 TypeID=248
  [DEBUG] SymFunc idx=303 NameID=160 TypeID=249
  [DEBUG] SymFunc idx=305 NameID=161 TypeID=252
  [DEBUG] SymFunc idx=308 NameID=162 TypeID=255
  [DEBUG] SymFunc idx=310 NameID=163 TypeID=275
  [DEBUG] SymFunc idx=313 NameID=164 TypeID=278
[DEBUG] CastExpr child expr nodeIdx=1181 Kind=IntLit Type=3
[DEBUG] NodeCastExpr nodeIdx=1182 targetNodeIdx=1183 Kind=TypeExpr Payload=2 targetType=3
[DEBUG] CastExpr child expr nodeIdx=1184 Kind=IntLit Type=3
[DEBUG] NodeCastExpr nodeIdx=1185 targetNodeIdx=1186 Kind=TypeExpr Payload=2 targetType=3
[DEBUG-FIELD] FieldExpr nodeIdx=1195 objType=107 fieldNameID=59
[DEBUG-FIELD] objType resolved to entry.Kind=1 structType=107 NameID=154 genericArgs=[]
[DEBUG-FIELD] struct fields count=1 genericParams=[]
[DEBUG-FIELD]   checking field NameID=38 field.TypeID=3
[DEBUG-FIELD] FieldExpr nodeIdx=1202 objType=107 fieldNameID=63
[DEBUG-FIELD] objType resolved to entry.Kind=1 structType=107 NameID=154 genericArgs=[]
[DEBUG-FIELD] struct fields count=1 genericParams=[]
[DEBUG-FIELD]   checking field NameID=38 field.TypeID=3
[DEBUG] CastExpr child expr nodeIdx=1205 Kind=IntLit Type=3
[DEBUG] NodeCastExpr nodeIdx=1206 targetNodeIdx=1207 Kind=TypeExpr Payload=2 targetType=3
[DEBUG] CastExpr child expr nodeIdx=1208 Kind=IntLit Type=3
[DEBUG] NodeCastExpr nodeIdx=1209 targetNodeIdx=1210 Kind=TypeExpr Payload=2 targetType=3
[DEBUG-FIELD] FieldExpr nodeIdx=1219 objType=107 fieldNameID=59
[DEBUG-FIELD] objType resolved to entry.Kind=1 structType=107 NameID=154 genericArgs=[]
[DEBUG-FIELD] struct fields count=1 genericParams=[]
[DEBUG-FIELD]   checking field NameID=38 field.TypeID=3
[DEBUG-INDEX] Instantiating generic collection: collectionName=mutex_new typeArgs=[i32] (hasGenericParam=false)
[DEBUG] StructDecl typeID=283 append field NameID=38 TypeID=3
[DEBUG] Inference NodeGenericType (User-Defined): base='Atomic' typeArgs=[bool] instTypeID=104
[DEBUG] StructDecl typeID=283 append field NameID=40 TypeID=104
[DEBUG] Inference NodeGenericType (User-Defined): base='Mutex' typeArgs=[i32] instTypeID=283
[DEBUG] Inference NodeGenericType (User-Defined): base='Mutex' typeArgs=[i32] instTypeID=283
[DEBUG-INDEX] Instantiating generic collection: collectionName=Mutex typeArgs=[i32] (hasGenericParam=false)
[DEBUG-INDEX] Instantiating generic collection: collectionName=atomic_new typeArgs=[bool] (hasGenericParam=false)
[DEBUG] CastExpr child expr nodeIdx=1234 Kind=IntLit Type=3
[DEBUG] NodeCastExpr nodeIdx=1235 targetNodeIdx=1236 Kind=TypeExpr Payload=2 targetType=3
[DEBUG-FIELD] FieldExpr nodeIdx=1239 objType=283 fieldNameID=49
[DEBUG-FIELD] objType resolved to entry.Kind=1 structType=283 NameID=166 genericArgs=[]
[DEBUG-FIELD] struct fields count=2 genericParams=[]
[DEBUG-FIELD]   checking field NameID=38 field.TypeID=3
[DEBUG-FIELD]   checking field NameID=40 field.TypeID=104
[DEBUG] getMethodsOfStruct called for struct 283
  [DEBUG] SymFunc idx=38 NameID=9 TypeID=115
  [DEBUG] SymFunc idx=42 NameID=12 TypeID=117
  [DEBUG] SymFunc idx=45 NameID=13 TypeID=119
  [DEBUG] SymFunc idx=50 NameID=16 TypeID=121
  [DEBUG] SymFunc idx=56 NameID=18 TypeID=123
  [DEBUG] SymFunc idx=62 NameID=21 TypeID=126
  [DEBUG] SymFunc idx=69 NameID=24 TypeID=129
  [DEBUG] SymFunc idx=76 NameID=25 TypeID=132
  [DEBUG] SymFunc idx=83 NameID=27 TypeID=134
  [DEBUG] SymFunc idx=89 NameID=29 TypeID=136
  [DEBUG] SymFunc idx=94 NameID=31 TypeID=138
  [DEBUG] SymFunc idx=98 NameID=32 TypeID=140
  [DEBUG] SymFunc idx=102 NameID=13 TypeID=142
  [DEBUG] SymFunc idx=107 NameID=16 TypeID=144
  [DEBUG] SymFunc idx=113 NameID=18 TypeID=146
  [DEBUG] SymFunc idx=119 NameID=21 TypeID=149
  [DEBUG] SymFunc idx=127 NameID=34 TypeID=152
  [DEBUG] SymFunc idx=135 NameID=24 TypeID=155
  [DEBUG] SymFunc idx=143 NameID=36 TypeID=158
  [DEBUG] SymFunc idx=148 NameID=26 TypeID=161
  [DEBUG] SymFunc idx=184 NameID=58 TypeID=163
  [DEBUG] SymFunc idx=187 NameID=59 TypeID=166
  [DEBUG] SymFunc idx=190 NameID=61 TypeID=169
  [DEBUG] SymFunc idx=194 NameID=62 TypeID=172
  [DEBUG] SymFunc idx=198 NameID=63 TypeID=175
  [DEBUG] SymFunc idx=203 NameID=66 TypeID=177
  [DEBUG] SymFunc idx=206 NameID=49 TypeID=181
  [DEBUG] SymFunc idx=210 NameID=68 TypeID=186
  [DEBUG] SymFunc idx=213 NameID=69 TypeID=188
  [DEBUG] SymFunc idx=216 NameID=70 TypeID=190
  [DEBUG] SymFunc idx=220 NameID=71 TypeID=192
  [DEBUG] SymFunc idx=223 NameID=72 TypeID=194
  [DEBUG] SymFunc idx=226 NameID=73 TypeID=198
  [DEBUG] SymFunc idx=230 NameID=74 TypeID=202
  [DEBUG] SymFunc idx=235 NameID=69 TypeID=204
  [DEBUG] SymFunc idx=238 NameID=71 TypeID=206
  [DEBUG] SymFunc idx=242 NameID=69 TypeID=208
  [DEBUG] SymFunc idx=245 NameID=70 TypeID=210
  [DEBUG] SymFunc idx=249 NameID=71 TypeID=212
  [DEBUG] SymFunc idx=252 NameID=76 TypeID=214
  [DEBUG] SymFunc idx=254 NameID=77 TypeID=217
  [DEBUG] SymFunc idx=258 NameID=79 TypeID=220
  [DEBUG] SymFunc idx=261 NameID=80 TypeID=223
  [DEBUG] SymFunc idx=264 NameID=81 TypeID=224
  [DEBUG] SymFunc idx=266 NameID=83 TypeID=225
  [DEBUG] SymFunc idx=269 NameID=86 TypeID=226
  [DEBUG] SymFunc idx=274 NameID=92 TypeID=227
  [DEBUG] SymFunc idx=279 NameID=97 TypeID=228
  [DEBUG] SymFunc idx=284 NameID=102 TypeID=229
  [DEBUG] SymFunc idx=292 NameID=156 TypeID=234
  [DEBUG] SymFunc idx=294 NameID=157 TypeID=236
  [DEBUG] SymFunc idx=298 NameID=158 TypeID=246
  [DEBUG] SymFunc idx=301 NameID=159 TypeID=248
  [DEBUG] SymFunc idx=303 NameID=160 TypeID=249
  [DEBUG] SymFunc idx=305 NameID=161 TypeID=252
  [DEBUG] SymFunc idx=308 NameID=162 TypeID=255
  [DEBUG] SymFunc idx=310 NameID=163 TypeID=275
  [DEBUG] SymFunc idx=313 NameID=164 TypeID=278
  [DEBUG] SymFunc idx=317 NameID=165 TypeID=284
[DEBUG-OVERLOAD] methodName=lock baseName=Mutex recParam=178 kind=8 nameID=39 recStructName=Mutex
[DEBUG] Instantiating generic method template: lock for typeArgs [i32]. structName=_AX_std_Mutex_i32
[DEBUG] Inference NodeGenericType (User-Defined): base='Mutex' typeArgs=[i32] instTypeID=283
[DEBUG] Inference NodeGenericType: base='ptr' argNodeIdx=1631 innerTypeID=283 resultType=285
[DEBUG] Inference NodeGenericType (User-Defined): base='Mutex' typeArgs=[i32] instTypeID=283
[DEBUG] Inference NodeGenericType: base='ptr' argNodeIdx=1664 innerTypeID=283 resultType=285
[DEBUG] StructDecl typeID=286 append field NameID=42 TypeID=285
[DEBUG] Inference NodeGenericType (User-Defined): base='MutexGuard' typeArgs=[i32] instTypeID=286
[DEBUG] Inference NodeGenericType (User-Defined): base='MutexGuard' typeArgs=[i32] instTypeID=286
[DEBUG-FIELD] FieldExpr nodeIdx=1642 objType=285 fieldNameID=40
[DEBUG-FIELD] objType resolved to entry.Kind=1 structType=283 NameID=166 genericArgs=[]
[DEBUG-FIELD] struct fields count=2 genericParams=[]
[DEBUG-FIELD]   checking field NameID=38 field.TypeID=3
[DEBUG-FIELD]   checking field NameID=40 field.TypeID=104
[DEBUG-FIELD]   found field fieldType=104 resultType=104
[DEBUG-FIELD] FieldExpr nodeIdx=1641 objType=104 fieldNameID=63
[DEBUG-FIELD] objType resolved to entry.Kind=1 structType=104 NameID=153 genericArgs=[]
[DEBUG-FIELD] struct fields count=1 genericParams=[]
[DEBUG-FIELD]   checking field NameID=38 field.TypeID=11
[DEBUG] getMethodsOfStruct called for struct 104
  [DEBUG] SymFunc idx=38 NameID=9 TypeID=115
  [DEBUG] SymFunc idx=42 NameID=12 TypeID=117
  [DEBUG] SymFunc idx=45 NameID=13 TypeID=119
  [DEBUG] SymFunc idx=50 NameID=16 TypeID=121
  [DEBUG] SymFunc idx=56 NameID=18 TypeID=123
  [DEBUG] SymFunc idx=62 NameID=21 TypeID=126
  [DEBUG] SymFunc idx=69 NameID=24 TypeID=129
  [DEBUG] SymFunc idx=76 NameID=25 TypeID=132
  [DEBUG] SymFunc idx=83 NameID=27 TypeID=134
  [DEBUG] SymFunc idx=89 NameID=29 TypeID=136
  [DEBUG] SymFunc idx=94 NameID=31 TypeID=138
  [DEBUG] SymFunc idx=98 NameID=32 TypeID=140
  [DEBUG] SymFunc idx=102 NameID=13 TypeID=142
  [DEBUG] SymFunc idx=107 NameID=16 TypeID=144
  [DEBUG] SymFunc idx=113 NameID=18 TypeID=146
  [DEBUG] SymFunc idx=119 NameID=21 TypeID=149
  [DEBUG] SymFunc idx=127 NameID=34 TypeID=152
  [DEBUG] SymFunc idx=135 NameID=24 TypeID=155
  [DEBUG] SymFunc idx=143 NameID=36 TypeID=158
  [DEBUG] SymFunc idx=148 NameID=26 TypeID=161
  [DEBUG] SymFunc idx=184 NameID=58 TypeID=163
  [DEBUG] SymFunc idx=187 NameID=59 TypeID=166
  [DEBUG] SymFunc idx=190 NameID=61 TypeID=169
  [DEBUG] SymFunc idx=194 NameID=62 TypeID=172
  [DEBUG] SymFunc idx=198 NameID=63 TypeID=175
  [DEBUG] SymFunc idx=203 NameID=66 TypeID=177
  [DEBUG] SymFunc idx=206 NameID=49 TypeID=181
  [DEBUG] SymFunc idx=210 NameID=68 TypeID=186
  [DEBUG] SymFunc idx=213 NameID=69 TypeID=188
  [DEBUG] SymFunc idx=216 NameID=70 TypeID=190
  [DEBUG] SymFunc idx=220 NameID=71 TypeID=192
  [DEBUG] SymFunc idx=223 NameID=72 TypeID=194
  [DEBUG] SymFunc idx=226 NameID=73 TypeID=198
  [DEBUG] SymFunc idx=230 NameID=74 TypeID=202
  [DEBUG] SymFunc idx=235 NameID=69 TypeID=204
  [DEBUG] SymFunc idx=238 NameID=71 TypeID=206
  [DEBUG] SymFunc idx=242 NameID=69 TypeID=208
  [DEBUG] SymFunc idx=245 NameID=70 TypeID=210
  [DEBUG] SymFunc idx=249 NameID=71 TypeID=212
  [DEBUG] SymFunc idx=252 NameID=76 TypeID=214
  [DEBUG] SymFunc idx=254 NameID=77 TypeID=217
  [DEBUG] SymFunc idx=258 NameID=79 TypeID=220
  [DEBUG] SymFunc idx=261 NameID=80 TypeID=223
  [DEBUG] SymFunc idx=264 NameID=81 TypeID=224
  [DEBUG] SymFunc idx=266 NameID=83 TypeID=225
  [DEBUG] SymFunc idx=269 NameID=86 TypeID=226
  [DEBUG] SymFunc idx=274 NameID=92 TypeID=227
  [DEBUG] SymFunc idx=279 NameID=97 TypeID=228
  [DEBUG] SymFunc idx=284 NameID=102 TypeID=229
  [DEBUG] SymFunc idx=292 NameID=156 TypeID=234
  [DEBUG] SymFunc idx=294 NameID=157 TypeID=236
  [DEBUG] SymFunc idx=298 NameID=158 TypeID=246
  [DEBUG] SymFunc idx=301 NameID=159 TypeID=248
  [DEBUG] SymFunc idx=303 NameID=160 TypeID=249
  [DEBUG] SymFunc idx=305 NameID=161 TypeID=252
  [DEBUG] SymFunc idx=308 NameID=162 TypeID=255
  [DEBUG] SymFunc idx=310 NameID=163 TypeID=275
  [DEBUG] SymFunc idx=313 NameID=164 TypeID=278
  [DEBUG] SymFunc idx=317 NameID=165 TypeID=284
  [DEBUG] SymFunc idx=322 NameID=167 TypeID=287
[DEBUG] Inference NodeUnaryExpr: op=2 operandType=11
[DEBUG] Inference NodeUnaryExpr resultType=11
[DEBUG-INDEX] Instantiating generic collection: collectionName=MutexGuard typeArgs=[i32] (hasGenericParam=false)
[DEBUG] getMethodsOfStruct called for struct 104
  [DEBUG] SymFunc idx=38 NameID=9 TypeID=115
  [DEBUG] SymFunc idx=42 NameID=12 TypeID=117
  [DEBUG] SymFunc idx=45 NameID=13 TypeID=119
  [DEBUG] SymFunc idx=50 NameID=16 TypeID=121
  [DEBUG] SymFunc idx=56 NameID=18 TypeID=123
  [DEBUG] SymFunc idx=62 NameID=21 TypeID=126
  [DEBUG] SymFunc idx=69 NameID=24 TypeID=129
  [DEBUG] SymFunc idx=76 NameID=25 TypeID=132
  [DEBUG] SymFunc idx=83 NameID=27 TypeID=134
  [DEBUG] SymFunc idx=89 NameID=29 TypeID=136
  [DEBUG] SymFunc idx=94 NameID=31 TypeID=138
  [DEBUG] SymFunc idx=98 NameID=32 TypeID=140
  [DEBUG] SymFunc idx=102 NameID=13 TypeID=142
  [DEBUG] SymFunc idx=107 NameID=16 TypeID=144
  [DEBUG] SymFunc idx=113 NameID=18 TypeID=146
  [DEBUG] SymFunc idx=119 NameID=21 TypeID=149
  [DEBUG] SymFunc idx=127 NameID=34 TypeID=152
  [DEBUG] SymFunc idx=135 NameID=24 TypeID=155
  [DEBUG] SymFunc idx=143 NameID=36 TypeID=158
  [DEBUG] SymFunc idx=148 NameID=26 TypeID=161
  [DEBUG] SymFunc idx=184 NameID=58 TypeID=163
  [DEBUG] SymFunc idx=187 NameID=59 TypeID=166
  [DEBUG] SymFunc idx=190 NameID=61 TypeID=169
  [DEBUG] SymFunc idx=194 NameID=62 TypeID=172
  [DEBUG] SymFunc idx=198 NameID=63 TypeID=175
  [DEBUG] SymFunc idx=203 NameID=66 TypeID=177
  [DEBUG] SymFunc idx=206 NameID=49 TypeID=181
  [DEBUG] SymFunc idx=210 NameID=68 TypeID=186
  [DEBUG] SymFunc idx=213 NameID=69 TypeID=188
  [DEBUG] SymFunc idx=216 NameID=70 TypeID=190
  [DEBUG] SymFunc idx=220 NameID=71 TypeID=192
  [DEBUG] SymFunc idx=223 NameID=72 TypeID=194
  [DEBUG] SymFunc idx=226 NameID=73 TypeID=198
  [DEBUG] SymFunc idx=230 NameID=74 TypeID=202
  [DEBUG] SymFunc idx=235 NameID=69 TypeID=204
  [DEBUG] SymFunc idx=238 NameID=71 TypeID=206
  [DEBUG] SymFunc idx=242 NameID=69 TypeID=208
  [DEBUG] SymFunc idx=245 NameID=70 TypeID=210
  [DEBUG] SymFunc idx=249 NameID=71 TypeID=212
  [DEBUG] SymFunc idx=252 NameID=76 TypeID=214
  [DEBUG] SymFunc idx=254 NameID=77 TypeID=217
  [DEBUG] SymFunc idx=258 NameID=79 TypeID=220
  [DEBUG] SymFunc idx=261 NameID=80 TypeID=223
  [DEBUG] SymFunc idx=264 NameID=81 TypeID=224
  [DEBUG] SymFunc idx=266 NameID=83 TypeID=225
  [DEBUG] SymFunc idx=269 NameID=86 TypeID=226
  [DEBUG] SymFunc idx=274 NameID=92 TypeID=227
  [DEBUG] SymFunc idx=279 NameID=97 TypeID=228
  [DEBUG] SymFunc idx=284 NameID=102 TypeID=229
  [DEBUG] SymFunc idx=292 NameID=156 TypeID=234
  [DEBUG] SymFunc idx=294 NameID=157 TypeID=236
  [DEBUG] SymFunc idx=298 NameID=158 TypeID=246
  [DEBUG] SymFunc idx=301 NameID=159 TypeID=248
  [DEBUG] SymFunc idx=303 NameID=160 TypeID=249
  [DEBUG] SymFunc idx=305 NameID=161 TypeID=252
  [DEBUG] SymFunc idx=308 NameID=162 TypeID=255
  [DEBUG] SymFunc idx=310 NameID=163 TypeID=275
  [DEBUG] SymFunc idx=313 NameID=164 TypeID=278
  [DEBUG] SymFunc idx=317 NameID=165 TypeID=284
  [DEBUG] SymFunc idx=322 NameID=167 TypeID=287
[DEBUG] Instantiated method lock: instSymIdx=322, errs=[]
[DEBUG] getMethodsOfStruct called for struct 283
  [DEBUG] SymFunc idx=38 NameID=9 TypeID=115
  [DEBUG] SymFunc idx=42 NameID=12 TypeID=117
  [DEBUG] SymFunc idx=45 NameID=13 TypeID=119
  [DEBUG] SymFunc idx=50 NameID=16 TypeID=121
  [DEBUG] SymFunc idx=56 NameID=18 TypeID=123
  [DEBUG] SymFunc idx=62 NameID=21 TypeID=126
  [DEBUG] SymFunc idx=69 NameID=24 TypeID=129
  [DEBUG] SymFunc idx=76 NameID=25 TypeID=132
  [DEBUG] SymFunc idx=83 NameID=27 TypeID=134
  [DEBUG] SymFunc idx=89 NameID=29 TypeID=136
  [DEBUG] SymFunc idx=94 NameID=31 TypeID=138
  [DEBUG] SymFunc idx=98 NameID=32 TypeID=140
  [DEBUG] SymFunc idx=102 NameID=13 TypeID=142
  [DEBUG] SymFunc idx=107 NameID=16 TypeID=144
  [DEBUG] SymFunc idx=113 NameID=18 TypeID=146
  [DEBUG] SymFunc idx=119 NameID=21 TypeID=149
  [DEBUG] SymFunc idx=127 NameID=34 TypeID=152
  [DEBUG] SymFunc idx=135 NameID=24 TypeID=155
  [DEBUG] SymFunc idx=143 NameID=36 TypeID=158
  [DEBUG] SymFunc idx=148 NameID=26 TypeID=161
  [DEBUG] SymFunc idx=184 NameID=58 TypeID=163
  [DEBUG] SymFunc idx=187 NameID=59 TypeID=166
  [DEBUG] SymFunc idx=190 NameID=61 TypeID=169
  [DEBUG] SymFunc idx=194 NameID=62 TypeID=172
  [DEBUG] SymFunc idx=198 NameID=63 TypeID=175
  [DEBUG] SymFunc idx=203 NameID=66 TypeID=177
  [DEBUG] SymFunc idx=206 NameID=49 TypeID=181
  [DEBUG] SymFunc idx=210 NameID=68 TypeID=186
  [DEBUG] SymFunc idx=213 NameID=69 TypeID=188
  [DEBUG] SymFunc idx=216 NameID=70 TypeID=190
  [DEBUG] SymFunc idx=220 NameID=71 TypeID=192
  [DEBUG] SymFunc idx=223 NameID=72 TypeID=194
  [DEBUG] SymFunc idx=226 NameID=73 TypeID=198
  [DEBUG] SymFunc idx=230 NameID=74 TypeID=202
  [DEBUG] SymFunc idx=235 NameID=69 TypeID=204
  [DEBUG] SymFunc idx=238 NameID=71 TypeID=206
  [DEBUG] SymFunc idx=242 NameID=69 TypeID=208
  [DEBUG] SymFunc idx=245 NameID=70 TypeID=210
  [DEBUG] SymFunc idx=249 NameID=71 TypeID=212
  [DEBUG] SymFunc idx=252 NameID=76 TypeID=214
  [DEBUG] SymFunc idx=254 NameID=77 TypeID=217
  [DEBUG] SymFunc idx=258 NameID=79 TypeID=220
  [DEBUG] SymFunc idx=261 NameID=80 TypeID=223
  [DEBUG] SymFunc idx=264 NameID=81 TypeID=224
  [DEBUG] SymFunc idx=266 NameID=83 TypeID=225
  [DEBUG] SymFunc idx=269 NameID=86 TypeID=226
  [DEBUG] SymFunc idx=274 NameID=92 TypeID=227
  [DEBUG] SymFunc idx=279 NameID=97 TypeID=228
  [DEBUG] SymFunc idx=284 NameID=102 TypeID=229
  [DEBUG] SymFunc idx=292 NameID=156 TypeID=234
  [DEBUG] SymFunc idx=294 NameID=157 TypeID=236
  [DEBUG] SymFunc idx=298 NameID=158 TypeID=246
  [DEBUG] SymFunc idx=301 NameID=159 TypeID=248
  [DEBUG] SymFunc idx=303 NameID=160 TypeID=249
  [DEBUG] SymFunc idx=305 NameID=161 TypeID=252
  [DEBUG] SymFunc idx=308 NameID=162 TypeID=255
  [DEBUG] SymFunc idx=310 NameID=163 TypeID=275
  [DEBUG] SymFunc idx=313 NameID=164 TypeID=278
  [DEBUG] SymFunc idx=317 NameID=165 TypeID=284
  [DEBUG] SymFunc idx=322 NameID=167 TypeID=287
[DEBUG-FIELD] FieldExpr nodeIdx=1245 objType=286 fieldNameID=69
[DEBUG-FIELD] objType resolved to entry.Kind=1 structType=286 NameID=168 genericArgs=[]
[DEBUG-FIELD] struct fields count=1 genericParams=[]
[DEBUG-FIELD]   checking field NameID=42 field.TypeID=285
[DEBUG] getMethodsOfStruct called for struct 286
  [DEBUG] SymFunc idx=38 NameID=9 TypeID=115
  [DEBUG] SymFunc idx=42 NameID=12 TypeID=117
  [DEBUG] SymFunc idx=45 NameID=13 TypeID=119
  [DEBUG] SymFunc idx=50 NameID=16 TypeID=121
  [DEBUG] SymFunc idx=56 NameID=18 TypeID=123
  [DEBUG] SymFunc idx=62 NameID=21 TypeID=126
  [DEBUG] SymFunc idx=69 NameID=24 TypeID=129
  [DEBUG] SymFunc idx=76 NameID=25 TypeID=132
  [DEBUG] SymFunc idx=83 NameID=27 TypeID=134
  [DEBUG] SymFunc idx=89 NameID=29 TypeID=136
  [DEBUG] SymFunc idx=94 NameID=31 TypeID=138
  [DEBUG] SymFunc idx=98 NameID=32 TypeID=140
  [DEBUG] SymFunc idx=102 NameID=13 TypeID=142
  [DEBUG] SymFunc idx=107 NameID=16 TypeID=144
  [DEBUG] SymFunc idx=113 NameID=18 TypeID=146
  [DEBUG] SymFunc idx=119 NameID=21 TypeID=149
  [DEBUG] SymFunc idx=127 NameID=34 TypeID=152
  [DEBUG] SymFunc idx=135 NameID=24 TypeID=155
  [DEBUG] SymFunc idx=143 NameID=36 TypeID=158
  [DEBUG] SymFunc idx=148 NameID=26 TypeID=161
  [DEBUG] SymFunc idx=184 NameID=58 TypeID=163
  [DEBUG] SymFunc idx=187 NameID=59 TypeID=166
  [DEBUG] SymFunc idx=190 NameID=61 TypeID=169
  [DEBUG] SymFunc idx=194 NameID=62 TypeID=172
  [DEBUG] SymFunc idx=198 NameID=63 TypeID=175
  [DEBUG] SymFunc idx=203 NameID=66 TypeID=177
  [DEBUG] SymFunc idx=206 NameID=49 TypeID=181
  [DEBUG] SymFunc idx=210 NameID=68 TypeID=186
  [DEBUG] SymFunc idx=213 NameID=69 TypeID=188
  [DEBUG] SymFunc idx=216 NameID=70 TypeID=190
  [DEBUG] SymFunc idx=220 NameID=71 TypeID=192
  [DEBUG] SymFunc idx=223 NameID=72 TypeID=194
  [DEBUG] SymFunc idx=226 NameID=73 TypeID=198
  [DEBUG] SymFunc idx=230 NameID=74 TypeID=202
  [DEBUG] SymFunc idx=235 NameID=69 TypeID=204
  [DEBUG] SymFunc idx=238 NameID=71 TypeID=206
  [DEBUG] SymFunc idx=242 NameID=69 TypeID=208
  [DEBUG] SymFunc idx=245 NameID=70 TypeID=210
  [DEBUG] SymFunc idx=249 NameID=71 TypeID=212
  [DEBUG] SymFunc idx=252 NameID=76 TypeID=214
  [DEBUG] SymFunc idx=254 NameID=77 TypeID=217
  [DEBUG] SymFunc idx=258 NameID=79 TypeID=220
  [DEBUG] SymFunc idx=261 NameID=80 TypeID=223
  [DEBUG] SymFunc idx=264 NameID=81 TypeID=224
  [DEBUG] SymFunc idx=266 NameID=83 TypeID=225
  [DEBUG] SymFunc idx=269 NameID=86 TypeID=226
  [DEBUG] SymFunc idx=274 NameID=92 TypeID=227
  [DEBUG] SymFunc idx=279 NameID=97 TypeID=228
  [DEBUG] SymFunc idx=284 NameID=102 TypeID=229
  [DEBUG] SymFunc idx=292 NameID=156 TypeID=234
  [DEBUG] SymFunc idx=294 NameID=157 TypeID=236
  [DEBUG] SymFunc idx=298 NameID=158 TypeID=246
  [DEBUG] SymFunc idx=301 NameID=159 TypeID=248
  [DEBUG] SymFunc idx=303 NameID=160 TypeID=249
  [DEBUG] SymFunc idx=305 NameID=161 TypeID=252
  [DEBUG] SymFunc idx=308 NameID=162 TypeID=255
  [DEBUG] SymFunc idx=310 NameID=163 TypeID=275
  [DEBUG] SymFunc idx=313 NameID=164 TypeID=278
  [DEBUG] SymFunc idx=317 NameID=165 TypeID=284
  [DEBUG] SymFunc idx=322 NameID=167 TypeID=287
[DEBUG-OVERLOAD] methodName=get baseName=MutexGuard recParam=187 kind=8 nameID=41 recStructName=MutexGuard
[DEBUG] Instantiating generic method template: get for typeArgs [i32]. structName=_AX_std_MutexGuard_i32
[DEBUG] Inference NodeGenericType (User-Defined): base='MutexGuard' typeArgs=[i32] instTypeID=286
[DEBUG-FIELD] FieldExpr nodeIdx=1678 objType=286 fieldNameID=42
[DEBUG-FIELD] objType resolved to entry.Kind=1 structType=286 NameID=168 genericArgs=[]
[DEBUG-FIELD] struct fields count=1 genericParams=[]
[DEBUG-FIELD]   checking field NameID=42 field.TypeID=285
[DEBUG-FIELD]   found field fieldType=285 resultType=285
[DEBUG-FIELD] FieldExpr nodeIdx=1677 objType=285 fieldNameID=38
[DEBUG-FIELD] objType resolved to entry.Kind=1 structType=283 NameID=166 genericArgs=[]
[DEBUG-FIELD] struct fields count=2 genericParams=[]
[DEBUG-FIELD]   checking field NameID=38 field.TypeID=3
[DEBUG-FIELD]   found field fieldType=3 resultType=3
[DEBUG] Instantiated method get: instSymIdx=327, errs=[]
[DEBUG] getMethodsOfStruct called for struct 286
  [DEBUG] SymFunc idx=38 NameID=9 TypeID=115
  [DEBUG] SymFunc idx=42 NameID=12 TypeID=117
  [DEBUG] SymFunc idx=45 NameID=13 TypeID=119
  [DEBUG] SymFunc idx=50 NameID=16 TypeID=121
  [DEBUG] SymFunc idx=56 NameID=18 TypeID=123
  [DEBUG] SymFunc idx=62 NameID=21 TypeID=126
  [DEBUG] SymFunc idx=69 NameID=24 TypeID=129
  [DEBUG] SymFunc idx=76 NameID=25 TypeID=132
  [DEBUG] SymFunc idx=83 NameID=27 TypeID=134
  [DEBUG] SymFunc idx=89 NameID=29 TypeID=136
  [DEBUG] SymFunc idx=94 NameID=31 TypeID=138
  [DEBUG] SymFunc idx=98 NameID=32 TypeID=140
  [DEBUG] SymFunc idx=102 NameID=13 TypeID=142
  [DEBUG] SymFunc idx=107 NameID=16 TypeID=144
  [DEBUG] SymFunc idx=113 NameID=18 TypeID=146
  [DEBUG] SymFunc idx=119 NameID=21 TypeID=149
  [DEBUG] SymFunc idx=127 NameID=34 TypeID=152
  [DEBUG] SymFunc idx=135 NameID=24 TypeID=155
  [DEBUG] SymFunc idx=143 NameID=36 TypeID=158
  [DEBUG] SymFunc idx=148 NameID=26 TypeID=161
  [DEBUG] SymFunc idx=184 NameID=58 TypeID=163
  [DEBUG] SymFunc idx=187 NameID=59 TypeID=166
  [DEBUG] SymFunc idx=190 NameID=61 TypeID=169
  [DEBUG] SymFunc idx=194 NameID=62 TypeID=172
  [DEBUG] SymFunc idx=198 NameID=63 TypeID=175
  [DEBUG] SymFunc idx=203 NameID=66 TypeID=177
  [DEBUG] SymFunc idx=206 NameID=49 TypeID=181
  [DEBUG] SymFunc idx=210 NameID=68 TypeID=186
  [DEBUG] SymFunc idx=213 NameID=69 TypeID=188
  [DEBUG] SymFunc idx=216 NameID=70 TypeID=190
  [DEBUG] SymFunc idx=220 NameID=71 TypeID=192
  [DEBUG] SymFunc idx=223 NameID=72 TypeID=194
  [DEBUG] SymFunc idx=226 NameID=73 TypeID=198
  [DEBUG] SymFunc idx=230 NameID=74 TypeID=202
  [DEBUG] SymFunc idx=235 NameID=69 TypeID=204
  [DEBUG] SymFunc idx=238 NameID=71 TypeID=206
  [DEBUG] SymFunc idx=242 NameID=69 TypeID=208
  [DEBUG] SymFunc idx=245 NameID=70 TypeID=210
  [DEBUG] SymFunc idx=249 NameID=71 TypeID=212
  [DEBUG] SymFunc idx=252 NameID=76 TypeID=214
  [DEBUG] SymFunc idx=254 NameID=77 TypeID=217
  [DEBUG] SymFunc idx=258 NameID=79 TypeID=220
  [DEBUG] SymFunc idx=261 NameID=80 TypeID=223
  [DEBUG] SymFunc idx=264 NameID=81 TypeID=224
  [DEBUG] SymFunc idx=266 NameID=83 TypeID=225
  [DEBUG] SymFunc idx=269 NameID=86 TypeID=226
  [DEBUG] SymFunc idx=274 NameID=92 TypeID=227
  [DEBUG] SymFunc idx=279 NameID=97 TypeID=228
  [DEBUG] SymFunc idx=284 NameID=102 TypeID=229
  [DEBUG] SymFunc idx=292 NameID=156 TypeID=234
  [DEBUG] SymFunc idx=294 NameID=157 TypeID=236
  [DEBUG] SymFunc idx=298 NameID=158 TypeID=246
  [DEBUG] SymFunc idx=301 NameID=159 TypeID=248
  [DEBUG] SymFunc idx=303 NameID=160 TypeID=249
  [DEBUG] SymFunc idx=305 NameID=161 TypeID=252
  [DEBUG] SymFunc idx=308 NameID=162 TypeID=255
  [DEBUG] SymFunc idx=310 NameID=163 TypeID=275
  [DEBUG] SymFunc idx=313 NameID=164 TypeID=278
  [DEBUG] SymFunc idx=317 NameID=165 TypeID=284
  [DEBUG] SymFunc idx=322 NameID=167 TypeID=287
  [DEBUG] SymFunc idx=327 NameID=169 TypeID=290
[DEBUG-FIELD] FieldExpr nodeIdx=1251 objType=286 fieldNameID=70
[DEBUG-FIELD] objType resolved to entry.Kind=1 structType=286 NameID=168 genericArgs=[]
[DEBUG-FIELD] struct fields count=1 genericParams=[]
[DEBUG-FIELD]   checking field NameID=42 field.TypeID=285
[DEBUG-OVERLOAD] methodName=set baseName=MutexGuard recParam=189 kind=8 nameID=41 recStructName=MutexGuard
[DEBUG] Instantiating generic method template: set for typeArgs [i32]. structName=_AX_std_MutexGuard_i32
[DEBUG] Inference NodeGenericType (User-Defined): base='MutexGuard' typeArgs=[i32] instTypeID=286
[DEBUG-FIELD] FieldExpr nodeIdx=1694 objType=286 fieldNameID=42
[DEBUG-FIELD] objType resolved to entry.Kind=1 structType=286 NameID=168 genericArgs=[]
[DEBUG-FIELD] struct fields count=1 genericParams=[]
[DEBUG-FIELD]   checking field NameID=42 field.TypeID=285
[DEBUG-FIELD]   found field fieldType=285 resultType=285
[DEBUG-FIELD] FieldExpr nodeIdx=1693 objType=285 fieldNameID=38
[DEBUG-FIELD] objType resolved to entry.Kind=1 structType=283 NameID=166 genericArgs=[]
[DEBUG-FIELD] struct fields count=2 genericParams=[]
[DEBUG-FIELD]   checking field NameID=38 field.TypeID=3
[DEBUG-FIELD]   found field fieldType=3 resultType=3
[DEBUG] Instantiated method set: instSymIdx=329, errs=[]
[DEBUG] getMethodsOfStruct called for struct 286
  [DEBUG] SymFunc idx=38 NameID=9 TypeID=115
  [DEBUG] SymFunc idx=42 NameID=12 TypeID=117
  [DEBUG] SymFunc idx=45 NameID=13 TypeID=119
  [DEBUG] SymFunc idx=50 NameID=16 TypeID=121
  [DEBUG] SymFunc idx=56 NameID=18 TypeID=123
  [DEBUG] SymFunc idx=62 NameID=21 TypeID=126
  [DEBUG] SymFunc idx=69 NameID=24 TypeID=129
  [DEBUG] SymFunc idx=76 NameID=25 TypeID=132
  [DEBUG] SymFunc idx=83 NameID=27 TypeID=134
  [DEBUG] SymFunc idx=89 NameID=29 TypeID=136
  [DEBUG] SymFunc idx=94 NameID=31 TypeID=138
  [DEBUG] SymFunc idx=98 NameID=32 TypeID=140
  [DEBUG] SymFunc idx=102 NameID=13 TypeID=142
  [DEBUG] SymFunc idx=107 NameID=16 TypeID=144
  [DEBUG] SymFunc idx=113 NameID=18 TypeID=146
  [DEBUG] SymFunc idx=119 NameID=21 TypeID=149
  [DEBUG] SymFunc idx=127 NameID=34 TypeID=152
  [DEBUG] SymFunc idx=135 NameID=24 TypeID=155
  [DEBUG] SymFunc idx=143 NameID=36 TypeID=158
  [DEBUG] SymFunc idx=148 NameID=26 TypeID=161
  [DEBUG] SymFunc idx=184 NameID=58 TypeID=163
  [DEBUG] SymFunc idx=187 NameID=59 TypeID=166
  [DEBUG] SymFunc idx=190 NameID=61 TypeID=169
  [DEBUG] SymFunc idx=194 NameID=62 TypeID=172
  [DEBUG] SymFunc idx=198 NameID=63 TypeID=175
  [DEBUG] SymFunc idx=203 NameID=66 TypeID=177
  [DEBUG] SymFunc idx=206 NameID=49 TypeID=181
  [DEBUG] SymFunc idx=210 NameID=68 TypeID=186
  [DEBUG] SymFunc idx=213 NameID=69 TypeID=188
  [DEBUG] SymFunc idx=216 NameID=70 TypeID=190
  [DEBUG] SymFunc idx=220 NameID=71 TypeID=192
  [DEBUG] SymFunc idx=223 NameID=72 TypeID=194
  [DEBUG] SymFunc idx=226 NameID=73 TypeID=198
  [DEBUG] SymFunc idx=230 NameID=74 TypeID=202
  [DEBUG] SymFunc idx=235 NameID=69 TypeID=204
  [DEBUG] SymFunc idx=238 NameID=71 TypeID=206
  [DEBUG] SymFunc idx=242 NameID=69 TypeID=208
  [DEBUG] SymFunc idx=245 NameID=70 TypeID=210
  [DEBUG] SymFunc idx=249 NameID=71 TypeID=212
  [DEBUG] SymFunc idx=252 NameID=76 TypeID=214
  [DEBUG] SymFunc idx=254 NameID=77 TypeID=217
  [DEBUG] SymFunc idx=258 NameID=79 TypeID=220
  [DEBUG] SymFunc idx=261 NameID=80 TypeID=223
  [DEBUG] SymFunc idx=264 NameID=81 TypeID=224
  [DEBUG] SymFunc idx=266 NameID=83 TypeID=225
  [DEBUG] SymFunc idx=269 NameID=86 TypeID=226
  [DEBUG] SymFunc idx=274 NameID=92 TypeID=227
  [DEBUG] SymFunc idx=279 NameID=97 TypeID=228
  [DEBUG] SymFunc idx=284 NameID=102 TypeID=229
  [DEBUG] SymFunc idx=292 NameID=156 TypeID=234
  [DEBUG] SymFunc idx=294 NameID=157 TypeID=236
  [DEBUG] SymFunc idx=298 NameID=158 TypeID=246
  [DEBUG] SymFunc idx=301 NameID=159 TypeID=248
  [DEBUG] SymFunc idx=303 NameID=160 TypeID=249
  [DEBUG] SymFunc idx=305 NameID=161 TypeID=252
  [DEBUG] SymFunc idx=308 NameID=162 TypeID=255
  [DEBUG] SymFunc idx=310 NameID=163 TypeID=275
  [DEBUG] SymFunc idx=313 NameID=164 TypeID=278
  [DEBUG] SymFunc idx=317 NameID=165 TypeID=284
  [DEBUG] SymFunc idx=322 NameID=167 TypeID=287
  [DEBUG] SymFunc idx=327 NameID=169 TypeID=290
  [DEBUG] SymFunc idx=329 NameID=170 TypeID=292
[DEBUG] CastExpr child expr nodeIdx=1254 Kind=IntLit Type=3
[DEBUG] NodeCastExpr nodeIdx=1255 targetNodeIdx=1256 Kind=TypeExpr Payload=2 targetType=3
[DEBUG-FIELD] FieldExpr nodeIdx=1260 objType=286 fieldNameID=69
[DEBUG-FIELD] objType resolved to entry.Kind=1 structType=286 NameID=168 genericArgs=[]
[DEBUG-FIELD] struct fields count=1 genericParams=[]
[DEBUG-FIELD]   checking field NameID=42 field.TypeID=285
[DEBUG-FIELD] FieldExpr nodeIdx=1266 objType=286 fieldNameID=71
[DEBUG-FIELD] objType resolved to entry.Kind=1 structType=286 NameID=168 genericArgs=[]
[DEBUG-FIELD] struct fields count=1 genericParams=[]
[DEBUG-FIELD]   checking field NameID=42 field.TypeID=285
[DEBUG-OVERLOAD] methodName=unlock baseName=MutexGuard recParam=191 kind=8 nameID=41 recStructName=MutexGuard
[DEBUG] Instantiating generic method template: unlock for typeArgs [i32]. structName=_AX_std_MutexGuard_i32
[DEBUG] Inference NodeGenericType (User-Defined): base='MutexGuard' typeArgs=[i32] instTypeID=286
[DEBUG-FIELD] FieldExpr nodeIdx=1710 objType=286 fieldNameID=42
[DEBUG-FIELD] objType resolved to entry.Kind=1 structType=286 NameID=168 genericArgs=[]
[DEBUG-FIELD] struct fields count=1 genericParams=[]
[DEBUG-FIELD]   checking field NameID=42 field.TypeID=285
[DEBUG-FIELD]   found field fieldType=285 resultType=285
[DEBUG-FIELD] FieldExpr nodeIdx=1709 objType=285 fieldNameID=40
[DEBUG-FIELD] objType resolved to entry.Kind=1 structType=283 NameID=166 genericArgs=[]
[DEBUG-FIELD] struct fields count=2 genericParams=[]
[DEBUG-FIELD]   checking field NameID=38 field.TypeID=3
[DEBUG-FIELD]   checking field NameID=40 field.TypeID=104
[DEBUG-FIELD]   found field fieldType=104 resultType=104
[DEBUG-FIELD] FieldExpr nodeIdx=1708 objType=104 fieldNameID=61
[DEBUG-FIELD] objType resolved to entry.Kind=1 structType=104 NameID=153 genericArgs=[]
[DEBUG-FIELD] struct fields count=1 genericParams=[]
[DEBUG-FIELD]   checking field NameID=38 field.TypeID=11
[DEBUG] getMethodsOfStruct called for struct 104
  [DEBUG] SymFunc idx=38 NameID=9 TypeID=115
  [DEBUG] SymFunc idx=42 NameID=12 TypeID=117
  [DEBUG] SymFunc idx=45 NameID=13 TypeID=119
  [DEBUG] SymFunc idx=50 NameID=16 TypeID=121
  [DEBUG] SymFunc idx=56 NameID=18 TypeID=123
  [DEBUG] SymFunc idx=62 NameID=21 TypeID=126
  [DEBUG] SymFunc idx=69 NameID=24 TypeID=129
  [DEBUG] SymFunc idx=76 NameID=25 TypeID=132
  [DEBUG] SymFunc idx=83 NameID=27 TypeID=134
  [DEBUG] SymFunc idx=89 NameID=29 TypeID=136
  [DEBUG] SymFunc idx=94 NameID=31 TypeID=138
  [DEBUG] SymFunc idx=98 NameID=32 TypeID=140
  [DEBUG] SymFunc idx=102 NameID=13 TypeID=142
  [DEBUG] SymFunc idx=107 NameID=16 TypeID=144
  [DEBUG] SymFunc idx=113 NameID=18 TypeID=146
  [DEBUG] SymFunc idx=119 NameID=21 TypeID=149
  [DEBUG] SymFunc idx=127 NameID=34 TypeID=152
  [DEBUG] SymFunc idx=135 NameID=24 TypeID=155
  [DEBUG] SymFunc idx=143 NameID=36 TypeID=158
  [DEBUG] SymFunc idx=148 NameID=26 TypeID=161
  [DEBUG] SymFunc idx=184 NameID=58 TypeID=163
  [DEBUG] SymFunc idx=187 NameID=59 TypeID=166
  [DEBUG] SymFunc idx=190 NameID=61 TypeID=169
  [DEBUG] SymFunc idx=194 NameID=62 TypeID=172
  [DEBUG] SymFunc idx=198 NameID=63 TypeID=175
  [DEBUG] SymFunc idx=203 NameID=66 TypeID=177
  [DEBUG] SymFunc idx=206 NameID=49 TypeID=181
  [DEBUG] SymFunc idx=210 NameID=68 TypeID=186
  [DEBUG] SymFunc idx=213 NameID=69 TypeID=188
  [DEBUG] SymFunc idx=216 NameID=70 TypeID=190
  [DEBUG] SymFunc idx=220 NameID=71 TypeID=192
  [DEBUG] SymFunc idx=223 NameID=72 TypeID=194
  [DEBUG] SymFunc idx=226 NameID=73 TypeID=198
  [DEBUG] SymFunc idx=230 NameID=74 TypeID=202
  [DEBUG] SymFunc idx=235 NameID=69 TypeID=204
  [DEBUG] SymFunc idx=238 NameID=71 TypeID=206
  [DEBUG] SymFunc idx=242 NameID=69 TypeID=208
  [DEBUG] SymFunc idx=245 NameID=70 TypeID=210
  [DEBUG] SymFunc idx=249 NameID=71 TypeID=212
  [DEBUG] SymFunc idx=252 NameID=76 TypeID=214
  [DEBUG] SymFunc idx=254 NameID=77 TypeID=217
  [DEBUG] SymFunc idx=258 NameID=79 TypeID=220
  [DEBUG] SymFunc idx=261 NameID=80 TypeID=223
  [DEBUG] SymFunc idx=264 NameID=81 TypeID=224
  [DEBUG] SymFunc idx=266 NameID=83 TypeID=225
  [DEBUG] SymFunc idx=269 NameID=86 TypeID=226
  [DEBUG] SymFunc idx=274 NameID=92 TypeID=227
  [DEBUG] SymFunc idx=279 NameID=97 TypeID=228
  [DEBUG] SymFunc idx=284 NameID=102 TypeID=229
  [DEBUG] SymFunc idx=292 NameID=156 TypeID=234
  [DEBUG] SymFunc idx=294 NameID=157 TypeID=236
  [DEBUG] SymFunc idx=298 NameID=158 TypeID=246
  [DEBUG] SymFunc idx=301 NameID=159 TypeID=248
  [DEBUG] SymFunc idx=303 NameID=160 TypeID=249
  [DEBUG] SymFunc idx=305 NameID=161 TypeID=252
  [DEBUG] SymFunc idx=308 NameID=162 TypeID=255
  [DEBUG] SymFunc idx=310 NameID=163 TypeID=275
  [DEBUG] SymFunc idx=313 NameID=164 TypeID=278
  [DEBUG] SymFunc idx=317 NameID=165 TypeID=284
  [DEBUG] SymFunc idx=322 NameID=167 TypeID=287
  [DEBUG] SymFunc idx=327 NameID=169 TypeID=290
  [DEBUG] SymFunc idx=329 NameID=170 TypeID=292
  [DEBUG] SymFunc idx=332 NameID=171 TypeID=295
[DEBUG] getMethodsOfStruct called for struct 104
  [DEBUG] SymFunc idx=38 NameID=9 TypeID=115
  [DEBUG] SymFunc idx=42 NameID=12 TypeID=117
  [DEBUG] SymFunc idx=45 NameID=13 TypeID=119
  [DEBUG] SymFunc idx=50 NameID=16 TypeID=121
  [DEBUG] SymFunc idx=56 NameID=18 TypeID=123
  [DEBUG] SymFunc idx=62 NameID=21 TypeID=126
  [DEBUG] SymFunc idx=69 NameID=24 TypeID=129
  [DEBUG] SymFunc idx=76 NameID=25 TypeID=132
  [DEBUG] SymFunc idx=83 NameID=27 TypeID=134
  [DEBUG] SymFunc idx=89 NameID=29 TypeID=136
  [DEBUG] SymFunc idx=94 NameID=31 TypeID=138
  [DEBUG] SymFunc idx=98 NameID=32 TypeID=140
  [DEBUG] SymFunc idx=102 NameID=13 TypeID=142
  [DEBUG] SymFunc idx=107 NameID=16 TypeID=144
  [DEBUG] SymFunc idx=113 NameID=18 TypeID=146
  [DEBUG] SymFunc idx=119 NameID=21 TypeID=149
  [DEBUG] SymFunc idx=127 NameID=34 TypeID=152
  [DEBUG] SymFunc idx=135 NameID=24 TypeID=155
  [DEBUG] SymFunc idx=143 NameID=36 TypeID=158
  [DEBUG] SymFunc idx=148 NameID=26 TypeID=161
  [DEBUG] SymFunc idx=184 NameID=58 TypeID=163
  [DEBUG] SymFunc idx=187 NameID=59 TypeID=166
  [DEBUG] SymFunc idx=190 NameID=61 TypeID=169
  [DEBUG] SymFunc idx=194 NameID=62 TypeID=172
  [DEBUG] SymFunc idx=198 NameID=63 TypeID=175
  [DEBUG] SymFunc idx=203 NameID=66 TypeID=177
  [DEBUG] SymFunc idx=206 NameID=49 TypeID=181
  [DEBUG] SymFunc idx=210 NameID=68 TypeID=186
  [DEBUG] SymFunc idx=213 NameID=69 TypeID=188
  [DEBUG] SymFunc idx=216 NameID=70 TypeID=190
  [DEBUG] SymFunc idx=220 NameID=71 TypeID=192
  [DEBUG] SymFunc idx=223 NameID=72 TypeID=194
  [DEBUG] SymFunc idx=226 NameID=73 TypeID=198
  [DEBUG] SymFunc idx=230 NameID=74 TypeID=202
  [DEBUG] SymFunc idx=235 NameID=69 TypeID=204
  [DEBUG] SymFunc idx=238 NameID=71 TypeID=206
  [DEBUG] SymFunc idx=242 NameID=69 TypeID=208
  [DEBUG] SymFunc idx=245 NameID=70 TypeID=210
  [DEBUG] SymFunc idx=249 NameID=71 TypeID=212
  [DEBUG] SymFunc idx=252 NameID=76 TypeID=214
  [DEBUG] SymFunc idx=254 NameID=77 TypeID=217
  [DEBUG] SymFunc idx=258 NameID=79 TypeID=220
  [DEBUG] SymFunc idx=261 NameID=80 TypeID=223
  [DEBUG] SymFunc idx=264 NameID=81 TypeID=224
  [DEBUG] SymFunc idx=266 NameID=83 TypeID=225
  [DEBUG] SymFunc idx=269 NameID=86 TypeID=226
  [DEBUG] SymFunc idx=274 NameID=92 TypeID=227
  [DEBUG] SymFunc idx=279 NameID=97 TypeID=228
  [DEBUG] SymFunc idx=284 NameID=102 TypeID=229
  [DEBUG] SymFunc idx=292 NameID=156 TypeID=234
  [DEBUG] SymFunc idx=294 NameID=157 TypeID=236
  [DEBUG] SymFunc idx=298 NameID=158 TypeID=246
  [DEBUG] SymFunc idx=301 NameID=159 TypeID=248
  [DEBUG] SymFunc idx=303 NameID=160 TypeID=249
  [DEBUG] SymFunc idx=305 NameID=161 TypeID=252
  [DEBUG] SymFunc idx=308 NameID=162 TypeID=255
  [DEBUG] SymFunc idx=310 NameID=163 TypeID=275
  [DEBUG] SymFunc idx=313 NameID=164 TypeID=278
  [DEBUG] SymFunc idx=317 NameID=165 TypeID=284
  [DEBUG] SymFunc idx=322 NameID=167 TypeID=287
  [DEBUG] SymFunc idx=327 NameID=169 TypeID=290
  [DEBUG] SymFunc idx=329 NameID=170 TypeID=292
  [DEBUG] SymFunc idx=332 NameID=171 TypeID=295
[DEBUG] Instantiated method unlock: instSymIdx=332, errs=[]
[DEBUG] getMethodsOfStruct called for struct 286
  [DEBUG] SymFunc idx=38 NameID=9 TypeID=115
  [DEBUG] SymFunc idx=42 NameID=12 TypeID=117
  [DEBUG] SymFunc idx=45 NameID=13 TypeID=119
  [DEBUG] SymFunc idx=50 NameID=16 TypeID=121
  [DEBUG] SymFunc idx=56 NameID=18 TypeID=123
  [DEBUG] SymFunc idx=62 NameID=21 TypeID=126
  [DEBUG] SymFunc idx=69 NameID=24 TypeID=129
  [DEBUG] SymFunc idx=76 NameID=25 TypeID=132
  [DEBUG] SymFunc idx=83 NameID=27 TypeID=134
  [DEBUG] SymFunc idx=89 NameID=29 TypeID=136
  [DEBUG] SymFunc idx=94 NameID=31 TypeID=138
  [DEBUG] SymFunc idx=98 NameID=32 TypeID=140
  [DEBUG] SymFunc idx=102 NameID=13 TypeID=142
  [DEBUG] SymFunc idx=107 NameID=16 TypeID=144
  [DEBUG] SymFunc idx=113 NameID=18 TypeID=146
  [DEBUG] SymFunc idx=119 NameID=21 TypeID=149
  [DEBUG] SymFunc idx=127 NameID=34 TypeID=152
  [DEBUG] SymFunc idx=135 NameID=24 TypeID=155
  [DEBUG] SymFunc idx=143 NameID=36 TypeID=158
  [DEBUG] SymFunc idx=148 NameID=26 TypeID=161
  [DEBUG] SymFunc idx=184 NameID=58 TypeID=163
  [DEBUG] SymFunc idx=187 NameID=59 TypeID=166
  [DEBUG] SymFunc idx=190 NameID=61 TypeID=169
  [DEBUG] SymFunc idx=194 NameID=62 TypeID=172
  [DEBUG] SymFunc idx=198 NameID=63 TypeID=175
  [DEBUG] SymFunc idx=203 NameID=66 TypeID=177
  [DEBUG] SymFunc idx=206 NameID=49 TypeID=181
  [DEBUG] SymFunc idx=210 NameID=68 TypeID=186
  [DEBUG] SymFunc idx=213 NameID=69 TypeID=188
  [DEBUG] SymFunc idx=216 NameID=70 TypeID=190
  [DEBUG] SymFunc idx=220 NameID=71 TypeID=192
  [DEBUG] SymFunc idx=223 NameID=72 TypeID=194
  [DEBUG] SymFunc idx=226 NameID=73 TypeID=198
  [DEBUG] SymFunc idx=230 NameID=74 TypeID=202
  [DEBUG] SymFunc idx=235 NameID=69 TypeID=204
  [DEBUG] SymFunc idx=238 NameID=71 TypeID=206
  [DEBUG] SymFunc idx=242 NameID=69 TypeID=208
  [DEBUG] SymFunc idx=245 NameID=70 TypeID=210
  [DEBUG] SymFunc idx=249 NameID=71 TypeID=212
  [DEBUG] SymFunc idx=252 NameID=76 TypeID=214
  [DEBUG] SymFunc idx=254 NameID=77 TypeID=217
  [DEBUG] SymFunc idx=258 NameID=79 TypeID=220
  [DEBUG] SymFunc idx=261 NameID=80 TypeID=223
  [DEBUG] SymFunc idx=264 NameID=81 TypeID=224
  [DEBUG] SymFunc idx=266 NameID=83 TypeID=225
  [DEBUG] SymFunc idx=269 NameID=86 TypeID=226
  [DEBUG] SymFunc idx=274 NameID=92 TypeID=227
  [DEBUG] SymFunc idx=279 NameID=97 TypeID=228
  [DEBUG] SymFunc idx=284 NameID=102 TypeID=229
  [DEBUG] SymFunc idx=292 NameID=156 TypeID=234
  [DEBUG] SymFunc idx=294 NameID=157 TypeID=236
  [DEBUG] SymFunc idx=298 NameID=158 TypeID=246
  [DEBUG] SymFunc idx=301 NameID=159 TypeID=248
  [DEBUG] SymFunc idx=303 NameID=160 TypeID=249
  [DEBUG] SymFunc idx=305 NameID=161 TypeID=252
  [DEBUG] SymFunc idx=308 NameID=162 TypeID=255
  [DEBUG] SymFunc idx=310 NameID=163 TypeID=275
  [DEBUG] SymFunc idx=313 NameID=164 TypeID=278
  [DEBUG] SymFunc idx=317 NameID=165 TypeID=284
  [DEBUG] SymFunc idx=322 NameID=167 TypeID=287
  [DEBUG] SymFunc idx=327 NameID=169 TypeID=290
  [DEBUG] SymFunc idx=329 NameID=170 TypeID=292
  [DEBUG] SymFunc idx=332 NameID=171 TypeID=295
[DEBUG-FIELD] FieldExpr nodeIdx=1271 objType=283 fieldNameID=68
[DEBUG-FIELD] objType resolved to entry.Kind=1 structType=283 NameID=166 genericArgs=[]
[DEBUG-FIELD] struct fields count=2 genericParams=[]
[DEBUG-FIELD]   checking field NameID=38 field.TypeID=3
[DEBUG-FIELD]   checking field NameID=40 field.TypeID=104
[DEBUG] getMethodsOfStruct called for struct 283
  [DEBUG] SymFunc idx=38 NameID=9 TypeID=115
  [DEBUG] SymFunc idx=42 NameID=12 TypeID=117
  [DEBUG] SymFunc idx=45 NameID=13 TypeID=119
  [DEBUG] SymFunc idx=50 NameID=16 TypeID=121
  [DEBUG] SymFunc idx=56 NameID=18 TypeID=123
  [DEBUG] SymFunc idx=62 NameID=21 TypeID=126
  [DEBUG] SymFunc idx=69 NameID=24 TypeID=129
  [DEBUG] SymFunc idx=76 NameID=25 TypeID=132
  [DEBUG] SymFunc idx=83 NameID=27 TypeID=134
  [DEBUG] SymFunc idx=89 NameID=29 TypeID=136
  [DEBUG] SymFunc idx=94 NameID=31 TypeID=138
  [DEBUG] SymFunc idx=98 NameID=32 TypeID=140
  [DEBUG] SymFunc idx=102 NameID=13 TypeID=142
  [DEBUG] SymFunc idx=107 NameID=16 TypeID=144
  [DEBUG] SymFunc idx=113 NameID=18 TypeID=146
  [DEBUG] SymFunc idx=119 NameID=21 TypeID=149
  [DEBUG] SymFunc idx=127 NameID=34 TypeID=152
  [DEBUG] SymFunc idx=135 NameID=24 TypeID=155
  [DEBUG] SymFunc idx=143 NameID=36 TypeID=158
  [DEBUG] SymFunc idx=148 NameID=26 TypeID=161
  [DEBUG] SymFunc idx=184 NameID=58 TypeID=163
  [DEBUG] SymFunc idx=187 NameID=59 TypeID=166
  [DEBUG] SymFunc idx=190 NameID=61 TypeID=169
  [DEBUG] SymFunc idx=194 NameID=62 TypeID=172
  [DEBUG] SymFunc idx=198 NameID=63 TypeID=175
  [DEBUG] SymFunc idx=203 NameID=66 TypeID=177
  [DEBUG] SymFunc idx=206 NameID=49 TypeID=181
  [DEBUG] SymFunc idx=210 NameID=68 TypeID=186
  [DEBUG] SymFunc idx=213 NameID=69 TypeID=188
  [DEBUG] SymFunc idx=216 NameID=70 TypeID=190
  [DEBUG] SymFunc idx=220 NameID=71 TypeID=192
  [DEBUG] SymFunc idx=223 NameID=72 TypeID=194
  [DEBUG] SymFunc idx=226 NameID=73 TypeID=198
  [DEBUG] SymFunc idx=230 NameID=74 TypeID=202
  [DEBUG] SymFunc idx=235 NameID=69 TypeID=204
  [DEBUG] SymFunc idx=238 NameID=71 TypeID=206
  [DEBUG] SymFunc idx=242 NameID=69 TypeID=208
  [DEBUG] SymFunc idx=245 NameID=70 TypeID=210
  [DEBUG] SymFunc idx=249 NameID=71 TypeID=212
  [DEBUG] SymFunc idx=252 NameID=76 TypeID=214
  [DEBUG] SymFunc idx=254 NameID=77 TypeID=217
  [DEBUG] SymFunc idx=258 NameID=79 TypeID=220
  [DEBUG] SymFunc idx=261 NameID=80 TypeID=223
  [DEBUG] SymFunc idx=264 NameID=81 TypeID=224
  [DEBUG] SymFunc idx=266 NameID=83 TypeID=225
  [DEBUG] SymFunc idx=269 NameID=86 TypeID=226
  [DEBUG] SymFunc idx=274 NameID=92 TypeID=227
  [DEBUG] SymFunc idx=279 NameID=97 TypeID=228
  [DEBUG] SymFunc idx=284 NameID=102 TypeID=229
  [DEBUG] SymFunc idx=292 NameID=156 TypeID=234
  [DEBUG] SymFunc idx=294 NameID=157 TypeID=236
  [DEBUG] SymFunc idx=298 NameID=158 TypeID=246
  [DEBUG] SymFunc idx=301 NameID=159 TypeID=248
  [DEBUG] SymFunc idx=303 NameID=160 TypeID=249
  [DEBUG] SymFunc idx=305 NameID=161 TypeID=252
  [DEBUG] SymFunc idx=308 NameID=162 TypeID=255
  [DEBUG] SymFunc idx=310 NameID=163 TypeID=275
  [DEBUG] SymFunc idx=313 NameID=164 TypeID=278
  [DEBUG] SymFunc idx=317 NameID=165 TypeID=284
  [DEBUG] SymFunc idx=322 NameID=167 TypeID=287
  [DEBUG] SymFunc idx=327 NameID=169 TypeID=290
  [DEBUG] SymFunc idx=329 NameID=170 TypeID=292
  [DEBUG] SymFunc idx=332 NameID=171 TypeID=295
[DEBUG-OVERLOAD] methodName=try_lock baseName=Mutex recParam=182 kind=8 nameID=39 recStructName=Mutex
[DEBUG] Instantiating generic method template: try_lock for typeArgs [i32]. structName=_AX_std_Mutex_i32
[DEBUG] Inference NodeGenericType (User-Defined): base='Mutex' typeArgs=[i32] instTypeID=283
[DEBUG] Inference NodeGenericType: base='ptr' argNodeIdx=1722 innerTypeID=283 resultType=285
[DEBUG] Inference NodeGenericType (User-Defined): base='MutexGuard' typeArgs=[i32] instTypeID=286
[DEBUG] Inference NodeGenericType (User-Defined): base='Option' typeArgs=[type] instTypeID=298
[DEBUG] Inference NodeGenericType (User-Defined): base='MutexGuard' typeArgs=[i32] instTypeID=286
[DEBUG] Inference NodeGenericType (User-Defined): base='Option' typeArgs=[type] instTypeID=298
[DEBUG-FIELD] FieldExpr nodeIdx=1734 objType=285 fieldNameID=40
[DEBUG-FIELD] objType resolved to entry.Kind=1 structType=283 NameID=166 genericArgs=[]
[DEBUG-FIELD] struct fields count=2 genericParams=[]
[DEBUG-FIELD]   checking field NameID=38 field.TypeID=3
[DEBUG-FIELD]   checking field NameID=40 field.TypeID=104
[DEBUG-FIELD]   found field fieldType=104 resultType=104
[DEBUG-FIELD] FieldExpr nodeIdx=1733 objType=104 fieldNameID=63
[DEBUG-FIELD] objType resolved to entry.Kind=1 structType=104 NameID=153 genericArgs=[]
[DEBUG-FIELD] struct fields count=1 genericParams=[]
[DEBUG-FIELD]   checking field NameID=38 field.TypeID=11
[DEBUG] getMethodsOfStruct called for struct 104
  [DEBUG] SymFunc idx=38 NameID=9 TypeID=115
  [DEBUG] SymFunc idx=42 NameID=12 TypeID=117
  [DEBUG] SymFunc idx=45 NameID=13 TypeID=119
  [DEBUG] SymFunc idx=50 NameID=16 TypeID=121
  [DEBUG] SymFunc idx=56 NameID=18 TypeID=123
  [DEBUG] SymFunc idx=62 NameID=21 TypeID=126
  [DEBUG] SymFunc idx=69 NameID=24 TypeID=129
  [DEBUG] SymFunc idx=76 NameID=25 TypeID=132
  [DEBUG] SymFunc idx=83 NameID=27 TypeID=134
  [DEBUG] SymFunc idx=89 NameID=29 TypeID=136
  [DEBUG] SymFunc idx=94 NameID=31 TypeID=138
  [DEBUG] SymFunc idx=98 NameID=32 TypeID=140
  [DEBUG] SymFunc idx=102 NameID=13 TypeID=142
  [DEBUG] SymFunc idx=107 NameID=16 TypeID=144
  [DEBUG] SymFunc idx=113 NameID=18 TypeID=146
  [DEBUG] SymFunc idx=119 NameID=21 TypeID=149
  [DEBUG] SymFunc idx=127 NameID=34 TypeID=152
  [DEBUG] SymFunc idx=135 NameID=24 TypeID=155
  [DEBUG] SymFunc idx=143 NameID=36 TypeID=158
  [DEBUG] SymFunc idx=148 NameID=26 TypeID=161
  [DEBUG] SymFunc idx=184 NameID=58 TypeID=163
  [DEBUG] SymFunc idx=187 NameID=59 TypeID=166
  [DEBUG] SymFunc idx=190 NameID=61 TypeID=169
  [DEBUG] SymFunc idx=194 NameID=62 TypeID=172
  [DEBUG] SymFunc idx=198 NameID=63 TypeID=175
  [DEBUG] SymFunc idx=203 NameID=66 TypeID=177
  [DEBUG] SymFunc idx=206 NameID=49 TypeID=181
  [DEBUG] SymFunc idx=210 NameID=68 TypeID=186
  [DEBUG] SymFunc idx=213 NameID=69 TypeID=188
  [DEBUG] SymFunc idx=216 NameID=70 TypeID=190
  [DEBUG] SymFunc idx=220 NameID=71 TypeID=192
  [DEBUG] SymFunc idx=223 NameID=72 TypeID=194
  [DEBUG] SymFunc idx=226 NameID=73 TypeID=198
  [DEBUG] SymFunc idx=230 NameID=74 TypeID=202
  [DEBUG] SymFunc idx=235 NameID=69 TypeID=204
  [DEBUG] SymFunc idx=238 NameID=71 TypeID=206
  [DEBUG] SymFunc idx=242 NameID=69 TypeID=208
  [DEBUG] SymFunc idx=245 NameID=70 TypeID=210
  [DEBUG] SymFunc idx=249 NameID=71 TypeID=212
  [DEBUG] SymFunc idx=252 NameID=76 TypeID=214
  [DEBUG] SymFunc idx=254 NameID=77 TypeID=217
  [DEBUG] SymFunc idx=258 NameID=79 TypeID=220
  [DEBUG] SymFunc idx=261 NameID=80 TypeID=223
  [DEBUG] SymFunc idx=264 NameID=81 TypeID=224
  [DEBUG] SymFunc idx=266 NameID=83 TypeID=225
  [DEBUG] SymFunc idx=269 NameID=86 TypeID=226
  [DEBUG] SymFunc idx=274 NameID=92 TypeID=227
  [DEBUG] SymFunc idx=279 NameID=97 TypeID=228
  [DEBUG] SymFunc idx=284 NameID=102 TypeID=229
  [DEBUG] SymFunc idx=292 NameID=156 TypeID=234
  [DEBUG] SymFunc idx=294 NameID=157 TypeID=236
  [DEBUG] SymFunc idx=298 NameID=158 TypeID=246
  [DEBUG] SymFunc idx=301 NameID=159 TypeID=248
  [DEBUG] SymFunc idx=303 NameID=160 TypeID=249
  [DEBUG] SymFunc idx=305 NameID=161 TypeID=252
  [DEBUG] SymFunc idx=308 NameID=162 TypeID=255
  [DEBUG] SymFunc idx=310 NameID=163 TypeID=275
  [DEBUG] SymFunc idx=313 NameID=164 TypeID=278
  [DEBUG] SymFunc idx=317 NameID=165 TypeID=284
  [DEBUG] SymFunc idx=322 NameID=167 TypeID=287
  [DEBUG] SymFunc idx=327 NameID=169 TypeID=290
  [DEBUG] SymFunc idx=329 NameID=170 TypeID=292
  [DEBUG] SymFunc idx=332 NameID=171 TypeID=295
  [DEBUG] SymFunc idx=334 NameID=172 TypeID=299
[DEBUG-INDEX] Instantiating generic collection: collectionName=MutexGuard typeArgs=[i32] (hasGenericParam=false)
[DEBUG] getMethodsOfStruct called for struct 104
  [DEBUG] SymFunc idx=38 NameID=9 TypeID=115
  [DEBUG] SymFunc idx=42 NameID=12 TypeID=117
  [DEBUG] SymFunc idx=45 NameID=13 TypeID=119
  [DEBUG] SymFunc idx=50 NameID=16 TypeID=121
  [DEBUG] SymFunc idx=56 NameID=18 TypeID=123
  [DEBUG] SymFunc idx=62 NameID=21 TypeID=126
  [DEBUG] SymFunc idx=69 NameID=24 TypeID=129
  [DEBUG] SymFunc idx=76 NameID=25 TypeID=132
  [DEBUG] SymFunc idx=83 NameID=27 TypeID=134
  [DEBUG] SymFunc idx=89 NameID=29 TypeID=136
  [DEBUG] SymFunc idx=94 NameID=31 TypeID=138
  [DEBUG] SymFunc idx=98 NameID=32 TypeID=140
  [DEBUG] SymFunc idx=102 NameID=13 TypeID=142
  [DEBUG] SymFunc idx=107 NameID=16 TypeID=144
  [DEBUG] SymFunc idx=113 NameID=18 TypeID=146
  [DEBUG] SymFunc idx=119 NameID=21 TypeID=149
  [DEBUG] SymFunc idx=127 NameID=34 TypeID=152
  [DEBUG] SymFunc idx=135 NameID=24 TypeID=155
  [DEBUG] SymFunc idx=143 NameID=36 TypeID=158
  [DEBUG] SymFunc idx=148 NameID=26 TypeID=161
  [DEBUG] SymFunc idx=184 NameID=58 TypeID=163
  [DEBUG] SymFunc idx=187 NameID=59 TypeID=166
  [DEBUG] SymFunc idx=190 NameID=61 TypeID=169
  [DEBUG] SymFunc idx=194 NameID=62 TypeID=172
  [DEBUG] SymFunc idx=198 NameID=63 TypeID=175
  [DEBUG] SymFunc idx=203 NameID=66 TypeID=177
  [DEBUG] SymFunc idx=206 NameID=49 TypeID=181
  [DEBUG] SymFunc idx=210 NameID=68 TypeID=186
  [DEBUG] SymFunc idx=213 NameID=69 TypeID=188
  [DEBUG] SymFunc idx=216 NameID=70 TypeID=190
  [DEBUG] SymFunc idx=220 NameID=71 TypeID=192
  [DEBUG] SymFunc idx=223 NameID=72 TypeID=194
  [DEBUG] SymFunc idx=226 NameID=73 TypeID=198
  [DEBUG] SymFunc idx=230 NameID=74 TypeID=202
  [DEBUG] SymFunc idx=235 NameID=69 TypeID=204
  [DEBUG] SymFunc idx=238 NameID=71 TypeID=206
  [DEBUG] SymFunc idx=242 NameID=69 TypeID=208
  [DEBUG] SymFunc idx=245 NameID=70 TypeID=210
  [DEBUG] SymFunc idx=249 NameID=71 TypeID=212
  [DEBUG] SymFunc idx=252 NameID=76 TypeID=214
  [DEBUG] SymFunc idx=254 NameID=77 TypeID=217
  [DEBUG] SymFunc idx=258 NameID=79 TypeID=220
  [DEBUG] SymFunc idx=261 NameID=80 TypeID=223
  [DEBUG] SymFunc idx=264 NameID=81 TypeID=224
  [DEBUG] SymFunc idx=266 NameID=83 TypeID=225
  [DEBUG] SymFunc idx=269 NameID=86 TypeID=226
  [DEBUG] SymFunc idx=274 NameID=92 TypeID=227
  [DEBUG] SymFunc idx=279 NameID=97 TypeID=228
  [DEBUG] SymFunc idx=284 NameID=102 TypeID=229
  [DEBUG] SymFunc idx=292 NameID=156 TypeID=234
  [DEBUG] SymFunc idx=294 NameID=157 TypeID=236
  [DEBUG] SymFunc idx=298 NameID=158 TypeID=246
  [DEBUG] SymFunc idx=301 NameID=159 TypeID=248
  [DEBUG] SymFunc idx=303 NameID=160 TypeID=249
  [DEBUG] SymFunc idx=305 NameID=161 TypeID=252
  [DEBUG] SymFunc idx=308 NameID=162 TypeID=255
  [DEBUG] SymFunc idx=310 NameID=163 TypeID=275
  [DEBUG] SymFunc idx=313 NameID=164 TypeID=278
  [DEBUG] SymFunc idx=317 NameID=165 TypeID=284
  [DEBUG] SymFunc idx=322 NameID=167 TypeID=287
  [DEBUG] SymFunc idx=327 NameID=169 TypeID=290
  [DEBUG] SymFunc idx=329 NameID=170 TypeID=292
  [DEBUG] SymFunc idx=332 NameID=171 TypeID=295
  [DEBUG] SymFunc idx=334 NameID=172 TypeID=299
[DEBUG] Instantiated method try_lock: instSymIdx=334, errs=[]
[DEBUG] getMethodsOfStruct called for struct 283
  [DEBUG] SymFunc idx=38 NameID=9 TypeID=115
  [DEBUG] SymFunc idx=42 NameID=12 TypeID=117
  [DEBUG] SymFunc idx=45 NameID=13 TypeID=119
  [DEBUG] SymFunc idx=50 NameID=16 TypeID=121
  [DEBUG] SymFunc idx=56 NameID=18 TypeID=123
  [DEBUG] SymFunc idx=62 NameID=21 TypeID=126
  [DEBUG] SymFunc idx=69 NameID=24 TypeID=129
  [DEBUG] SymFunc idx=76 NameID=25 TypeID=132
  [DEBUG] SymFunc idx=83 NameID=27 TypeID=134
  [DEBUG] SymFunc idx=89 NameID=29 TypeID=136
  [DEBUG] SymFunc idx=94 NameID=31 TypeID=138
  [DEBUG] SymFunc idx=98 NameID=32 TypeID=140
  [DEBUG] SymFunc idx=102 NameID=13 TypeID=142
  [DEBUG] SymFunc idx=107 NameID=16 TypeID=144
  [DEBUG] SymFunc idx=113 NameID=18 TypeID=146
  [DEBUG] SymFunc idx=119 NameID=21 TypeID=149
  [DEBUG] SymFunc idx=127 NameID=34 TypeID=152
  [DEBUG] SymFunc idx=135 NameID=24 TypeID=155
  [DEBUG] SymFunc idx=143 NameID=36 TypeID=158
  [DEBUG] SymFunc idx=148 NameID=26 TypeID=161
  [DEBUG] SymFunc idx=184 NameID=58 TypeID=163
  [DEBUG] SymFunc idx=187 NameID=59 TypeID=166
  [DEBUG] SymFunc idx=190 NameID=61 TypeID=169
  [DEBUG] SymFunc idx=194 NameID=62 TypeID=172
  [DEBUG] SymFunc idx=198 NameID=63 TypeID=175
  [DEBUG] SymFunc idx=203 NameID=66 TypeID=177
  [DEBUG] SymFunc idx=206 NameID=49 TypeID=181
  [DEBUG] SymFunc idx=210 NameID=68 TypeID=186
  [DEBUG] SymFunc idx=213 NameID=69 TypeID=188
  [DEBUG] SymFunc idx=216 NameID=70 TypeID=190
  [DEBUG] SymFunc idx=220 NameID=71 TypeID=192
  [DEBUG] SymFunc idx=223 NameID=72 TypeID=194
  [DEBUG] SymFunc idx=226 NameID=73 TypeID=198
  [DEBUG] SymFunc idx=230 NameID=74 TypeID=202
  [DEBUG] SymFunc idx=235 NameID=69 TypeID=204
  [DEBUG] SymFunc idx=238 NameID=71 TypeID=206
  [DEBUG] SymFunc idx=242 NameID=69 TypeID=208
  [DEBUG] SymFunc idx=245 NameID=70 TypeID=210
  [DEBUG] SymFunc idx=249 NameID=71 TypeID=212
  [DEBUG] SymFunc idx=252 NameID=76 TypeID=214
  [DEBUG] SymFunc idx=254 NameID=77 TypeID=217
  [DEBUG] SymFunc idx=258 NameID=79 TypeID=220
  [DEBUG] SymFunc idx=261 NameID=80 TypeID=223
  [DEBUG] SymFunc idx=264 NameID=81 TypeID=224
  [DEBUG] SymFunc idx=266 NameID=83 TypeID=225
  [DEBUG] SymFunc idx=269 NameID=86 TypeID=226
  [DEBUG] SymFunc idx=274 NameID=92 TypeID=227
  [DEBUG] SymFunc idx=279 NameID=97 TypeID=228
  [DEBUG] SymFunc idx=284 NameID=102 TypeID=229
  [DEBUG] SymFunc idx=292 NameID=156 TypeID=234
  [DEBUG] SymFunc idx=294 NameID=157 TypeID=236
  [DEBUG] SymFunc idx=298 NameID=158 TypeID=246
  [DEBUG] SymFunc idx=301 NameID=159 TypeID=248
  [DEBUG] SymFunc idx=303 NameID=160 TypeID=249
  [DEBUG] SymFunc idx=305 NameID=161 TypeID=252
  [DEBUG] SymFunc idx=308 NameID=162 TypeID=255
  [DEBUG] SymFunc idx=310 NameID=163 TypeID=275
  [DEBUG] SymFunc idx=313 NameID=164 TypeID=278
  [DEBUG] SymFunc idx=317 NameID=165 TypeID=284
  [DEBUG] SymFunc idx=322 NameID=167 TypeID=287
  [DEBUG] SymFunc idx=327 NameID=169 TypeID=290
  [DEBUG] SymFunc idx=329 NameID=170 TypeID=292
  [DEBUG] SymFunc idx=332 NameID=171 TypeID=295
  [DEBUG] SymFunc idx=334 NameID=172 TypeID=299
[DEBUG-FIELD] FieldExpr nodeIdx=1277 objType=298 fieldNameID=9
[DEBUG-FIELD] objType resolved to entry.Kind=6 structType=298 NameID=173 genericArgs=[]
[DEBUG-FIELD] FieldExpr nodeIdx=1282 objType=298 fieldNameID=13
[DEBUG-FIELD] objType resolved to entry.Kind=6 structType=298 NameID=173 genericArgs=[]
[DEBUG-FIELD] FieldExpr nodeIdx=1288 objType=0 fieldNameID=69
[DEBUG-FIELD] FieldExpr nodeIdx=1294 objType=0 fieldNameID=71
[DEBUG-INDEX] Instantiating generic collection: collectionName=rwlock_new typeArgs=[i32] (hasGenericParam=false)
[DEBUG] StructDecl typeID=302 append field NameID=38 TypeID=3
[DEBUG] Inference NodeGenericType (User-Defined): base='Atomic' typeArgs=[i32] instTypeID=107
[DEBUG] StructDecl typeID=302 append field NameID=45 TypeID=107
[DEBUG] Inference NodeGenericType (User-Defined): base='Atomic' typeArgs=[bool] instTypeID=104
[DEBUG] StructDecl typeID=302 append field NameID=47 TypeID=104
[DEBUG] Inference NodeGenericType (User-Defined): base='RwLock' typeArgs=[i32] instTypeID=302
[DEBUG] Inference NodeGenericType (User-Defined): base='RwLock' typeArgs=[i32] instTypeID=302
[DEBUG-INDEX] Instantiating generic collection: collectionName=RwLock typeArgs=[i32] (hasGenericParam=false)
[DEBUG-INDEX] Instantiating generic collection: collectionName=atomic_new typeArgs=[i32] (hasGenericParam=false)
[DEBUG-INDEX] Instantiating generic collection: collectionName=atomic_new typeArgs=[bool] (hasGenericParam=false)
[DEBUG] CastExpr child expr nodeIdx=1307 Kind=IntLit Type=3
[DEBUG] NodeCastExpr nodeIdx=1308 targetNodeIdx=1309 Kind=TypeExpr Payload=2 targetType=3
[DEBUG-FIELD] FieldExpr nodeIdx=1312 objType=302 fieldNameID=73
[DEBUG-FIELD] objType resolved to entry.Kind=1 structType=302 NameID=175 genericArgs=[]
[DEBUG-FIELD] struct fields count=3 genericParams=[]
[DEBUG-FIELD]   checking field NameID=38 field.TypeID=3
[DEBUG-FIELD]   checking field NameID=45 field.TypeID=107
[DEBUG-FIELD]   checking field NameID=47 field.TypeID=104
[DEBUG] getMethodsOfStruct called for struct 302
  [DEBUG] SymFunc idx=38 NameID=9 TypeID=115
  [DEBUG] SymFunc idx=42 NameID=12 TypeID=117
  [DEBUG] SymFunc idx=45 NameID=13 TypeID=119
  [DEBUG] SymFunc idx=50 NameID=16 TypeID=121
  [DEBUG] SymFunc idx=56 NameID=18 TypeID=123
  [DEBUG] SymFunc idx=62 NameID=21 TypeID=126
  [DEBUG] SymFunc idx=69 NameID=24 TypeID=129
  [DEBUG] SymFunc idx=76 NameID=25 TypeID=132
  [DEBUG] SymFunc idx=83 NameID=27 TypeID=134
  [DEBUG] SymFunc idx=89 NameID=29 TypeID=136
  [DEBUG] SymFunc idx=94 NameID=31 TypeID=138
  [DEBUG] SymFunc idx=98 NameID=32 TypeID=140
  [DEBUG] SymFunc idx=102 NameID=13 TypeID=142
  [DEBUG] SymFunc idx=107 NameID=16 TypeID=144
  [DEBUG] SymFunc idx=113 NameID=18 TypeID=146
  [DEBUG] SymFunc idx=119 NameID=21 TypeID=149
  [DEBUG] SymFunc idx=127 NameID=34 TypeID=152
  [DEBUG] SymFunc idx=135 NameID=24 TypeID=155
  [DEBUG] SymFunc idx=143 NameID=36 TypeID=158
  [DEBUG] SymFunc idx=148 NameID=26 TypeID=161
  [DEBUG] SymFunc idx=184 NameID=58 TypeID=163
  [DEBUG] SymFunc idx=187 NameID=59 TypeID=166
  [DEBUG] SymFunc idx=190 NameID=61 TypeID=169
  [DEBUG] SymFunc idx=194 NameID=62 TypeID=172
  [DEBUG] SymFunc idx=198 NameID=63 TypeID=175
  [DEBUG] SymFunc idx=203 NameID=66 TypeID=177
  [DEBUG] SymFunc idx=206 NameID=49 TypeID=181
  [DEBUG] SymFunc idx=210 NameID=68 TypeID=186
  [DEBUG] SymFunc idx=213 NameID=69 TypeID=188
  [DEBUG] SymFunc idx=216 NameID=70 TypeID=190
  [DEBUG] SymFunc idx=220 NameID=71 TypeID=192
  [DEBUG] SymFunc idx=223 NameID=72 TypeID=194
  [DEBUG] SymFunc idx=226 NameID=73 TypeID=198
  [DEBUG] SymFunc idx=230 NameID=74 TypeID=202
  [DEBUG] SymFunc idx=235 NameID=69 TypeID=204
  [DEBUG] SymFunc idx=238 NameID=71 TypeID=206
  [DEBUG] SymFunc idx=242 NameID=69 TypeID=208
  [DEBUG] SymFunc idx=245 NameID=70 TypeID=210
  [DEBUG] SymFunc idx=249 NameID=71 TypeID=212
  [DEBUG] SymFunc idx=252 NameID=76 TypeID=214
  [DEBUG] SymFunc idx=254 NameID=77 TypeID=217
  [DEBUG] SymFunc idx=258 NameID=79 TypeID=220
  [DEBUG] SymFunc idx=261 NameID=80 TypeID=223
  [DEBUG] SymFunc idx=264 NameID=81 TypeID=224
  [DEBUG] SymFunc idx=266 NameID=83 TypeID=225
  [DEBUG] SymFunc idx=269 NameID=86 TypeID=226
  [DEBUG] SymFunc idx=274 NameID=92 TypeID=227
  [DEBUG] SymFunc idx=279 NameID=97 TypeID=228
  [DEBUG] SymFunc idx=284 NameID=102 TypeID=229
  [DEBUG] SymFunc idx=292 NameID=156 TypeID=234
  [DEBUG] SymFunc idx=294 NameID=157 TypeID=236
  [DEBUG] SymFunc idx=298 NameID=158 TypeID=246
  [DEBUG] SymFunc idx=301 NameID=159 TypeID=248
  [DEBUG] SymFunc idx=303 NameID=160 TypeID=249
  [DEBUG] SymFunc idx=305 NameID=161 TypeID=252
  [DEBUG] SymFunc idx=308 NameID=162 TypeID=255
  [DEBUG] SymFunc idx=310 NameID=163 TypeID=275
  [DEBUG] SymFunc idx=313 NameID=164 TypeID=278
  [DEBUG] SymFunc idx=317 NameID=165 TypeID=284
  [DEBUG] SymFunc idx=322 NameID=167 TypeID=287
  [DEBUG] SymFunc idx=327 NameID=169 TypeID=290
  [DEBUG] SymFunc idx=329 NameID=170 TypeID=292
  [DEBUG] SymFunc idx=332 NameID=171 TypeID=295
  [DEBUG] SymFunc idx=334 NameID=172 TypeID=299
  [DEBUG] SymFunc idx=339 NameID=174 TypeID=303
[DEBUG-OVERLOAD] methodName=read baseName=RwLock recParam=195 kind=8 nameID=44 recStructName=RwLock
[DEBUG] Instantiating generic method template: read for typeArgs [i32]. structName=_AX_std_RwLock_i32
[DEBUG] Inference NodeGenericType (User-Defined): base='RwLock' typeArgs=[i32] instTypeID=302
[DEBUG] Inference NodeGenericType: base='ptr' argNodeIdx=1808 innerTypeID=302 resultType=304
[DEBUG] Inference NodeGenericType (User-Defined): base='RwLock' typeArgs=[i32] instTypeID=302
[DEBUG] Inference NodeGenericType: base='ptr' argNodeIdx=1852 innerTypeID=302 resultType=304
[DEBUG] StructDecl typeID=305 append field NameID=49 TypeID=304
[DEBUG] Inference NodeGenericType (User-Defined): base='ReadGuard' typeArgs=[i32] instTypeID=305
[DEBUG] Inference NodeGenericType (User-Defined): base='ReadGuard' typeArgs=[i32] instTypeID=305
[DEBUG-FIELD] FieldExpr nodeIdx=1818 objType=304 fieldNameID=47
[DEBUG-FIELD] objType resolved to entry.Kind=1 structType=302 NameID=175 genericArgs=[]
[DEBUG-FIELD] struct fields count=3 genericParams=[]
[DEBUG-FIELD]   checking field NameID=38 field.TypeID=3
[DEBUG-FIELD]   checking field NameID=45 field.TypeID=107
[DEBUG-FIELD]   checking field NameID=47 field.TypeID=104
[DEBUG-FIELD]   found field fieldType=104 resultType=104
[DEBUG-FIELD] FieldExpr nodeIdx=1817 objType=104 fieldNameID=59
[DEBUG-FIELD] objType resolved to entry.Kind=1 structType=104 NameID=153 genericArgs=[]
[DEBUG-FIELD] struct fields count=1 genericParams=[]
[DEBUG-FIELD]   checking field NameID=38 field.TypeID=11
[DEBUG] getMethodsOfStruct called for struct 104
  [DEBUG] SymFunc idx=38 NameID=9 TypeID=115
  [DEBUG] SymFunc idx=42 NameID=12 TypeID=117
  [DEBUG] SymFunc idx=45 NameID=13 TypeID=119
  [DEBUG] SymFunc idx=50 NameID=16 TypeID=121
  [DEBUG] SymFunc idx=56 NameID=18 TypeID=123
  [DEBUG] SymFunc idx=62 NameID=21 TypeID=126
  [DEBUG] SymFunc idx=69 NameID=24 TypeID=129
  [DEBUG] SymFunc idx=76 NameID=25 TypeID=132
  [DEBUG] SymFunc idx=83 NameID=27 TypeID=134
  [DEBUG] SymFunc idx=89 NameID=29 TypeID=136
  [DEBUG] SymFunc idx=94 NameID=31 TypeID=138
  [DEBUG] SymFunc idx=98 NameID=32 TypeID=140
  [DEBUG] SymFunc idx=102 NameID=13 TypeID=142
  [DEBUG] SymFunc idx=107 NameID=16 TypeID=144
  [DEBUG] SymFunc idx=113 NameID=18 TypeID=146
  [DEBUG] SymFunc idx=119 NameID=21 TypeID=149
  [DEBUG] SymFunc idx=127 NameID=34 TypeID=152
  [DEBUG] SymFunc idx=135 NameID=24 TypeID=155
  [DEBUG] SymFunc idx=143 NameID=36 TypeID=158
  [DEBUG] SymFunc idx=148 NameID=26 TypeID=161
  [DEBUG] SymFunc idx=184 NameID=58 TypeID=163
  [DEBUG] SymFunc idx=187 NameID=59 TypeID=166
  [DEBUG] SymFunc idx=190 NameID=61 TypeID=169
  [DEBUG] SymFunc idx=194 NameID=62 TypeID=172
  [DEBUG] SymFunc idx=198 NameID=63 TypeID=175
  [DEBUG] SymFunc idx=203 NameID=66 TypeID=177
  [DEBUG] SymFunc idx=206 NameID=49 TypeID=181
  [DEBUG] SymFunc idx=210 NameID=68 TypeID=186
  [DEBUG] SymFunc idx=213 NameID=69 TypeID=188
  [DEBUG] SymFunc idx=216 NameID=70 TypeID=190
  [DEBUG] SymFunc idx=220 NameID=71 TypeID=192
  [DEBUG] SymFunc idx=223 NameID=72 TypeID=194
  [DEBUG] SymFunc idx=226 NameID=73 TypeID=198
  [DEBUG] SymFunc idx=230 NameID=74 TypeID=202
  [DEBUG] SymFunc idx=235 NameID=69 TypeID=204
  [DEBUG] SymFunc idx=238 NameID=71 TypeID=206
  [DEBUG] SymFunc idx=242 NameID=69 TypeID=208
  [DEBUG] SymFunc idx=245 NameID=70 TypeID=210
  [DEBUG] SymFunc idx=249 NameID=71 TypeID=212
  [DEBUG] SymFunc idx=252 NameID=76 TypeID=214
  [DEBUG] SymFunc idx=254 NameID=77 TypeID=217
  [DEBUG] SymFunc idx=258 NameID=79 TypeID=220
  [DEBUG] SymFunc idx=261 NameID=80 TypeID=223
  [DEBUG] SymFunc idx=264 NameID=81 TypeID=224
  [DEBUG] SymFunc idx=266 NameID=83 TypeID=225
  [DEBUG] SymFunc idx=269 NameID=86 TypeID=226
  [DEBUG] SymFunc idx=274 NameID=92 TypeID=227
  [DEBUG] SymFunc idx=279 NameID=97 TypeID=228
  [DEBUG] SymFunc idx=284 NameID=102 TypeID=229
  [DEBUG] SymFunc idx=292 NameID=156 TypeID=234
  [DEBUG] SymFunc idx=294 NameID=157 TypeID=236
  [DEBUG] SymFunc idx=298 NameID=158 TypeID=246
  [DEBUG] SymFunc idx=301 NameID=159 TypeID=248
  [DEBUG] SymFunc idx=303 NameID=160 TypeID=249
  [DEBUG] SymFunc idx=305 NameID=161 TypeID=252
  [DEBUG] SymFunc idx=308 NameID=162 TypeID=255
  [DEBUG] SymFunc idx=310 NameID=163 TypeID=275
  [DEBUG] SymFunc idx=313 NameID=164 TypeID=278
  [DEBUG] SymFunc idx=317 NameID=165 TypeID=284
  [DEBUG] SymFunc idx=322 NameID=167 TypeID=287
  [DEBUG] SymFunc idx=327 NameID=169 TypeID=290
  [DEBUG] SymFunc idx=329 NameID=170 TypeID=292
  [DEBUG] SymFunc idx=332 NameID=171 TypeID=295
  [DEBUG] SymFunc idx=334 NameID=172 TypeID=299
  [DEBUG] SymFunc idx=339 NameID=174 TypeID=303
  [DEBUG] SymFunc idx=345 NameID=176 TypeID=306
[DEBUG-FIELD] FieldExpr nodeIdx=1827 objType=304 fieldNameID=45
[DEBUG-FIELD] objType resolved to entry.Kind=1 structType=302 NameID=175 genericArgs=[]
[DEBUG-FIELD] struct fields count=3 genericParams=[]
[DEBUG-FIELD]   checking field NameID=38 field.TypeID=3
[DEBUG-FIELD]   checking field NameID=45 field.TypeID=107
[DEBUG-FIELD]   found field fieldType=107 resultType=107
[DEBUG-FIELD] FieldExpr nodeIdx=1826 objType=107 fieldNameID=61
[DEBUG-FIELD] objType resolved to entry.Kind=1 structType=107 NameID=154 genericArgs=[]
[DEBUG-FIELD] struct fields count=1 genericParams=[]
[DEBUG-FIELD]   checking field NameID=38 field.TypeID=3
[DEBUG] getMethodsOfStruct called for struct 107
  [DEBUG] SymFunc idx=38 NameID=9 TypeID=115
  [DEBUG] SymFunc idx=42 NameID=12 TypeID=117
  [DEBUG] SymFunc idx=45 NameID=13 TypeID=119
  [DEBUG] SymFunc idx=50 NameID=16 TypeID=121
  [DEBUG] SymFunc idx=56 NameID=18 TypeID=123
  [DEBUG] SymFunc idx=62 NameID=21 TypeID=126
  [DEBUG] SymFunc idx=69 NameID=24 TypeID=129
  [DEBUG] SymFunc idx=76 NameID=25 TypeID=132
  [DEBUG] SymFunc idx=83 NameID=27 TypeID=134
  [DEBUG] SymFunc idx=89 NameID=29 TypeID=136
  [DEBUG] SymFunc idx=94 NameID=31 TypeID=138
  [DEBUG] SymFunc idx=98 NameID=32 TypeID=140
  [DEBUG] SymFunc idx=102 NameID=13 TypeID=142
  [DEBUG] SymFunc idx=107 NameID=16 TypeID=144
  [DEBUG] SymFunc idx=113 NameID=18 TypeID=146
  [DEBUG] SymFunc idx=119 NameID=21 TypeID=149
  [DEBUG] SymFunc idx=127 NameID=34 TypeID=152
  [DEBUG] SymFunc idx=135 NameID=24 TypeID=155
  [DEBUG] SymFunc idx=143 NameID=36 TypeID=158
  [DEBUG] SymFunc idx=148 NameID=26 TypeID=161
  [DEBUG] SymFunc idx=184 NameID=58 TypeID=163
  [DEBUG] SymFunc idx=187 NameID=59 TypeID=166
  [DEBUG] SymFunc idx=190 NameID=61 TypeID=169
  [DEBUG] SymFunc idx=194 NameID=62 TypeID=172
  [DEBUG] SymFunc idx=198 NameID=63 TypeID=175
  [DEBUG] SymFunc idx=203 NameID=66 TypeID=177
  [DEBUG] SymFunc idx=206 NameID=49 TypeID=181
  [DEBUG] SymFunc idx=210 NameID=68 TypeID=186
  [DEBUG] SymFunc idx=213 NameID=69 TypeID=188
  [DEBUG] SymFunc idx=216 NameID=70 TypeID=190
  [DEBUG] SymFunc idx=220 NameID=71 TypeID=192
  [DEBUG] SymFunc idx=223 NameID=72 TypeID=194
  [DEBUG] SymFunc idx=226 NameID=73 TypeID=198
  [DEBUG] SymFunc idx=230 NameID=74 TypeID=202
  [DEBUG] SymFunc idx=235 NameID=69 TypeID=204
  [DEBUG] SymFunc idx=238 NameID=71 TypeID=206
  [DEBUG] SymFunc idx=242 NameID=69 TypeID=208
  [DEBUG] SymFunc idx=245 NameID=70 TypeID=210
  [DEBUG] SymFunc idx=249 NameID=71 TypeID=212
  [DEBUG] SymFunc idx=252 NameID=76 TypeID=214
  [DEBUG] SymFunc idx=254 NameID=77 TypeID=217
  [DEBUG] SymFunc idx=258 NameID=79 TypeID=220
  [DEBUG] SymFunc idx=261 NameID=80 TypeID=223
  [DEBUG] SymFunc idx=264 NameID=81 TypeID=224
  [DEBUG] SymFunc idx=266 NameID=83 TypeID=225
  [DEBUG] SymFunc idx=269 NameID=86 TypeID=226
  [DEBUG] SymFunc idx=274 NameID=92 TypeID=227
  [DEBUG] SymFunc idx=279 NameID=97 TypeID=228
  [DEBUG] SymFunc idx=284 NameID=102 TypeID=229
  [DEBUG] SymFunc idx=292 NameID=156 TypeID=234
  [DEBUG] SymFunc idx=294 NameID=157 TypeID=236
  [DEBUG] SymFunc idx=298 NameID=158 TypeID=246
  [DEBUG] SymFunc idx=301 NameID=159 TypeID=248
  [DEBUG] SymFunc idx=303 NameID=160 TypeID=249
  [DEBUG] SymFunc idx=305 NameID=161 TypeID=252
  [DEBUG] SymFunc idx=308 NameID=162 TypeID=255
  [DEBUG] SymFunc idx=310 NameID=163 TypeID=275
  [DEBUG] SymFunc idx=313 NameID=164 TypeID=278
  [DEBUG] SymFunc idx=317 NameID=165 TypeID=284
  [DEBUG] SymFunc idx=322 NameID=167 TypeID=287
  [DEBUG] SymFunc idx=327 NameID=169 TypeID=290
  [DEBUG] SymFunc idx=329 NameID=170 TypeID=292
  [DEBUG] SymFunc idx=332 NameID=171 TypeID=295
  [DEBUG] SymFunc idx=334 NameID=172 TypeID=299
  [DEBUG] SymFunc idx=339 NameID=174 TypeID=303
  [DEBUG] SymFunc idx=345 NameID=176 TypeID=306
[DEBUG-FIELD] FieldExpr nodeIdx=1834 objType=304 fieldNameID=45
[DEBUG-FIELD] objType resolved to entry.Kind=1 structType=302 NameID=175 genericArgs=[]
[DEBUG-FIELD] struct fields count=3 genericParams=[]
[DEBUG-FIELD]   checking field NameID=38 field.TypeID=3
[DEBUG-FIELD]   checking field NameID=45 field.TypeID=107
[DEBUG-FIELD]   found field fieldType=107 resultType=107
[DEBUG-FIELD] FieldExpr nodeIdx=1833 objType=107 fieldNameID=59
[DEBUG-FIELD] objType resolved to entry.Kind=1 structType=107 NameID=154 genericArgs=[]
[DEBUG-FIELD] struct fields count=1 genericParams=[]
[DEBUG-FIELD]   checking field NameID=38 field.TypeID=3
[DEBUG-INDEX] Instantiating generic collection: collectionName=ReadGuard typeArgs=[i32] (hasGenericParam=false)
[DEBUG] getMethodsOfStruct called for struct 104
  [DEBUG] SymFunc idx=38 NameID=9 TypeID=115
  [DEBUG] SymFunc idx=42 NameID=12 TypeID=117
  [DEBUG] SymFunc idx=45 NameID=13 TypeID=119
  [DEBUG] SymFunc idx=50 NameID=16 TypeID=121
  [DEBUG] SymFunc idx=56 NameID=18 TypeID=123
  [DEBUG] SymFunc idx=62 NameID=21 TypeID=126
  [DEBUG] SymFunc idx=69 NameID=24 TypeID=129
  [DEBUG] SymFunc idx=76 NameID=25 TypeID=132
  [DEBUG] SymFunc idx=83 NameID=27 TypeID=134
  [DEBUG] SymFunc idx=89 NameID=29 TypeID=136
  [DEBUG] SymFunc idx=94 NameID=31 TypeID=138
  [DEBUG] SymFunc idx=98 NameID=32 TypeID=140
  [DEBUG] SymFunc idx=102 NameID=13 TypeID=142
  [DEBUG] SymFunc idx=107 NameID=16 TypeID=144
  [DEBUG] SymFunc idx=113 NameID=18 TypeID=146
  [DEBUG] SymFunc idx=119 NameID=21 TypeID=149
  [DEBUG] SymFunc idx=127 NameID=34 TypeID=152
  [DEBUG] SymFunc idx=135 NameID=24 TypeID=155
  [DEBUG] SymFunc idx=143 NameID=36 TypeID=158
  [DEBUG] SymFunc idx=148 NameID=26 TypeID=161
  [DEBUG] SymFunc idx=184 NameID=58 TypeID=163
  [DEBUG] SymFunc idx=187 NameID=59 TypeID=166
  [DEBUG] SymFunc idx=190 NameID=61 TypeID=169
  [DEBUG] SymFunc idx=194 NameID=62 TypeID=172
  [DEBUG] SymFunc idx=198 NameID=63 TypeID=175
  [DEBUG] SymFunc idx=203 NameID=66 TypeID=177
  [DEBUG] SymFunc idx=206 NameID=49 TypeID=181
  [DEBUG] SymFunc idx=210 NameID=68 TypeID=186
  [DEBUG] SymFunc idx=213 NameID=69 TypeID=188
  [DEBUG] SymFunc idx=216 NameID=70 TypeID=190
  [DEBUG] SymFunc idx=220 NameID=71 TypeID=192
  [DEBUG] SymFunc idx=223 NameID=72 TypeID=194
  [DEBUG] SymFunc idx=226 NameID=73 TypeID=198
  [DEBUG] SymFunc idx=230 NameID=74 TypeID=202
  [DEBUG] SymFunc idx=235 NameID=69 TypeID=204
  [DEBUG] SymFunc idx=238 NameID=71 TypeID=206
  [DEBUG] SymFunc idx=242 NameID=69 TypeID=208
  [DEBUG] SymFunc idx=245 NameID=70 TypeID=210
  [DEBUG] SymFunc idx=249 NameID=71 TypeID=212
  [DEBUG] SymFunc idx=252 NameID=76 TypeID=214
  [DEBUG] SymFunc idx=254 NameID=77 TypeID=217
  [DEBUG] SymFunc idx=258 NameID=79 TypeID=220
  [DEBUG] SymFunc idx=261 NameID=80 TypeID=223
  [DEBUG] SymFunc idx=264 NameID=81 TypeID=224
  [DEBUG] SymFunc idx=266 NameID=83 TypeID=225
  [DEBUG] SymFunc idx=269 NameID=86 TypeID=226
  [DEBUG] SymFunc idx=274 NameID=92 TypeID=227
  [DEBUG] SymFunc idx=279 NameID=97 TypeID=228
  [DEBUG] SymFunc idx=284 NameID=102 TypeID=229
  [DEBUG] SymFunc idx=292 NameID=156 TypeID=234
  [DEBUG] SymFunc idx=294 NameID=157 TypeID=236
  [DEBUG] SymFunc idx=298 NameID=158 TypeID=246
  [DEBUG] SymFunc idx=301 NameID=159 TypeID=248
  [DEBUG] SymFunc idx=303 NameID=160 TypeID=249
  [DEBUG] SymFunc idx=305 NameID=161 TypeID=252
  [DEBUG] SymFunc idx=308 NameID=162 TypeID=255
  [DEBUG] SymFunc idx=310 NameID=163 TypeID=275
  [DEBUG] SymFunc idx=313 NameID=164 TypeID=278
  [DEBUG] SymFunc idx=317 NameID=165 TypeID=284
  [DEBUG] SymFunc idx=322 NameID=167 TypeID=287
  [DEBUG] SymFunc idx=327 NameID=169 TypeID=290
  [DEBUG] SymFunc idx=329 NameID=170 TypeID=292
  [DEBUG] SymFunc idx=332 NameID=171 TypeID=295
  [DEBUG] SymFunc idx=334 NameID=172 TypeID=299
  [DEBUG] SymFunc idx=339 NameID=174 TypeID=303
  [DEBUG] SymFunc idx=345 NameID=176 TypeID=306
[DEBUG] getMethodsOfStruct called for struct 107
  [DEBUG] SymFunc idx=38 NameID=9 TypeID=115
  [DEBUG] SymFunc idx=42 NameID=12 TypeID=117
  [DEBUG] SymFunc idx=45 NameID=13 TypeID=119
  [DEBUG] SymFunc idx=50 NameID=16 TypeID=121
  [DEBUG] SymFunc idx=56 NameID=18 TypeID=123
  [DEBUG] SymFunc idx=62 NameID=21 TypeID=126
  [DEBUG] SymFunc idx=69 NameID=24 TypeID=129
  [DEBUG] SymFunc idx=76 NameID=25 TypeID=132
  [DEBUG] SymFunc idx=83 NameID=27 TypeID=134
  [DEBUG] SymFunc idx=89 NameID=29 TypeID=136
  [DEBUG] SymFunc idx=94 NameID=31 TypeID=138
  [DEBUG] SymFunc idx=98 NameID=32 TypeID=140
  [DEBUG] SymFunc idx=102 NameID=13 TypeID=142
  [DEBUG] SymFunc idx=107 NameID=16 TypeID=144
  [DEBUG] SymFunc idx=113 NameID=18 TypeID=146
  [DEBUG] SymFunc idx=119 NameID=21 TypeID=149
  [DEBUG] SymFunc idx=127 NameID=34 TypeID=152
  [DEBUG] SymFunc idx=135 NameID=24 TypeID=155
  [DEBUG] SymFunc idx=143 NameID=36 TypeID=158
  [DEBUG] SymFunc idx=148 NameID=26 TypeID=161
  [DEBUG] SymFunc idx=184 NameID=58 TypeID=163
  [DEBUG] SymFunc idx=187 NameID=59 TypeID=166
  [DEBUG] SymFunc idx=190 NameID=61 TypeID=169
  [DEBUG] SymFunc idx=194 NameID=62 TypeID=172
  [DEBUG] SymFunc idx=198 NameID=63 TypeID=175
  [DEBUG] SymFunc idx=203 NameID=66 TypeID=177
  [DEBUG] SymFunc idx=206 NameID=49 TypeID=181
  [DEBUG] SymFunc idx=210 NameID=68 TypeID=186
  [DEBUG] SymFunc idx=213 NameID=69 TypeID=188
  [DEBUG] SymFunc idx=216 NameID=70 TypeID=190
  [DEBUG] SymFunc idx=220 NameID=71 TypeID=192
  [DEBUG] SymFunc idx=223 NameID=72 TypeID=194
  [DEBUG] SymFunc idx=226 NameID=73 TypeID=198
  [DEBUG] SymFunc idx=230 NameID=74 TypeID=202
  [DEBUG] SymFunc idx=235 NameID=69 TypeID=204
  [DEBUG] SymFunc idx=238 NameID=71 TypeID=206
  [DEBUG] SymFunc idx=242 NameID=69 TypeID=208
  [DEBUG] SymFunc idx=245 NameID=70 TypeID=210
  [DEBUG] SymFunc idx=249 NameID=71 TypeID=212
  [DEBUG] SymFunc idx=252 NameID=76 TypeID=214
  [DEBUG] SymFunc idx=254 NameID=77 TypeID=217
  [DEBUG] SymFunc idx=258 NameID=79 TypeID=220
  [DEBUG] SymFunc idx=261 NameID=80 TypeID=223
  [DEBUG] SymFunc idx=264 NameID=81 TypeID=224
  [DEBUG] SymFunc idx=266 NameID=83 TypeID=225
  [DEBUG] SymFunc idx=269 NameID=86 TypeID=226
  [DEBUG] SymFunc idx=274 NameID=92 TypeID=227
  [DEBUG] SymFunc idx=279 NameID=97 TypeID=228
  [DEBUG] SymFunc idx=284 NameID=102 TypeID=229
  [DEBUG] SymFunc idx=292 NameID=156 TypeID=234
  [DEBUG] SymFunc idx=294 NameID=157 TypeID=236
  [DEBUG] SymFunc idx=298 NameID=158 TypeID=246
  [DEBUG] SymFunc idx=301 NameID=159 TypeID=248
  [DEBUG] SymFunc idx=303 NameID=160 TypeID=249
  [DEBUG] SymFunc idx=305 NameID=161 TypeID=252
  [DEBUG] SymFunc idx=308 NameID=162 TypeID=255
  [DEBUG] SymFunc idx=310 NameID=163 TypeID=275
  [DEBUG] SymFunc idx=313 NameID=164 TypeID=278
  [DEBUG] SymFunc idx=317 NameID=165 TypeID=284
  [DEBUG] SymFunc idx=322 NameID=167 TypeID=287
  [DEBUG] SymFunc idx=327 NameID=169 TypeID=290
  [DEBUG] SymFunc idx=329 NameID=170 TypeID=292
  [DEBUG] SymFunc idx=332 NameID=171 TypeID=295
  [DEBUG] SymFunc idx=334 NameID=172 TypeID=299
  [DEBUG] SymFunc idx=339 NameID=174 TypeID=303
  [DEBUG] SymFunc idx=345 NameID=176 TypeID=306
[DEBUG] Instantiated method read: instSymIdx=345, errs=[]
[DEBUG] getMethodsOfStruct called for struct 302
  [DEBUG] SymFunc idx=38 NameID=9 TypeID=115
  [DEBUG] SymFunc idx=42 NameID=12 TypeID=117
  [DEBUG] SymFunc idx=45 NameID=13 TypeID=119
  [DEBUG] SymFunc idx=50 NameID=16 TypeID=121
  [DEBUG] SymFunc idx=56 NameID=18 TypeID=123
  [DEBUG] SymFunc idx=62 NameID=21 TypeID=126
  [DEBUG] SymFunc idx=69 NameID=24 TypeID=129
  [DEBUG] SymFunc idx=76 NameID=25 TypeID=132
  [DEBUG] SymFunc idx=83 NameID=27 TypeID=134
  [DEBUG] SymFunc idx=89 NameID=29 TypeID=136
  [DEBUG] SymFunc idx=94 NameID=31 TypeID=138
  [DEBUG] SymFunc idx=98 NameID=32 TypeID=140
  [DEBUG] SymFunc idx=102 NameID=13 TypeID=142
  [DEBUG] SymFunc idx=107 NameID=16 TypeID=144
  [DEBUG] SymFunc idx=113 NameID=18 TypeID=146
  [DEBUG] SymFunc idx=119 NameID=21 TypeID=149
  [DEBUG] SymFunc idx=127 NameID=34 TypeID=152
  [DEBUG] SymFunc idx=135 NameID=24 TypeID=155
  [DEBUG] SymFunc idx=143 NameID=36 TypeID=158
  [DEBUG] SymFunc idx=148 NameID=26 TypeID=161
  [DEBUG] SymFunc idx=184 NameID=58 TypeID=163
  [DEBUG] SymFunc idx=187 NameID=59 TypeID=166
  [DEBUG] SymFunc idx=190 NameID=61 TypeID=169
  [DEBUG] SymFunc idx=194 NameID=62 TypeID=172
  [DEBUG] SymFunc idx=198 NameID=63 TypeID=175
  [DEBUG] SymFunc idx=203 NameID=66 TypeID=177
  [DEBUG] SymFunc idx=206 NameID=49 TypeID=181
  [DEBUG] SymFunc idx=210 NameID=68 TypeID=186
  [DEBUG] SymFunc idx=213 NameID=69 TypeID=188
  [DEBUG] SymFunc idx=216 NameID=70 TypeID=190
  [DEBUG] SymFunc idx=220 NameID=71 TypeID=192
  [DEBUG] SymFunc idx=223 NameID=72 TypeID=194
  [DEBUG] SymFunc idx=226 NameID=73 TypeID=198
  [DEBUG] SymFunc idx=230 NameID=74 TypeID=202
  [DEBUG] SymFunc idx=235 NameID=69 TypeID=204
  [DEBUG] SymFunc idx=238 NameID=71 TypeID=206
  [DEBUG] SymFunc idx=242 NameID=69 TypeID=208
  [DEBUG] SymFunc idx=245 NameID=70 TypeID=210
  [DEBUG] SymFunc idx=249 NameID=71 TypeID=212
  [DEBUG] SymFunc idx=252 NameID=76 TypeID=214
  [DEBUG] SymFunc idx=254 NameID=77 TypeID=217
  [DEBUG] SymFunc idx=258 NameID=79 TypeID=220
  [DEBUG] SymFunc idx=261 NameID=80 TypeID=223
  [DEBUG] SymFunc idx=264 NameID=81 TypeID=224
  [DEBUG] SymFunc idx=266 NameID=83 TypeID=225
  [DEBUG] SymFunc idx=269 NameID=86 TypeID=226
  [DEBUG] SymFunc idx=274 NameID=92 TypeID=227
  [DEBUG] SymFunc idx=279 NameID=97 TypeID=228
  [DEBUG] SymFunc idx=284 NameID=102 TypeID=229
  [DEBUG] SymFunc idx=292 NameID=156 TypeID=234
  [DEBUG] SymFunc idx=294 NameID=157 TypeID=236
  [DEBUG] SymFunc idx=298 NameID=158 TypeID=246
  [DEBUG] SymFunc idx=301 NameID=159 TypeID=248
  [DEBUG] SymFunc idx=303 NameID=160 TypeID=249
  [DEBUG] SymFunc idx=305 NameID=161 TypeID=252
  [DEBUG] SymFunc idx=308 NameID=162 TypeID=255
  [DEBUG] SymFunc idx=310 NameID=163 TypeID=275
  [DEBUG] SymFunc idx=313 NameID=164 TypeID=278
  [DEBUG] SymFunc idx=317 NameID=165 TypeID=284
  [DEBUG] SymFunc idx=322 NameID=167 TypeID=287
  [DEBUG] SymFunc idx=327 NameID=169 TypeID=290
  [DEBUG] SymFunc idx=329 NameID=170 TypeID=292
  [DEBUG] SymFunc idx=332 NameID=171 TypeID=295
  [DEBUG] SymFunc idx=334 NameID=172 TypeID=299
  [DEBUG] SymFunc idx=339 NameID=174 TypeID=303
  [DEBUG] SymFunc idx=345 NameID=176 TypeID=306
[DEBUG-FIELD] FieldExpr nodeIdx=1318 objType=305 fieldNameID=69
[DEBUG-FIELD] objType resolved to entry.Kind=1 structType=305 NameID=177 genericArgs=[]
[DEBUG-FIELD] struct fields count=1 genericParams=[]
[DEBUG-FIELD]   checking field NameID=49 field.TypeID=304
[DEBUG] getMethodsOfStruct called for struct 305
  [DEBUG] SymFunc idx=38 NameID=9 TypeID=115
  [DEBUG] SymFunc idx=42 NameID=12 TypeID=117
  [DEBUG] SymFunc idx=45 NameID=13 TypeID=119
  [DEBUG] SymFunc idx=50 NameID=16 TypeID=121
  [DEBUG] SymFunc idx=56 NameID=18 TypeID=123
  [DEBUG] SymFunc idx=62 NameID=21 TypeID=126
  [DEBUG] SymFunc idx=69 NameID=24 TypeID=129
  [DEBUG] SymFunc idx=76 NameID=25 TypeID=132
  [DEBUG] SymFunc idx=83 NameID=27 TypeID=134
  [DEBUG] SymFunc idx=89 NameID=29 TypeID=136
  [DEBUG] SymFunc idx=94 NameID=31 TypeID=138
  [DEBUG] SymFunc idx=98 NameID=32 TypeID=140
  [DEBUG] SymFunc idx=102 NameID=13 TypeID=142
  [DEBUG] SymFunc idx=107 NameID=16 TypeID=144
  [DEBUG] SymFunc idx=113 NameID=18 TypeID=146
  [DEBUG] SymFunc idx=119 NameID=21 TypeID=149
  [DEBUG] SymFunc idx=127 NameID=34 TypeID=152
  [DEBUG] SymFunc idx=135 NameID=24 TypeID=155
  [DEBUG] SymFunc idx=143 NameID=36 TypeID=158
  [DEBUG] SymFunc idx=148 NameID=26 TypeID=161
  [DEBUG] SymFunc idx=184 NameID=58 TypeID=163
  [DEBUG] SymFunc idx=187 NameID=59 TypeID=166
  [DEBUG] SymFunc idx=190 NameID=61 TypeID=169
  [DEBUG] SymFunc idx=194 NameID=62 TypeID=172
  [DEBUG] SymFunc idx=198 NameID=63 TypeID=175
  [DEBUG] SymFunc idx=203 NameID=66 TypeID=177
  [DEBUG] SymFunc idx=206 NameID=49 TypeID=181
  [DEBUG] SymFunc idx=210 NameID=68 TypeID=186
  [DEBUG] SymFunc idx=213 NameID=69 TypeID=188
  [DEBUG] SymFunc idx=216 NameID=70 TypeID=190
  [DEBUG] SymFunc idx=220 NameID=71 TypeID=192
  [DEBUG] SymFunc idx=223 NameID=72 TypeID=194
  [DEBUG] SymFunc idx=226 NameID=73 TypeID=198
  [DEBUG] SymFunc idx=230 NameID=74 TypeID=202
  [DEBUG] SymFunc idx=235 NameID=69 TypeID=204
  [DEBUG] SymFunc idx=238 NameID=71 TypeID=206
  [DEBUG] SymFunc idx=242 NameID=69 TypeID=208
  [DEBUG] SymFunc idx=245 NameID=70 TypeID=210
  [DEBUG] SymFunc idx=249 NameID=71 TypeID=212
  [DEBUG] SymFunc idx=252 NameID=76 TypeID=214
  [DEBUG] SymFunc idx=254 NameID=77 TypeID=217
  [DEBUG] SymFunc idx=258 NameID=79 TypeID=220
  [DEBUG] SymFunc idx=261 NameID=80 TypeID=223
  [DEBUG] SymFunc idx=264 NameID=81 TypeID=224
  [DEBUG] SymFunc idx=266 NameID=83 TypeID=225
  [DEBUG] SymFunc idx=269 NameID=86 TypeID=226
  [DEBUG] SymFunc idx=274 NameID=92 TypeID=227
  [DEBUG] SymFunc idx=279 NameID=97 TypeID=228
  [DEBUG] SymFunc idx=284 NameID=102 TypeID=229
  [DEBUG] SymFunc idx=292 NameID=156 TypeID=234
  [DEBUG] SymFunc idx=294 NameID=157 TypeID=236
  [DEBUG] SymFunc idx=298 NameID=158 TypeID=246
  [DEBUG] SymFunc idx=301 NameID=159 TypeID=248
  [DEBUG] SymFunc idx=303 NameID=160 TypeID=249
  [DEBUG] SymFunc idx=305 NameID=161 TypeID=252
  [DEBUG] SymFunc idx=308 NameID=162 TypeID=255
  [DEBUG] SymFunc idx=310 NameID=163 TypeID=275
  [DEBUG] SymFunc idx=313 NameID=164 TypeID=278
  [DEBUG] SymFunc idx=317 NameID=165 TypeID=284
  [DEBUG] SymFunc idx=322 NameID=167 TypeID=287
  [DEBUG] SymFunc idx=327 NameID=169 TypeID=290
  [DEBUG] SymFunc idx=329 NameID=170 TypeID=292
  [DEBUG] SymFunc idx=332 NameID=171 TypeID=295
  [DEBUG] SymFunc idx=334 NameID=172 TypeID=299
  [DEBUG] SymFunc idx=339 NameID=174 TypeID=303
  [DEBUG] SymFunc idx=345 NameID=176 TypeID=306
[DEBUG-OVERLOAD] methodName=get baseName=ReadGuard recParam=187 kind=8 nameID=41 recStructName=MutexGuard
[DEBUG-OVERLOAD] methodName=get baseName=ReadGuard recParam=203 kind=8 nameID=48 recStructName=ReadGuard
[DEBUG] Instantiating generic method template: get for typeArgs [i32]. structName=_AX_std_ReadGuard_i32
[DEBUG] Inference NodeGenericType (User-Defined): base='ReadGuard' typeArgs=[i32] instTypeID=305
[DEBUG-FIELD] FieldExpr nodeIdx=1866 objType=305 fieldNameID=49
[DEBUG-FIELD] objType resolved to entry.Kind=1 structType=305 NameID=177 genericArgs=[]
[DEBUG-FIELD] struct fields count=1 genericParams=[]
[DEBUG-FIELD]   checking field NameID=49 field.TypeID=304
[DEBUG-FIELD]   found field fieldType=304 resultType=304
[DEBUG-FIELD] FieldExpr nodeIdx=1865 objType=304 fieldNameID=38
[DEBUG-FIELD] objType resolved to entry.Kind=1 structType=302 NameID=175 genericArgs=[]
[DEBUG-FIELD] struct fields count=3 genericParams=[]
[DEBUG-FIELD]   checking field NameID=38 field.TypeID=3
[DEBUG-FIELD]   found field fieldType=3 resultType=3
[DEBUG] Instantiated method get: instSymIdx=350, errs=[]
[DEBUG] getMethodsOfStruct called for struct 305
  [DEBUG] SymFunc idx=38 NameID=9 TypeID=115
  [DEBUG] SymFunc idx=42 NameID=12 TypeID=117
  [DEBUG] SymFunc idx=45 NameID=13 TypeID=119
  [DEBUG] SymFunc idx=50 NameID=16 TypeID=121
  [DEBUG] SymFunc idx=56 NameID=18 TypeID=123
  [DEBUG] SymFunc idx=62 NameID=21 TypeID=126
  [DEBUG] SymFunc idx=69 NameID=24 TypeID=129
  [DEBUG] SymFunc idx=76 NameID=25 TypeID=132
  [DEBUG] SymFunc idx=83 NameID=27 TypeID=134
  [DEBUG] SymFunc idx=89 NameID=29 TypeID=136
  [DEBUG] SymFunc idx=94 NameID=31 TypeID=138
  [DEBUG] SymFunc idx=98 NameID=32 TypeID=140
  [DEBUG] SymFunc idx=102 NameID=13 TypeID=142
  [DEBUG] SymFunc idx=107 NameID=16 TypeID=144
  [DEBUG] SymFunc idx=113 NameID=18 TypeID=146
  [DEBUG] SymFunc idx=119 NameID=21 TypeID=149
  [DEBUG] SymFunc idx=127 NameID=34 TypeID=152
  [DEBUG] SymFunc idx=135 NameID=24 TypeID=155
  [DEBUG] SymFunc idx=143 NameID=36 TypeID=158
  [DEBUG] SymFunc idx=148 NameID=26 TypeID=161
  [DEBUG] SymFunc idx=184 NameID=58 TypeID=163
  [DEBUG] SymFunc idx=187 NameID=59 TypeID=166
  [DEBUG] SymFunc idx=190 NameID=61 TypeID=169
  [DEBUG] SymFunc idx=194 NameID=62 TypeID=172
  [DEBUG] SymFunc idx=198 NameID=63 TypeID=175
  [DEBUG] SymFunc idx=203 NameID=66 TypeID=177
  [DEBUG] SymFunc idx=206 NameID=49 TypeID=181
  [DEBUG] SymFunc idx=210 NameID=68 TypeID=186
  [DEBUG] SymFunc idx=213 NameID=69 TypeID=188
  [DEBUG] SymFunc idx=216 NameID=70 TypeID=190
  [DEBUG] SymFunc idx=220 NameID=71 TypeID=192
  [DEBUG] SymFunc idx=223 NameID=72 TypeID=194
  [DEBUG] SymFunc idx=226 NameID=73 TypeID=198
  [DEBUG] SymFunc idx=230 NameID=74 TypeID=202
  [DEBUG] SymFunc idx=235 NameID=69 TypeID=204
  [DEBUG] SymFunc idx=238 NameID=71 TypeID=206
  [DEBUG] SymFunc idx=242 NameID=69 TypeID=208
  [DEBUG] SymFunc idx=245 NameID=70 TypeID=210
  [DEBUG] SymFunc idx=249 NameID=71 TypeID=212
  [DEBUG] SymFunc idx=252 NameID=76 TypeID=214
  [DEBUG] SymFunc idx=254 NameID=77 TypeID=217
  [DEBUG] SymFunc idx=258 NameID=79 TypeID=220
  [DEBUG] SymFunc idx=261 NameID=80 TypeID=223
  [DEBUG] SymFunc idx=264 NameID=81 TypeID=224
  [DEBUG] SymFunc idx=266 NameID=83 TypeID=225
  [DEBUG] SymFunc idx=269 NameID=86 TypeID=226
  [DEBUG] SymFunc idx=274 NameID=92 TypeID=227
  [DEBUG] SymFunc idx=279 NameID=97 TypeID=228
  [DEBUG] SymFunc idx=284 NameID=102 TypeID=229
  [DEBUG] SymFunc idx=292 NameID=156 TypeID=234
  [DEBUG] SymFunc idx=294 NameID=157 TypeID=236
  [DEBUG] SymFunc idx=298 NameID=158 TypeID=246
  [DEBUG] SymFunc idx=301 NameID=159 TypeID=248
  [DEBUG] SymFunc idx=303 NameID=160 TypeID=249
  [DEBUG] SymFunc idx=305 NameID=161 TypeID=252
  [DEBUG] SymFunc idx=308 NameID=162 TypeID=255
  [DEBUG] SymFunc idx=310 NameID=163 TypeID=275
  [DEBUG] SymFunc idx=313 NameID=164 TypeID=278
  [DEBUG] SymFunc idx=317 NameID=165 TypeID=284
  [DEBUG] SymFunc idx=322 NameID=167 TypeID=287
  [DEBUG] SymFunc idx=327 NameID=169 TypeID=290
  [DEBUG] SymFunc idx=329 NameID=170 TypeID=292
  [DEBUG] SymFunc idx=332 NameID=171 TypeID=295
  [DEBUG] SymFunc idx=334 NameID=172 TypeID=299
  [DEBUG] SymFunc idx=339 NameID=174 TypeID=303
  [DEBUG] SymFunc idx=345 NameID=176 TypeID=306
  [DEBUG] SymFunc idx=350 NameID=169 TypeID=311
[DEBUG-FIELD] FieldExpr nodeIdx=1325 objType=302 fieldNameID=73
[DEBUG-FIELD] objType resolved to entry.Kind=1 structType=302 NameID=175 genericArgs=[]
[DEBUG-FIELD] struct fields count=3 genericParams=[]
[DEBUG-FIELD]   checking field NameID=38 field.TypeID=3
[DEBUG-FIELD]   checking field NameID=45 field.TypeID=107
[DEBUG-FIELD]   checking field NameID=47 field.TypeID=104
[DEBUG] getMethodsOfStruct called for struct 302
  [DEBUG] SymFunc idx=38 NameID=9 TypeID=115
  [DEBUG] SymFunc idx=42 NameID=12 TypeID=117
  [DEBUG] SymFunc idx=45 NameID=13 TypeID=119
  [DEBUG] SymFunc idx=50 NameID=16 TypeID=121
  [DEBUG] SymFunc idx=56 NameID=18 TypeID=123
  [DEBUG] SymFunc idx=62 NameID=21 TypeID=126
  [DEBUG] SymFunc idx=69 NameID=24 TypeID=129
  [DEBUG] SymFunc idx=76 NameID=25 TypeID=132
  [DEBUG] SymFunc idx=83 NameID=27 TypeID=134
  [DEBUG] SymFunc idx=89 NameID=29 TypeID=136
  [DEBUG] SymFunc idx=94 NameID=31 TypeID=138
  [DEBUG] SymFunc idx=98 NameID=32 TypeID=140
  [DEBUG] SymFunc idx=102 NameID=13 TypeID=142
  [DEBUG] SymFunc idx=107 NameID=16 TypeID=144
  [DEBUG] SymFunc idx=113 NameID=18 TypeID=146
  [DEBUG] SymFunc idx=119 NameID=21 TypeID=149
  [DEBUG] SymFunc idx=127 NameID=34 TypeID=152
  [DEBUG] SymFunc idx=135 NameID=24 TypeID=155
  [DEBUG] SymFunc idx=143 NameID=36 TypeID=158
  [DEBUG] SymFunc idx=148 NameID=26 TypeID=161
  [DEBUG] SymFunc idx=184 NameID=58 TypeID=163
  [DEBUG] SymFunc idx=187 NameID=59 TypeID=166
  [DEBUG] SymFunc idx=190 NameID=61 TypeID=169
  [DEBUG] SymFunc idx=194 NameID=62 TypeID=172
  [DEBUG] SymFunc idx=198 NameID=63 TypeID=175
  [DEBUG] SymFunc idx=203 NameID=66 TypeID=177
  [DEBUG] SymFunc idx=206 NameID=49 TypeID=181
  [DEBUG] SymFunc idx=210 NameID=68 TypeID=186
  [DEBUG] SymFunc idx=213 NameID=69 TypeID=188
  [DEBUG] SymFunc idx=216 NameID=70 TypeID=190
  [DEBUG] SymFunc idx=220 NameID=71 TypeID=192
  [DEBUG] SymFunc idx=223 NameID=72 TypeID=194
  [DEBUG] SymFunc idx=226 NameID=73 TypeID=198
  [DEBUG] SymFunc idx=230 NameID=74 TypeID=202
  [DEBUG] SymFunc idx=235 NameID=69 TypeID=204
  [DEBUG] SymFunc idx=238 NameID=71 TypeID=206
  [DEBUG] SymFunc idx=242 NameID=69 TypeID=208
  [DEBUG] SymFunc idx=245 NameID=70 TypeID=210
  [DEBUG] SymFunc idx=249 NameID=71 TypeID=212
  [DEBUG] SymFunc idx=252 NameID=76 TypeID=214
  [DEBUG] SymFunc idx=254 NameID=77 TypeID=217
  [DEBUG] SymFunc idx=258 NameID=79 TypeID=220
  [DEBUG] SymFunc idx=261 NameID=80 TypeID=223
  [DEBUG] SymFunc idx=264 NameID=81 TypeID=224
  [DEBUG] SymFunc idx=266 NameID=83 TypeID=225
  [DEBUG] SymFunc idx=269 NameID=86 TypeID=226
  [DEBUG] SymFunc idx=274 NameID=92 TypeID=227
  [DEBUG] SymFunc idx=279 NameID=97 TypeID=228
  [DEBUG] SymFunc idx=284 NameID=102 TypeID=229
  [DEBUG] SymFunc idx=292 NameID=156 TypeID=234
  [DEBUG] SymFunc idx=294 NameID=157 TypeID=236
  [DEBUG] SymFunc idx=298 NameID=158 TypeID=246
  [DEBUG] SymFunc idx=301 NameID=159 TypeID=248
  [DEBUG] SymFunc idx=303 NameID=160 TypeID=249
  [DEBUG] SymFunc idx=305 NameID=161 TypeID=252
  [DEBUG] SymFunc idx=308 NameID=162 TypeID=255
  [DEBUG] SymFunc idx=310 NameID=163 TypeID=275
  [DEBUG] SymFunc idx=313 NameID=164 TypeID=278
  [DEBUG] SymFunc idx=317 NameID=165 TypeID=284
  [DEBUG] SymFunc idx=322 NameID=167 TypeID=287
  [DEBUG] SymFunc idx=327 NameID=169 TypeID=290
  [DEBUG] SymFunc idx=329 NameID=170 TypeID=292
  [DEBUG] SymFunc idx=332 NameID=171 TypeID=295
  [DEBUG] SymFunc idx=334 NameID=172 TypeID=299
  [DEBUG] SymFunc idx=339 NameID=174 TypeID=303
  [DEBUG] SymFunc idx=345 NameID=176 TypeID=306
  [DEBUG] SymFunc idx=350 NameID=169 TypeID=311
[DEBUG-FIELD] FieldExpr nodeIdx=1331 objType=305 fieldNameID=69
[DEBUG-FIELD] objType resolved to entry.Kind=1 structType=305 NameID=177 genericArgs=[]
[DEBUG-FIELD] struct fields count=1 genericParams=[]
[DEBUG-FIELD]   checking field NameID=49 field.TypeID=304
[DEBUG-FIELD] FieldExpr nodeIdx=1337 objType=305 fieldNameID=71
[DEBUG-FIELD] objType resolved to entry.Kind=1 structType=305 NameID=177 genericArgs=[]
[DEBUG-FIELD] struct fields count=1 genericParams=[]
[DEBUG-FIELD]   checking field NameID=49 field.TypeID=304
[DEBUG-OVERLOAD] methodName=unlock baseName=ReadGuard recParam=191 kind=8 nameID=41 recStructName=MutexGuard
[DEBUG-OVERLOAD] methodName=unlock baseName=ReadGuard recParam=205 kind=8 nameID=48 recStructName=ReadGuard
[DEBUG] Instantiating generic method template: unlock for typeArgs [i32]. structName=_AX_std_ReadGuard_i32
[DEBUG] Inference NodeGenericType (User-Defined): base='ReadGuard' typeArgs=[i32] instTypeID=305
[DEBUG-FIELD] FieldExpr nodeIdx=1882 objType=305 fieldNameID=49
[DEBUG-FIELD] objType resolved to entry.Kind=1 structType=305 NameID=177 genericArgs=[]
[DEBUG-FIELD] struct fields count=1 genericParams=[]
[DEBUG-FIELD]   checking field NameID=49 field.TypeID=304
[DEBUG-FIELD]   found field fieldType=304 resultType=304
[DEBUG-FIELD] FieldExpr nodeIdx=1881 objType=304 fieldNameID=45
[DEBUG-FIELD] objType resolved to entry.Kind=1 structType=302 NameID=175 genericArgs=[]
[DEBUG-FIELD] struct fields count=3 genericParams=[]
[DEBUG-FIELD]   checking field NameID=38 field.TypeID=3
[DEBUG-FIELD]   checking field NameID=45 field.TypeID=107
[DEBUG-FIELD]   found field fieldType=107 resultType=107
[DEBUG-FIELD] FieldExpr nodeIdx=1880 objType=107 fieldNameID=59
[DEBUG-FIELD] objType resolved to entry.Kind=1 structType=107 NameID=154 genericArgs=[]
[DEBUG-FIELD] struct fields count=1 genericParams=[]
[DEBUG-FIELD]   checking field NameID=38 field.TypeID=3
[DEBUG] getMethodsOfStruct called for struct 107
  [DEBUG] SymFunc idx=38 NameID=9 TypeID=115
  [DEBUG] SymFunc idx=42 NameID=12 TypeID=117
  [DEBUG] SymFunc idx=45 NameID=13 TypeID=119
  [DEBUG] SymFunc idx=50 NameID=16 TypeID=121
  [DEBUG] SymFunc idx=56 NameID=18 TypeID=123
  [DEBUG] SymFunc idx=62 NameID=21 TypeID=126
  [DEBUG] SymFunc idx=69 NameID=24 TypeID=129
  [DEBUG] SymFunc idx=76 NameID=25 TypeID=132
  [DEBUG] SymFunc idx=83 NameID=27 TypeID=134
  [DEBUG] SymFunc idx=89 NameID=29 TypeID=136
  [DEBUG] SymFunc idx=94 NameID=31 TypeID=138
  [DEBUG] SymFunc idx=98 NameID=32 TypeID=140
  [DEBUG] SymFunc idx=102 NameID=13 TypeID=142
  [DEBUG] SymFunc idx=107 NameID=16 TypeID=144
  [DEBUG] SymFunc idx=113 NameID=18 TypeID=146
  [DEBUG] SymFunc idx=119 NameID=21 TypeID=149
  [DEBUG] SymFunc idx=127 NameID=34 TypeID=152
  [DEBUG] SymFunc idx=135 NameID=24 TypeID=155
  [DEBUG] SymFunc idx=143 NameID=36 TypeID=158
  [DEBUG] SymFunc idx=148 NameID=26 TypeID=161
  [DEBUG] SymFunc idx=184 NameID=58 TypeID=163
  [DEBUG] SymFunc idx=187 NameID=59 TypeID=166
  [DEBUG] SymFunc idx=190 NameID=61 TypeID=169
  [DEBUG] SymFunc idx=194 NameID=62 TypeID=172
  [DEBUG] SymFunc idx=198 NameID=63 TypeID=175
  [DEBUG] SymFunc idx=203 NameID=66 TypeID=177
  [DEBUG] SymFunc idx=206 NameID=49 TypeID=181
  [DEBUG] SymFunc idx=210 NameID=68 TypeID=186
  [DEBUG] SymFunc idx=213 NameID=69 TypeID=188
  [DEBUG] SymFunc idx=216 NameID=70 TypeID=190
  [DEBUG] SymFunc idx=220 NameID=71 TypeID=192
  [DEBUG] SymFunc idx=223 NameID=72 TypeID=194
  [DEBUG] SymFunc idx=226 NameID=73 TypeID=198
  [DEBUG] SymFunc idx=230 NameID=74 TypeID=202
  [DEBUG] SymFunc idx=235 NameID=69 TypeID=204
  [DEBUG] SymFunc idx=238 NameID=71 TypeID=206
  [DEBUG] SymFunc idx=242 NameID=69 TypeID=208
  [DEBUG] SymFunc idx=245 NameID=70 TypeID=210
  [DEBUG] SymFunc idx=249 NameID=71 TypeID=212
  [DEBUG] SymFunc idx=252 NameID=76 TypeID=214
  [DEBUG] SymFunc idx=254 NameID=77 TypeID=217
  [DEBUG] SymFunc idx=258 NameID=79 TypeID=220
  [DEBUG] SymFunc idx=261 NameID=80 TypeID=223
  [DEBUG] SymFunc idx=264 NameID=81 TypeID=224
  [DEBUG] SymFunc idx=266 NameID=83 TypeID=225
  [DEBUG] SymFunc idx=269 NameID=86 TypeID=226
  [DEBUG] SymFunc idx=274 NameID=92 TypeID=227
  [DEBUG] SymFunc idx=279 NameID=97 TypeID=228
  [DEBUG] SymFunc idx=284 NameID=102 TypeID=229
  [DEBUG] SymFunc idx=292 NameID=156 TypeID=234
  [DEBUG] SymFunc idx=294 NameID=157 TypeID=236
  [DEBUG] SymFunc idx=298 NameID=158 TypeID=246
  [DEBUG] SymFunc idx=301 NameID=159 TypeID=248
  [DEBUG] SymFunc idx=303 NameID=160 TypeID=249
  [DEBUG] SymFunc idx=305 NameID=161 TypeID=252
  [DEBUG] SymFunc idx=308 NameID=162 TypeID=255
  [DEBUG] SymFunc idx=310 NameID=163 TypeID=275
  [DEBUG] SymFunc idx=313 NameID=164 TypeID=278
  [DEBUG] SymFunc idx=317 NameID=165 TypeID=284
  [DEBUG] SymFunc idx=322 NameID=167 TypeID=287
  [DEBUG] SymFunc idx=327 NameID=169 TypeID=290
  [DEBUG] SymFunc idx=329 NameID=170 TypeID=292
  [DEBUG] SymFunc idx=332 NameID=171 TypeID=295
  [DEBUG] SymFunc idx=334 NameID=172 TypeID=299
  [DEBUG] SymFunc idx=339 NameID=174 TypeID=303
  [DEBUG] SymFunc idx=345 NameID=176 TypeID=306
  [DEBUG] SymFunc idx=350 NameID=169 TypeID=311
  [DEBUG] SymFunc idx=352 NameID=171 TypeID=315
[DEBUG-FIELD] FieldExpr nodeIdx=1890 objType=305 fieldNameID=49
[DEBUG-FIELD] objType resolved to entry.Kind=1 structType=305 NameID=177 genericArgs=[]
[DEBUG-FIELD] struct fields count=1 genericParams=[]
[DEBUG-FIELD]   checking field NameID=49 field.TypeID=304
[DEBUG-FIELD]   found field fieldType=304 resultType=304
[DEBUG-FIELD] FieldExpr nodeIdx=1889 objType=304 fieldNameID=45
[DEBUG-FIELD] objType resolved to entry.Kind=1 structType=302 NameID=175 genericArgs=[]
[DEBUG-FIELD] struct fields count=3 genericParams=[]
[DEBUG-FIELD]   checking field NameID=38 field.TypeID=3
[DEBUG-FIELD]   checking field NameID=45 field.TypeID=107
[DEBUG-FIELD]   found field fieldType=107 resultType=107
[DEBUG-FIELD] FieldExpr nodeIdx=1888 objType=107 fieldNameID=61
[DEBUG-FIELD] objType resolved to entry.Kind=1 structType=107 NameID=154 genericArgs=[]
[DEBUG-FIELD] struct fields count=1 genericParams=[]
[DEBUG-FIELD]   checking field NameID=38 field.TypeID=3
[DEBUG] getMethodsOfStruct called for struct 107
  [DEBUG] SymFunc idx=38 NameID=9 TypeID=115
  [DEBUG] SymFunc idx=42 NameID=12 TypeID=117
  [DEBUG] SymFunc idx=45 NameID=13 TypeID=119
  [DEBUG] SymFunc idx=50 NameID=16 TypeID=121
  [DEBUG] SymFunc idx=56 NameID=18 TypeID=123
  [DEBUG] SymFunc idx=62 NameID=21 TypeID=126
  [DEBUG] SymFunc idx=69 NameID=24 TypeID=129
  [DEBUG] SymFunc idx=76 NameID=25 TypeID=132
  [DEBUG] SymFunc idx=83 NameID=27 TypeID=134
  [DEBUG] SymFunc idx=89 NameID=29 TypeID=136
  [DEBUG] SymFunc idx=94 NameID=31 TypeID=138
  [DEBUG] SymFunc idx=98 NameID=32 TypeID=140
  [DEBUG] SymFunc idx=102 NameID=13 TypeID=142
  [DEBUG] SymFunc idx=107 NameID=16 TypeID=144
  [DEBUG] SymFunc idx=113 NameID=18 TypeID=146
  [DEBUG] SymFunc idx=119 NameID=21 TypeID=149
  [DEBUG] SymFunc idx=127 NameID=34 TypeID=152
  [DEBUG] SymFunc idx=135 NameID=24 TypeID=155
  [DEBUG] SymFunc idx=143 NameID=36 TypeID=158
  [DEBUG] SymFunc idx=148 NameID=26 TypeID=161
  [DEBUG] SymFunc idx=184 NameID=58 TypeID=163
  [DEBUG] SymFunc idx=187 NameID=59 TypeID=166
  [DEBUG] SymFunc idx=190 NameID=61 TypeID=169
  [DEBUG] SymFunc idx=194 NameID=62 TypeID=172
  [DEBUG] SymFunc idx=198 NameID=63 TypeID=175
  [DEBUG] SymFunc idx=203 NameID=66 TypeID=177
  [DEBUG] SymFunc idx=206 NameID=49 TypeID=181
  [DEBUG] SymFunc idx=210 NameID=68 TypeID=186
  [DEBUG] SymFunc idx=213 NameID=69 TypeID=188
  [DEBUG] SymFunc idx=216 NameID=70 TypeID=190
  [DEBUG] SymFunc idx=220 NameID=71 TypeID=192
  [DEBUG] SymFunc idx=223 NameID=72 TypeID=194
  [DEBUG] SymFunc idx=226 NameID=73 TypeID=198
  [DEBUG] SymFunc idx=230 NameID=74 TypeID=202
  [DEBUG] SymFunc idx=235 NameID=69 TypeID=204
  [DEBUG] SymFunc idx=238 NameID=71 TypeID=206
  [DEBUG] SymFunc idx=242 NameID=69 TypeID=208
  [DEBUG] SymFunc idx=245 NameID=70 TypeID=210
  [DEBUG] SymFunc idx=249 NameID=71 TypeID=212
  [DEBUG] SymFunc idx=252 NameID=76 TypeID=214
  [DEBUG] SymFunc idx=254 NameID=77 TypeID=217
  [DEBUG] SymFunc idx=258 NameID=79 TypeID=220
  [DEBUG] SymFunc idx=261 NameID=80 TypeID=223
  [DEBUG] SymFunc idx=264 NameID=81 TypeID=224
  [DEBUG] SymFunc idx=266 NameID=83 TypeID=225
  [DEBUG] SymFunc idx=269 NameID=86 TypeID=226
  [DEBUG] SymFunc idx=274 NameID=92 TypeID=227
  [DEBUG] SymFunc idx=279 NameID=97 TypeID=228
  [DEBUG] SymFunc idx=284 NameID=102 TypeID=229
  [DEBUG] SymFunc idx=292 NameID=156 TypeID=234
  [DEBUG] SymFunc idx=294 NameID=157 TypeID=236
  [DEBUG] SymFunc idx=298 NameID=158 TypeID=246
  [DEBUG] SymFunc idx=301 NameID=159 TypeID=248
  [DEBUG] SymFunc idx=303 NameID=160 TypeID=249
  [DEBUG] SymFunc idx=305 NameID=161 TypeID=252
  [DEBUG] SymFunc idx=308 NameID=162 TypeID=255
  [DEBUG] SymFunc idx=310 NameID=163 TypeID=275
  [DEBUG] SymFunc idx=313 NameID=164 TypeID=278
  [DEBUG] SymFunc idx=317 NameID=165 TypeID=284
  [DEBUG] SymFunc idx=322 NameID=167 TypeID=287
  [DEBUG] SymFunc idx=327 NameID=169 TypeID=290
  [DEBUG] SymFunc idx=329 NameID=170 TypeID=292
  [DEBUG] SymFunc idx=332 NameID=171 TypeID=295
  [DEBUG] SymFunc idx=334 NameID=172 TypeID=299
  [DEBUG] SymFunc idx=339 NameID=174 TypeID=303
  [DEBUG] SymFunc idx=345 NameID=176 TypeID=306
  [DEBUG] SymFunc idx=350 NameID=169 TypeID=311
  [DEBUG] SymFunc idx=352 NameID=171 TypeID=315
[DEBUG] Instantiated method unlock: instSymIdx=352, errs=[]
[DEBUG] getMethodsOfStruct called for struct 305
  [DEBUG] SymFunc idx=38 NameID=9 TypeID=115
  [DEBUG] SymFunc idx=42 NameID=12 TypeID=117
  [DEBUG] SymFunc idx=45 NameID=13 TypeID=119
  [DEBUG] SymFunc idx=50 NameID=16 TypeID=121
  [DEBUG] SymFunc idx=56 NameID=18 TypeID=123
  [DEBUG] SymFunc idx=62 NameID=21 TypeID=126
  [DEBUG] SymFunc idx=69 NameID=24 TypeID=129
  [DEBUG] SymFunc idx=76 NameID=25 TypeID=132
  [DEBUG] SymFunc idx=83 NameID=27 TypeID=134
  [DEBUG] SymFunc idx=89 NameID=29 TypeID=136
  [DEBUG] SymFunc idx=94 NameID=31 TypeID=138
  [DEBUG] SymFunc idx=98 NameID=32 TypeID=140
  [DEBUG] SymFunc idx=102 NameID=13 TypeID=142
  [DEBUG] SymFunc idx=107 NameID=16 TypeID=144
  [DEBUG] SymFunc idx=113 NameID=18 TypeID=146
  [DEBUG] SymFunc idx=119 NameID=21 TypeID=149
  [DEBUG] SymFunc idx=127 NameID=34 TypeID=152
  [DEBUG] SymFunc idx=135 NameID=24 TypeID=155
  [DEBUG] SymFunc idx=143 NameID=36 TypeID=158
  [DEBUG] SymFunc idx=148 NameID=26 TypeID=161
  [DEBUG] SymFunc idx=184 NameID=58 TypeID=163
  [DEBUG] SymFunc idx=187 NameID=59 TypeID=166
  [DEBUG] SymFunc idx=190 NameID=61 TypeID=169
  [DEBUG] SymFunc idx=194 NameID=62 TypeID=172
  [DEBUG] SymFunc idx=198 NameID=63 TypeID=175
  [DEBUG] SymFunc idx=203 NameID=66 TypeID=177
  [DEBUG] SymFunc idx=206 NameID=49 TypeID=181
  [DEBUG] SymFunc idx=210 NameID=68 TypeID=186
  [DEBUG] SymFunc idx=213 NameID=69 TypeID=188
  [DEBUG] SymFunc idx=216 NameID=70 TypeID=190
  [DEBUG] SymFunc idx=220 NameID=71 TypeID=192
  [DEBUG] SymFunc idx=223 NameID=72 TypeID=194
  [DEBUG] SymFunc idx=226 NameID=73 TypeID=198
  [DEBUG] SymFunc idx=230 NameID=74 TypeID=202
  [DEBUG] SymFunc idx=235 NameID=69 TypeID=204
  [DEBUG] SymFunc idx=238 NameID=71 TypeID=206
  [DEBUG] SymFunc idx=242 NameID=69 TypeID=208
  [DEBUG] SymFunc idx=245 NameID=70 TypeID=210
  [DEBUG] SymFunc idx=249 NameID=71 TypeID=212
  [DEBUG] SymFunc idx=252 NameID=76 TypeID=214
  [DEBUG] SymFunc idx=254 NameID=77 TypeID=217
  [DEBUG] SymFunc idx=258 NameID=79 TypeID=220
  [DEBUG] SymFunc idx=261 NameID=80 TypeID=223
  [DEBUG] SymFunc idx=264 NameID=81 TypeID=224
  [DEBUG] SymFunc idx=266 NameID=83 TypeID=225
  [DEBUG] SymFunc idx=269 NameID=86 TypeID=226
  [DEBUG] SymFunc idx=274 NameID=92 TypeID=227
  [DEBUG] SymFunc idx=279 NameID=97 TypeID=228
  [DEBUG] SymFunc idx=284 NameID=102 TypeID=229
  [DEBUG] SymFunc idx=292 NameID=156 TypeID=234
  [DEBUG] SymFunc idx=294 NameID=157 TypeID=236
  [DEBUG] SymFunc idx=298 NameID=158 TypeID=246
  [DEBUG] SymFunc idx=301 NameID=159 TypeID=248
  [DEBUG] SymFunc idx=303 NameID=160 TypeID=249
  [DEBUG] SymFunc idx=305 NameID=161 TypeID=252
  [DEBUG] SymFunc idx=308 NameID=162 TypeID=255
  [DEBUG] SymFunc idx=310 NameID=163 TypeID=275
  [DEBUG] SymFunc idx=313 NameID=164 TypeID=278
  [DEBUG] SymFunc idx=317 NameID=165 TypeID=284
  [DEBUG] SymFunc idx=322 NameID=167 TypeID=287
  [DEBUG] SymFunc idx=327 NameID=169 TypeID=290
  [DEBUG] SymFunc idx=329 NameID=170 TypeID=292
  [DEBUG] SymFunc idx=332 NameID=171 TypeID=295
  [DEBUG] SymFunc idx=334 NameID=172 TypeID=299
  [DEBUG] SymFunc idx=339 NameID=174 TypeID=303
  [DEBUG] SymFunc idx=345 NameID=176 TypeID=306
  [DEBUG] SymFunc idx=350 NameID=169 TypeID=311
  [DEBUG] SymFunc idx=352 NameID=171 TypeID=315
[DEBUG-FIELD] FieldExpr nodeIdx=1341 objType=305 fieldNameID=71
[DEBUG-FIELD] objType resolved to entry.Kind=1 structType=305 NameID=177 genericArgs=[]
[DEBUG-FIELD] struct fields count=1 genericParams=[]
[DEBUG-FIELD]   checking field NameID=49 field.TypeID=304
[DEBUG-FIELD] FieldExpr nodeIdx=1346 objType=302 fieldNameID=74
[DEBUG-FIELD] objType resolved to entry.Kind=1 structType=302 NameID=175 genericArgs=[]
[DEBUG-FIELD] struct fields count=3 genericParams=[]
[DEBUG-FIELD]   checking field NameID=38 field.TypeID=3
[DEBUG-FIELD]   checking field NameID=45 field.TypeID=107
[DEBUG-FIELD]   checking field NameID=47 field.TypeID=104
[DEBUG] getMethodsOfStruct called for struct 302
  [DEBUG] SymFunc idx=38 NameID=9 TypeID=115
  [DEBUG] SymFunc idx=42 NameID=12 TypeID=117
  [DEBUG] SymFunc idx=45 NameID=13 TypeID=119
  [DEBUG] SymFunc idx=50 NameID=16 TypeID=121
  [DEBUG] SymFunc idx=56 NameID=18 TypeID=123
  [DEBUG] SymFunc idx=62 NameID=21 TypeID=126
  [DEBUG] SymFunc idx=69 NameID=24 TypeID=129
  [DEBUG] SymFunc idx=76 NameID=25 TypeID=132
  [DEBUG] SymFunc idx=83 NameID=27 TypeID=134
  [DEBUG] SymFunc idx=89 NameID=29 TypeID=136
  [DEBUG] SymFunc idx=94 NameID=31 TypeID=138
  [DEBUG] SymFunc idx=98 NameID=32 TypeID=140
  [DEBUG] SymFunc idx=102 NameID=13 TypeID=142
  [DEBUG] SymFunc idx=107 NameID=16 TypeID=144
  [DEBUG] SymFunc idx=113 NameID=18 TypeID=146
  [DEBUG] SymFunc idx=119 NameID=21 TypeID=149
  [DEBUG] SymFunc idx=127 NameID=34 TypeID=152
  [DEBUG] SymFunc idx=135 NameID=24 TypeID=155
  [DEBUG] SymFunc idx=143 NameID=36 TypeID=158
  [DEBUG] SymFunc idx=148 NameID=26 TypeID=161
  [DEBUG] SymFunc idx=184 NameID=58 TypeID=163
  [DEBUG] SymFunc idx=187 NameID=59 TypeID=166
  [DEBUG] SymFunc idx=190 NameID=61 TypeID=169
  [DEBUG] SymFunc idx=194 NameID=62 TypeID=172
  [DEBUG] SymFunc idx=198 NameID=63 TypeID=175
  [DEBUG] SymFunc idx=203 NameID=66 TypeID=177
  [DEBUG] SymFunc idx=206 NameID=49 TypeID=181
  [DEBUG] SymFunc idx=210 NameID=68 TypeID=186
  [DEBUG] SymFunc idx=213 NameID=69 TypeID=188
  [DEBUG] SymFunc idx=216 NameID=70 TypeID=190
  [DEBUG] SymFunc idx=220 NameID=71 TypeID=192
  [DEBUG] SymFunc idx=223 NameID=72 TypeID=194
  [DEBUG] SymFunc idx=226 NameID=73 TypeID=198
  [DEBUG] SymFunc idx=230 NameID=74 TypeID=202
  [DEBUG] SymFunc idx=235 NameID=69 TypeID=204
  [DEBUG] SymFunc idx=238 NameID=71 TypeID=206
  [DEBUG] SymFunc idx=242 NameID=69 TypeID=208
  [DEBUG] SymFunc idx=245 NameID=70 TypeID=210
  [DEBUG] SymFunc idx=249 NameID=71 TypeID=212
  [DEBUG] SymFunc idx=252 NameID=76 TypeID=214
  [DEBUG] SymFunc idx=254 NameID=77 TypeID=217
  [DEBUG] SymFunc idx=258 NameID=79 TypeID=220
  [DEBUG] SymFunc idx=261 NameID=80 TypeID=223
  [DEBUG] SymFunc idx=264 NameID=81 TypeID=224
  [DEBUG] SymFunc idx=266 NameID=83 TypeID=225
  [DEBUG] SymFunc idx=269 NameID=86 TypeID=226
  [DEBUG] SymFunc idx=274 NameID=92 TypeID=227
  [DEBUG] SymFunc idx=279 NameID=97 TypeID=228
  [DEBUG] SymFunc idx=284 NameID=102 TypeID=229
  [DEBUG] SymFunc idx=292 NameID=156 TypeID=234
  [DEBUG] SymFunc idx=294 NameID=157 TypeID=236
  [DEBUG] SymFunc idx=298 NameID=158 TypeID=246
  [DEBUG] SymFunc idx=301 NameID=159 TypeID=248
  [DEBUG] SymFunc idx=303 NameID=160 TypeID=249
  [DEBUG] SymFunc idx=305 NameID=161 TypeID=252
  [DEBUG] SymFunc idx=308 NameID=162 TypeID=255
  [DEBUG] SymFunc idx=310 NameID=163 TypeID=275
  [DEBUG] SymFunc idx=313 NameID=164 TypeID=278
  [DEBUG] SymFunc idx=317 NameID=165 TypeID=284
  [DEBUG] SymFunc idx=322 NameID=167 TypeID=287
  [DEBUG] SymFunc idx=327 NameID=169 TypeID=290
  [DEBUG] SymFunc idx=329 NameID=170 TypeID=292
  [DEBUG] SymFunc idx=332 NameID=171 TypeID=295
  [DEBUG] SymFunc idx=334 NameID=172 TypeID=299
  [DEBUG] SymFunc idx=339 NameID=174 TypeID=303
  [DEBUG] SymFunc idx=345 NameID=176 TypeID=306
  [DEBUG] SymFunc idx=350 NameID=169 TypeID=311
  [DEBUG] SymFunc idx=352 NameID=171 TypeID=315
[DEBUG-OVERLOAD] methodName=write baseName=RwLock recParam=199 kind=8 nameID=44 recStructName=RwLock
[DEBUG] Instantiating generic method template: write for typeArgs [i32]. structName=_AX_std_RwLock_i32
[DEBUG] Inference NodeGenericType (User-Defined): base='RwLock' typeArgs=[i32] instTypeID=302
[DEBUG] Inference NodeGenericType: base='ptr' argNodeIdx=1904 innerTypeID=302 resultType=304
[DEBUG] Inference NodeGenericType (User-Defined): base='RwLock' typeArgs=[i32] instTypeID=302
[DEBUG] Inference NodeGenericType: base='ptr' argNodeIdx=1949 innerTypeID=302 resultType=304
[DEBUG] StructDecl typeID=320 append field NameID=49 TypeID=304
[DEBUG] Inference NodeGenericType (User-Defined): base='WriteGuard' typeArgs=[i32] instTypeID=320
[DEBUG] Inference NodeGenericType (User-Defined): base='WriteGuard' typeArgs=[i32] instTypeID=320
[DEBUG-FIELD] FieldExpr nodeIdx=1915 objType=304 fieldNameID=47
[DEBUG-FIELD] objType resolved to entry.Kind=1 structType=302 NameID=175 genericArgs=[]
[DEBUG-FIELD] struct fields count=3 genericParams=[]
[DEBUG-FIELD]   checking field NameID=38 field.TypeID=3
[DEBUG-FIELD]   checking field NameID=45 field.TypeID=107
[DEBUG-FIELD]   checking field NameID=47 field.TypeID=104
[DEBUG-FIELD]   found field fieldType=104 resultType=104
[DEBUG-FIELD] FieldExpr nodeIdx=1914 objType=104 fieldNameID=63
[DEBUG-FIELD] objType resolved to entry.Kind=1 structType=104 NameID=153 genericArgs=[]
[DEBUG-FIELD] struct fields count=1 genericParams=[]
[DEBUG-FIELD]   checking field NameID=38 field.TypeID=11
[DEBUG] getMethodsOfStruct called for struct 104
  [DEBUG] SymFunc idx=38 NameID=9 TypeID=115
  [DEBUG] SymFunc idx=42 NameID=12 TypeID=117
  [DEBUG] SymFunc idx=45 NameID=13 TypeID=119
  [DEBUG] SymFunc idx=50 NameID=16 TypeID=121
  [DEBUG] SymFunc idx=56 NameID=18 TypeID=123
  [DEBUG] SymFunc idx=62 NameID=21 TypeID=126
  [DEBUG] SymFunc idx=69 NameID=24 TypeID=129
  [DEBUG] SymFunc idx=76 NameID=25 TypeID=132
  [DEBUG] SymFunc idx=83 NameID=27 TypeID=134
  [DEBUG] SymFunc idx=89 NameID=29 TypeID=136
  [DEBUG] SymFunc idx=94 NameID=31 TypeID=138
  [DEBUG] SymFunc idx=98 NameID=32 TypeID=140
  [DEBUG] SymFunc idx=102 NameID=13 TypeID=142
  [DEBUG] SymFunc idx=107 NameID=16 TypeID=144
  [DEBUG] SymFunc idx=113 NameID=18 TypeID=146
  [DEBUG] SymFunc idx=119 NameID=21 TypeID=149
  [DEBUG] SymFunc idx=127 NameID=34 TypeID=152
  [DEBUG] SymFunc idx=135 NameID=24 TypeID=155
  [DEBUG] SymFunc idx=143 NameID=36 TypeID=158
  [DEBUG] SymFunc idx=148 NameID=26 TypeID=161
  [DEBUG] SymFunc idx=184 NameID=58 TypeID=163
  [DEBUG] SymFunc idx=187 NameID=59 TypeID=166
  [DEBUG] SymFunc idx=190 NameID=61 TypeID=169
  [DEBUG] SymFunc idx=194 NameID=62 TypeID=172
  [DEBUG] SymFunc idx=198 NameID=63 TypeID=175
  [DEBUG] SymFunc idx=203 NameID=66 TypeID=177
  [DEBUG] SymFunc idx=206 NameID=49 TypeID=181
  [DEBUG] SymFunc idx=210 NameID=68 TypeID=186
  [DEBUG] SymFunc idx=213 NameID=69 TypeID=188
  [DEBUG] SymFunc idx=216 NameID=70 TypeID=190
  [DEBUG] SymFunc idx=220 NameID=71 TypeID=192
  [DEBUG] SymFunc idx=223 NameID=72 TypeID=194
  [DEBUG] SymFunc idx=226 NameID=73 TypeID=198
  [DEBUG] SymFunc idx=230 NameID=74 TypeID=202
  [DEBUG] SymFunc idx=235 NameID=69 TypeID=204
  [DEBUG] SymFunc idx=238 NameID=71 TypeID=206
  [DEBUG] SymFunc idx=242 NameID=69 TypeID=208
  [DEBUG] SymFunc idx=245 NameID=70 TypeID=210
  [DEBUG] SymFunc idx=249 NameID=71 TypeID=212
  [DEBUG] SymFunc idx=252 NameID=76 TypeID=214
  [DEBUG] SymFunc idx=254 NameID=77 TypeID=217
  [DEBUG] SymFunc idx=258 NameID=79 TypeID=220
  [DEBUG] SymFunc idx=261 NameID=80 TypeID=223
  [DEBUG] SymFunc idx=264 NameID=81 TypeID=224
  [DEBUG] SymFunc idx=266 NameID=83 TypeID=225
  [DEBUG] SymFunc idx=269 NameID=86 TypeID=226
  [DEBUG] SymFunc idx=274 NameID=92 TypeID=227
  [DEBUG] SymFunc idx=279 NameID=97 TypeID=228
  [DEBUG] SymFunc idx=284 NameID=102 TypeID=229
  [DEBUG] SymFunc idx=292 NameID=156 TypeID=234
  [DEBUG] SymFunc idx=294 NameID=157 TypeID=236
  [DEBUG] SymFunc idx=298 NameID=158 TypeID=246
  [DEBUG] SymFunc idx=301 NameID=159 TypeID=248
  [DEBUG] SymFunc idx=303 NameID=160 TypeID=249
  [DEBUG] SymFunc idx=305 NameID=161 TypeID=252
  [DEBUG] SymFunc idx=308 NameID=162 TypeID=255
  [DEBUG] SymFunc idx=310 NameID=163 TypeID=275
  [DEBUG] SymFunc idx=313 NameID=164 TypeID=278
  [DEBUG] SymFunc idx=317 NameID=165 TypeID=284
  [DEBUG] SymFunc idx=322 NameID=167 TypeID=287
  [DEBUG] SymFunc idx=327 NameID=169 TypeID=290
  [DEBUG] SymFunc idx=329 NameID=170 TypeID=292
  [DEBUG] SymFunc idx=332 NameID=171 TypeID=295
  [DEBUG] SymFunc idx=334 NameID=172 TypeID=299
  [DEBUG] SymFunc idx=339 NameID=174 TypeID=303
  [DEBUG] SymFunc idx=345 NameID=176 TypeID=306
  [DEBUG] SymFunc idx=350 NameID=169 TypeID=311
  [DEBUG] SymFunc idx=352 NameID=171 TypeID=315
  [DEBUG] SymFunc idx=355 NameID=178 TypeID=321
[DEBUG] Inference NodeUnaryExpr: op=2 operandType=11
[DEBUG] Inference NodeUnaryExpr resultType=11
[DEBUG-FIELD] FieldExpr nodeIdx=1928 objType=304 fieldNameID=45
[DEBUG-FIELD] objType resolved to entry.Kind=1 structType=302 NameID=175 genericArgs=[]
[DEBUG-FIELD] struct fields count=3 genericParams=[]
[DEBUG-FIELD]   checking field NameID=38 field.TypeID=3
[DEBUG-FIELD]   checking field NameID=45 field.TypeID=107
[DEBUG-FIELD]   found field fieldType=107 resultType=107
[DEBUG-FIELD] FieldExpr nodeIdx=1927 objType=107 fieldNameID=59
[DEBUG-FIELD] objType resolved to entry.Kind=1 structType=107 NameID=154 genericArgs=[]
[DEBUG-FIELD] struct fields count=1 genericParams=[]
[DEBUG-FIELD]   checking field NameID=38 field.TypeID=3
[DEBUG] getMethodsOfStruct called for struct 107
  [DEBUG] SymFunc idx=38 NameID=9 TypeID=115
  [DEBUG] SymFunc idx=42 NameID=12 TypeID=117
  [DEBUG] SymFunc idx=45 NameID=13 TypeID=119
  [DEBUG] SymFunc idx=50 NameID=16 TypeID=121
  [DEBUG] SymFunc idx=56 NameID=18 TypeID=123
  [DEBUG] SymFunc idx=62 NameID=21 TypeID=126
  [DEBUG] SymFunc idx=69 NameID=24 TypeID=129
  [DEBUG] SymFunc idx=76 NameID=25 TypeID=132
  [DEBUG] SymFunc idx=83 NameID=27 TypeID=134
  [DEBUG] SymFunc idx=89 NameID=29 TypeID=136
  [DEBUG] SymFunc idx=94 NameID=31 TypeID=138
  [DEBUG] SymFunc idx=98 NameID=32 TypeID=140
  [DEBUG] SymFunc idx=102 NameID=13 TypeID=142
  [DEBUG] SymFunc idx=107 NameID=16 TypeID=144
  [DEBUG] SymFunc idx=113 NameID=18 TypeID=146
  [DEBUG] SymFunc idx=119 NameID=21 TypeID=149
  [DEBUG] SymFunc idx=127 NameID=34 TypeID=152
  [DEBUG] SymFunc idx=135 NameID=24 TypeID=155
  [DEBUG] SymFunc idx=143 NameID=36 TypeID=158
  [DEBUG] SymFunc idx=148 NameID=26 TypeID=161
  [DEBUG] SymFunc idx=184 NameID=58 TypeID=163
  [DEBUG] SymFunc idx=187 NameID=59 TypeID=166
  [DEBUG] SymFunc idx=190 NameID=61 TypeID=169
  [DEBUG] SymFunc idx=194 NameID=62 TypeID=172
  [DEBUG] SymFunc idx=198 NameID=63 TypeID=175
  [DEBUG] SymFunc idx=203 NameID=66 TypeID=177
  [DEBUG] SymFunc idx=206 NameID=49 TypeID=181
  [DEBUG] SymFunc idx=210 NameID=68 TypeID=186
  [DEBUG] SymFunc idx=213 NameID=69 TypeID=188
  [DEBUG] SymFunc idx=216 NameID=70 TypeID=190
  [DEBUG] SymFunc idx=220 NameID=71 TypeID=192
  [DEBUG] SymFunc idx=223 NameID=72 TypeID=194
  [DEBUG] SymFunc idx=226 NameID=73 TypeID=198
  [DEBUG] SymFunc idx=230 NameID=74 TypeID=202
  [DEBUG] SymFunc idx=235 NameID=69 TypeID=204
  [DEBUG] SymFunc idx=238 NameID=71 TypeID=206
  [DEBUG] SymFunc idx=242 NameID=69 TypeID=208
  [DEBUG] SymFunc idx=245 NameID=70 TypeID=210
  [DEBUG] SymFunc idx=249 NameID=71 TypeID=212
  [DEBUG] SymFunc idx=252 NameID=76 TypeID=214
  [DEBUG] SymFunc idx=254 NameID=77 TypeID=217
  [DEBUG] SymFunc idx=258 NameID=79 TypeID=220
  [DEBUG] SymFunc idx=261 NameID=80 TypeID=223
  [DEBUG] SymFunc idx=264 NameID=81 TypeID=224
  [DEBUG] SymFunc idx=266 NameID=83 TypeID=225
  [DEBUG] SymFunc idx=269 NameID=86 TypeID=226
  [DEBUG] SymFunc idx=274 NameID=92 TypeID=227
  [DEBUG] SymFunc idx=279 NameID=97 TypeID=228
  [DEBUG] SymFunc idx=284 NameID=102 TypeID=229
  [DEBUG] SymFunc idx=292 NameID=156 TypeID=234
  [DEBUG] SymFunc idx=294 NameID=157 TypeID=236
  [DEBUG] SymFunc idx=298 NameID=158 TypeID=246
  [DEBUG] SymFunc idx=301 NameID=159 TypeID=248
  [DEBUG] SymFunc idx=303 NameID=160 TypeID=249
  [DEBUG] SymFunc idx=305 NameID=161 TypeID=252
  [DEBUG] SymFunc idx=308 NameID=162 TypeID=255
  [DEBUG] SymFunc idx=310 NameID=163 TypeID=275
  [DEBUG] SymFunc idx=313 NameID=164 TypeID=278
  [DEBUG] SymFunc idx=317 NameID=165 TypeID=284
  [DEBUG] SymFunc idx=322 NameID=167 TypeID=287
  [DEBUG] SymFunc idx=327 NameID=169 TypeID=290
  [DEBUG] SymFunc idx=329 NameID=170 TypeID=292
  [DEBUG] SymFunc idx=332 NameID=171 TypeID=295
  [DEBUG] SymFunc idx=334 NameID=172 TypeID=299
  [DEBUG] SymFunc idx=339 NameID=174 TypeID=303
  [DEBUG] SymFunc idx=345 NameID=176 TypeID=306
  [DEBUG] SymFunc idx=350 NameID=169 TypeID=311
  [DEBUG] SymFunc idx=352 NameID=171 TypeID=315
  [DEBUG] SymFunc idx=355 NameID=178 TypeID=321
[DEBUG-INDEX] Instantiating generic collection: collectionName=WriteGuard typeArgs=[i32] (hasGenericParam=false)
[DEBUG] getMethodsOfStruct called for struct 104
  [DEBUG] SymFunc idx=38 NameID=9 TypeID=115
  [DEBUG] SymFunc idx=42 NameID=12 TypeID=117
  [DEBUG] SymFunc idx=45 NameID=13 TypeID=119
  [DEBUG] SymFunc idx=50 NameID=16 TypeID=121
  [DEBUG] SymFunc idx=56 NameID=18 TypeID=123
  [DEBUG] SymFunc idx=62 NameID=21 TypeID=126
  [DEBUG] SymFunc idx=69 NameID=24 TypeID=129
  [DEBUG] SymFunc idx=76 NameID=25 TypeID=132
  [DEBUG] SymFunc idx=83 NameID=27 TypeID=134
  [DEBUG] SymFunc idx=89 NameID=29 TypeID=136
  [DEBUG] SymFunc idx=94 NameID=31 TypeID=138
  [DEBUG] SymFunc idx=98 NameID=32 TypeID=140
  [DEBUG] SymFunc idx=102 NameID=13 TypeID=142
  [DEBUG] SymFunc idx=107 NameID=16 TypeID=144
  [DEBUG] SymFunc idx=113 NameID=18 TypeID=146
  [DEBUG] SymFunc idx=119 NameID=21 TypeID=149
  [DEBUG] SymFunc idx=127 NameID=34 TypeID=152
  [DEBUG] SymFunc idx=135 NameID=24 TypeID=155
  [DEBUG] SymFunc idx=143 NameID=36 TypeID=158
  [DEBUG] SymFunc idx=148 NameID=26 TypeID=161
  [DEBUG] SymFunc idx=184 NameID=58 TypeID=163
  [DEBUG] SymFunc idx=187 NameID=59 TypeID=166
  [DEBUG] SymFunc idx=190 NameID=61 TypeID=169
  [DEBUG] SymFunc idx=194 NameID=62 TypeID=172
  [DEBUG] SymFunc idx=198 NameID=63 TypeID=175
  [DEBUG] SymFunc idx=203 NameID=66 TypeID=177
  [DEBUG] SymFunc idx=206 NameID=49 TypeID=181
  [DEBUG] SymFunc idx=210 NameID=68 TypeID=186
  [DEBUG] SymFunc idx=213 NameID=69 TypeID=188
  [DEBUG] SymFunc idx=216 NameID=70 TypeID=190
  [DEBUG] SymFunc idx=220 NameID=71 TypeID=192
  [DEBUG] SymFunc idx=223 NameID=72 TypeID=194
  [DEBUG] SymFunc idx=226 NameID=73 TypeID=198
  [DEBUG] SymFunc idx=230 NameID=74 TypeID=202
  [DEBUG] SymFunc idx=235 NameID=69 TypeID=204
  [DEBUG] SymFunc idx=238 NameID=71 TypeID=206
  [DEBUG] SymFunc idx=242 NameID=69 TypeID=208
  [DEBUG] SymFunc idx=245 NameID=70 TypeID=210
  [DEBUG] SymFunc idx=249 NameID=71 TypeID=212
  [DEBUG] SymFunc idx=252 NameID=76 TypeID=214
  [DEBUG] SymFunc idx=254 NameID=77 TypeID=217
  [DEBUG] SymFunc idx=258 NameID=79 TypeID=220
  [DEBUG] SymFunc idx=261 NameID=80 TypeID=223
  [DEBUG] SymFunc idx=264 NameID=81 TypeID=224
  [DEBUG] SymFunc idx=266 NameID=83 TypeID=225
  [DEBUG] SymFunc idx=269 NameID=86 TypeID=226
  [DEBUG] SymFunc idx=274 NameID=92 TypeID=227
  [DEBUG] SymFunc idx=279 NameID=97 TypeID=228
  [DEBUG] SymFunc idx=284 NameID=102 TypeID=229
  [DEBUG] SymFunc idx=292 NameID=156 TypeID=234
  [DEBUG] SymFunc idx=294 NameID=157 TypeID=236
  [DEBUG] SymFunc idx=298 NameID=158 TypeID=246
  [DEBUG] SymFunc idx=301 NameID=159 TypeID=248
  [DEBUG] SymFunc idx=303 NameID=160 TypeID=249
  [DEBUG] SymFunc idx=305 NameID=161 TypeID=252
  [DEBUG] SymFunc idx=308 NameID=162 TypeID=255
  [DEBUG] SymFunc idx=310 NameID=163 TypeID=275
  [DEBUG] SymFunc idx=313 NameID=164 TypeID=278
  [DEBUG] SymFunc idx=317 NameID=165 TypeID=284
  [DEBUG] SymFunc idx=322 NameID=167 TypeID=287
  [DEBUG] SymFunc idx=327 NameID=169 TypeID=290
  [DEBUG] SymFunc idx=329 NameID=170 TypeID=292
  [DEBUG] SymFunc idx=332 NameID=171 TypeID=295
  [DEBUG] SymFunc idx=334 NameID=172 TypeID=299
  [DEBUG] SymFunc idx=339 NameID=174 TypeID=303
  [DEBUG] SymFunc idx=345 NameID=176 TypeID=306
  [DEBUG] SymFunc idx=350 NameID=169 TypeID=311
  [DEBUG] SymFunc idx=352 NameID=171 TypeID=315
  [DEBUG] SymFunc idx=355 NameID=178 TypeID=321
[DEBUG] getMethodsOfStruct called for struct 107
  [DEBUG] SymFunc idx=38 NameID=9 TypeID=115
  [DEBUG] SymFunc idx=42 NameID=12 TypeID=117
  [DEBUG] SymFunc idx=45 NameID=13 TypeID=119
  [DEBUG] SymFunc idx=50 NameID=16 TypeID=121
  [DEBUG] SymFunc idx=56 NameID=18 TypeID=123
  [DEBUG] SymFunc idx=62 NameID=21 TypeID=126
  [DEBUG] SymFunc idx=69 NameID=24 TypeID=129
  [DEBUG] SymFunc idx=76 NameID=25 TypeID=132
  [DEBUG] SymFunc idx=83 NameID=27 TypeID=134
  [DEBUG] SymFunc idx=89 NameID=29 TypeID=136
  [DEBUG] SymFunc idx=94 NameID=31 TypeID=138
  [DEBUG] SymFunc idx=98 NameID=32 TypeID=140
  [DEBUG] SymFunc idx=102 NameID=13 TypeID=142
  [DEBUG] SymFunc idx=107 NameID=16 TypeID=144
  [DEBUG] SymFunc idx=113 NameID=18 TypeID=146
  [DEBUG] SymFunc idx=119 NameID=21 TypeID=149
  [DEBUG] SymFunc idx=127 NameID=34 TypeID=152
  [DEBUG] SymFunc idx=135 NameID=24 TypeID=155
  [DEBUG] SymFunc idx=143 NameID=36 TypeID=158
  [DEBUG] SymFunc idx=148 NameID=26 TypeID=161
  [DEBUG] SymFunc idx=184 NameID=58 TypeID=163
  [DEBUG] SymFunc idx=187 NameID=59 TypeID=166
  [DEBUG] SymFunc idx=190 NameID=61 TypeID=169
  [DEBUG] SymFunc idx=194 NameID=62 TypeID=172
  [DEBUG] SymFunc idx=198 NameID=63 TypeID=175
  [DEBUG] SymFunc idx=203 NameID=66 TypeID=177
  [DEBUG] SymFunc idx=206 NameID=49 TypeID=181
  [DEBUG] SymFunc idx=210 NameID=68 TypeID=186
  [DEBUG] SymFunc idx=213 NameID=69 TypeID=188
  [DEBUG] SymFunc idx=216 NameID=70 TypeID=190
  [DEBUG] SymFunc idx=220 NameID=71 TypeID=192
  [DEBUG] SymFunc idx=223 NameID=72 TypeID=194
  [DEBUG] SymFunc idx=226 NameID=73 TypeID=198
  [DEBUG] SymFunc idx=230 NameID=74 TypeID=202
  [DEBUG] SymFunc idx=235 NameID=69 TypeID=204
  [DEBUG] SymFunc idx=238 NameID=71 TypeID=206
  [DEBUG] SymFunc idx=242 NameID=69 TypeID=208
  [DEBUG] SymFunc idx=245 NameID=70 TypeID=210
  [DEBUG] SymFunc idx=249 NameID=71 TypeID=212
  [DEBUG] SymFunc idx=252 NameID=76 TypeID=214
  [DEBUG] SymFunc idx=254 NameID=77 TypeID=217
  [DEBUG] SymFunc idx=258 NameID=79 TypeID=220
  [DEBUG] SymFunc idx=261 NameID=80 TypeID=223
  [DEBUG] SymFunc idx=264 NameID=81 TypeID=224
  [DEBUG] SymFunc idx=266 NameID=83 TypeID=225
  [DEBUG] SymFunc idx=269 NameID=86 TypeID=226
  [DEBUG] SymFunc idx=274 NameID=92 TypeID=227
  [DEBUG] SymFunc idx=279 NameID=97 TypeID=228
  [DEBUG] SymFunc idx=284 NameID=102 TypeID=229
  [DEBUG] SymFunc idx=292 NameID=156 TypeID=234
  [DEBUG] SymFunc idx=294 NameID=157 TypeID=236
  [DEBUG] SymFunc idx=298 NameID=158 TypeID=246
  [DEBUG] SymFunc idx=301 NameID=159 TypeID=248
  [DEBUG] SymFunc idx=303 NameID=160 TypeID=249
  [DEBUG] SymFunc idx=305 NameID=161 TypeID=252
  [DEBUG] SymFunc idx=308 NameID=162 TypeID=255
  [DEBUG] SymFunc idx=310 NameID=163 TypeID=275
  [DEBUG] SymFunc idx=313 NameID=164 TypeID=278
  [DEBUG] SymFunc idx=317 NameID=165 TypeID=284
  [DEBUG] SymFunc idx=322 NameID=167 TypeID=287
  [DEBUG] SymFunc idx=327 NameID=169 TypeID=290
  [DEBUG] SymFunc idx=329 NameID=170 TypeID=292
  [DEBUG] SymFunc idx=332 NameID=171 TypeID=295
  [DEBUG] SymFunc idx=334 NameID=172 TypeID=299
  [DEBUG] SymFunc idx=339 NameID=174 TypeID=303
  [DEBUG] SymFunc idx=345 NameID=176 TypeID=306
  [DEBUG] SymFunc idx=350 NameID=169 TypeID=311
  [DEBUG] SymFunc idx=352 NameID=171 TypeID=315
  [DEBUG] SymFunc idx=355 NameID=178 TypeID=321
[DEBUG] Instantiated method write: instSymIdx=355, errs=[]
[DEBUG] getMethodsOfStruct called for struct 302
  [DEBUG] SymFunc idx=38 NameID=9 TypeID=115
  [DEBUG] SymFunc idx=42 NameID=12 TypeID=117
  [DEBUG] SymFunc idx=45 NameID=13 TypeID=119
  [DEBUG] SymFunc idx=50 NameID=16 TypeID=121
  [DEBUG] SymFunc idx=56 NameID=18 TypeID=123
  [DEBUG] SymFunc idx=62 NameID=21 TypeID=126
  [DEBUG] SymFunc idx=69 NameID=24 TypeID=129
  [DEBUG] SymFunc idx=76 NameID=25 TypeID=132
  [DEBUG] SymFunc idx=83 NameID=27 TypeID=134
  [DEBUG] SymFunc idx=89 NameID=29 TypeID=136
  [DEBUG] SymFunc idx=94 NameID=31 TypeID=138
  [DEBUG] SymFunc idx=98 NameID=32 TypeID=140
  [DEBUG] SymFunc idx=102 NameID=13 TypeID=142
  [DEBUG] SymFunc idx=107 NameID=16 TypeID=144
  [DEBUG] SymFunc idx=113 NameID=18 TypeID=146
  [DEBUG] SymFunc idx=119 NameID=21 TypeID=149
  [DEBUG] SymFunc idx=127 NameID=34 TypeID=152
  [DEBUG] SymFunc idx=135 NameID=24 TypeID=155
  [DEBUG] SymFunc idx=143 NameID=36 TypeID=158
  [DEBUG] SymFunc idx=148 NameID=26 TypeID=161
  [DEBUG] SymFunc idx=184 NameID=58 TypeID=163
  [DEBUG] SymFunc idx=187 NameID=59 TypeID=166
  [DEBUG] SymFunc idx=190 NameID=61 TypeID=169
  [DEBUG] SymFunc idx=194 NameID=62 TypeID=172
  [DEBUG] SymFunc idx=198 NameID=63 TypeID=175
  [DEBUG] SymFunc idx=203 NameID=66 TypeID=177
  [DEBUG] SymFunc idx=206 NameID=49 TypeID=181
  [DEBUG] SymFunc idx=210 NameID=68 TypeID=186
  [DEBUG] SymFunc idx=213 NameID=69 TypeID=188
  [DEBUG] SymFunc idx=216 NameID=70 TypeID=190
  [DEBUG] SymFunc idx=220 NameID=71 TypeID=192
  [DEBUG] SymFunc idx=223 NameID=72 TypeID=194
  [DEBUG] SymFunc idx=226 NameID=73 TypeID=198
  [DEBUG] SymFunc idx=230 NameID=74 TypeID=202
  [DEBUG] SymFunc idx=235 NameID=69 TypeID=204
  [DEBUG] SymFunc idx=238 NameID=71 TypeID=206
  [DEBUG] SymFunc idx=242 NameID=69 TypeID=208
  [DEBUG] SymFunc idx=245 NameID=70 TypeID=210
  [DEBUG] SymFunc idx=249 NameID=71 TypeID=212
  [DEBUG] SymFunc idx=252 NameID=76 TypeID=214
  [DEBUG] SymFunc idx=254 NameID=77 TypeID=217
  [DEBUG] SymFunc idx=258 NameID=79 TypeID=220
  [DEBUG] SymFunc idx=261 NameID=80 TypeID=223
  [DEBUG] SymFunc idx=264 NameID=81 TypeID=224
  [DEBUG] SymFunc idx=266 NameID=83 TypeID=225
  [DEBUG] SymFunc idx=269 NameID=86 TypeID=226
  [DEBUG] SymFunc idx=274 NameID=92 TypeID=227
  [DEBUG] SymFunc idx=279 NameID=97 TypeID=228
  [DEBUG] SymFunc idx=284 NameID=102 TypeID=229
  [DEBUG] SymFunc idx=292 NameID=156 TypeID=234
  [DEBUG] SymFunc idx=294 NameID=157 TypeID=236
  [DEBUG] SymFunc idx=298 NameID=158 TypeID=246
  [DEBUG] SymFunc idx=301 NameID=159 TypeID=248
  [DEBUG] SymFunc idx=303 NameID=160 TypeID=249
  [DEBUG] SymFunc idx=305 NameID=161 TypeID=252
  [DEBUG] SymFunc idx=308 NameID=162 TypeID=255
  [DEBUG] SymFunc idx=310 NameID=163 TypeID=275
  [DEBUG] SymFunc idx=313 NameID=164 TypeID=278
  [DEBUG] SymFunc idx=317 NameID=165 TypeID=284
  [DEBUG] SymFunc idx=322 NameID=167 TypeID=287
  [DEBUG] SymFunc idx=327 NameID=169 TypeID=290
  [DEBUG] SymFunc idx=329 NameID=170 TypeID=292
  [DEBUG] SymFunc idx=332 NameID=171 TypeID=295
  [DEBUG] SymFunc idx=334 NameID=172 TypeID=299
  [DEBUG] SymFunc idx=339 NameID=174 TypeID=303
  [DEBUG] SymFunc idx=345 NameID=176 TypeID=306
  [DEBUG] SymFunc idx=350 NameID=169 TypeID=311
  [DEBUG] SymFunc idx=352 NameID=171 TypeID=315
  [DEBUG] SymFunc idx=355 NameID=178 TypeID=321
[DEBUG-FIELD] FieldExpr nodeIdx=1352 objType=320 fieldNameID=69
[DEBUG-FIELD] objType resolved to entry.Kind=1 structType=320 NameID=179 genericArgs=[]
[DEBUG-FIELD] struct fields count=1 genericParams=[]
[DEBUG-FIELD]   checking field NameID=49 field.TypeID=304
[DEBUG] getMethodsOfStruct called for struct 320
  [DEBUG] SymFunc idx=38 NameID=9 TypeID=115
  [DEBUG] SymFunc idx=42 NameID=12 TypeID=117
  [DEBUG] SymFunc idx=45 NameID=13 TypeID=119
  [DEBUG] SymFunc idx=50 NameID=16 TypeID=121
  [DEBUG] SymFunc idx=56 NameID=18 TypeID=123
  [DEBUG] SymFunc idx=62 NameID=21 TypeID=126
  [DEBUG] SymFunc idx=69 NameID=24 TypeID=129
  [DEBUG] SymFunc idx=76 NameID=25 TypeID=132
  [DEBUG] SymFunc idx=83 NameID=27 TypeID=134
  [DEBUG] SymFunc idx=89 NameID=29 TypeID=136
  [DEBUG] SymFunc idx=94 NameID=31 TypeID=138
  [DEBUG] SymFunc idx=98 NameID=32 TypeID=140
  [DEBUG] SymFunc idx=102 NameID=13 TypeID=142
  [DEBUG] SymFunc idx=107 NameID=16 TypeID=144
  [DEBUG] SymFunc idx=113 NameID=18 TypeID=146
  [DEBUG] SymFunc idx=119 NameID=21 TypeID=149
  [DEBUG] SymFunc idx=127 NameID=34 TypeID=152
  [DEBUG] SymFunc idx=135 NameID=24 TypeID=155
  [DEBUG] SymFunc idx=143 NameID=36 TypeID=158
  [DEBUG] SymFunc idx=148 NameID=26 TypeID=161
  [DEBUG] SymFunc idx=184 NameID=58 TypeID=163
  [DEBUG] SymFunc idx=187 NameID=59 TypeID=166
  [DEBUG] SymFunc idx=190 NameID=61 TypeID=169
  [DEBUG] SymFunc idx=194 NameID=62 TypeID=172
  [DEBUG] SymFunc idx=198 NameID=63 TypeID=175
  [DEBUG] SymFunc idx=203 NameID=66 TypeID=177
  [DEBUG] SymFunc idx=206 NameID=49 TypeID=181
  [DEBUG] SymFunc idx=210 NameID=68 TypeID=186
  [DEBUG] SymFunc idx=213 NameID=69 TypeID=188
  [DEBUG] SymFunc idx=216 NameID=70 TypeID=190
  [DEBUG] SymFunc idx=220 NameID=71 TypeID=192
  [DEBUG] SymFunc idx=223 NameID=72 TypeID=194
  [DEBUG] SymFunc idx=226 NameID=73 TypeID=198
  [DEBUG] SymFunc idx=230 NameID=74 TypeID=202
  [DEBUG] SymFunc idx=235 NameID=69 TypeID=204
  [DEBUG] SymFunc idx=238 NameID=71 TypeID=206
  [DEBUG] SymFunc idx=242 NameID=69 TypeID=208
  [DEBUG] SymFunc idx=245 NameID=70 TypeID=210
  [DEBUG] SymFunc idx=249 NameID=71 TypeID=212
  [DEBUG] SymFunc idx=252 NameID=76 TypeID=214
  [DEBUG] SymFunc idx=254 NameID=77 TypeID=217
  [DEBUG] SymFunc idx=258 NameID=79 TypeID=220
  [DEBUG] SymFunc idx=261 NameID=80 TypeID=223
  [DEBUG] SymFunc idx=264 NameID=81 TypeID=224
  [DEBUG] SymFunc idx=266 NameID=83 TypeID=225
  [DEBUG] SymFunc idx=269 NameID=86 TypeID=226
  [DEBUG] SymFunc idx=274 NameID=92 TypeID=227
  [DEBUG] SymFunc idx=279 NameID=97 TypeID=228
  [DEBUG] SymFunc idx=284 NameID=102 TypeID=229
  [DEBUG] SymFunc idx=292 NameID=156 TypeID=234
  [DEBUG] SymFunc idx=294 NameID=157 TypeID=236
  [DEBUG] SymFunc idx=298 NameID=158 TypeID=246
  [DEBUG] SymFunc idx=301 NameID=159 TypeID=248
  [DEBUG] SymFunc idx=303 NameID=160 TypeID=249
  [DEBUG] SymFunc idx=305 NameID=161 TypeID=252
  [DEBUG] SymFunc idx=308 NameID=162 TypeID=255
  [DEBUG] SymFunc idx=310 NameID=163 TypeID=275
  [DEBUG] SymFunc idx=313 NameID=164 TypeID=278
  [DEBUG] SymFunc idx=317 NameID=165 TypeID=284
  [DEBUG] SymFunc idx=322 NameID=167 TypeID=287
  [DEBUG] SymFunc idx=327 NameID=169 TypeID=290
  [DEBUG] SymFunc idx=329 NameID=170 TypeID=292
  [DEBUG] SymFunc idx=332 NameID=171 TypeID=295
  [DEBUG] SymFunc idx=334 NameID=172 TypeID=299
  [DEBUG] SymFunc idx=339 NameID=174 TypeID=303
  [DEBUG] SymFunc idx=345 NameID=176 TypeID=306
  [DEBUG] SymFunc idx=350 NameID=169 TypeID=311
  [DEBUG] SymFunc idx=352 NameID=171 TypeID=315
  [DEBUG] SymFunc idx=355 NameID=178 TypeID=321
[DEBUG-OVERLOAD] methodName=get baseName=WriteGuard recParam=187 kind=8 nameID=41 recStructName=MutexGuard
[DEBUG-OVERLOAD] methodName=get baseName=WriteGuard recParam=203 kind=8 nameID=48 recStructName=ReadGuard
[DEBUG-OVERLOAD] methodName=get baseName=WriteGuard recParam=207 kind=8 nameID=50 recStructName=WriteGuard
[DEBUG] Instantiating generic method template: get for typeArgs [i32]. structName=_AX_std_WriteGuard_i32
[DEBUG] Inference NodeGenericType (User-Defined): base='WriteGuard' typeArgs=[i32] instTypeID=320
[DEBUG-FIELD] FieldExpr nodeIdx=1963 objType=320 fieldNameID=49
[DEBUG-FIELD] objType resolved to entry.Kind=1 structType=320 NameID=179 genericArgs=[]
[DEBUG-FIELD] struct fields count=1 genericParams=[]
[DEBUG-FIELD]   checking field NameID=49 field.TypeID=304
[DEBUG-FIELD]   found field fieldType=304 resultType=304
[DEBUG-FIELD] FieldExpr nodeIdx=1962 objType=304 fieldNameID=38
[DEBUG-FIELD] objType resolved to entry.Kind=1 structType=302 NameID=175 genericArgs=[]
[DEBUG-FIELD] struct fields count=3 genericParams=[]
[DEBUG-FIELD]   checking field NameID=38 field.TypeID=3
[DEBUG-FIELD]   found field fieldType=3 resultType=3
[DEBUG] Instantiated method get: instSymIdx=361, errs=[]
[DEBUG] getMethodsOfStruct called for struct 320
  [DEBUG] SymFunc idx=38 NameID=9 TypeID=115
  [DEBUG] SymFunc idx=42 NameID=12 TypeID=117
  [DEBUG] SymFunc idx=45 NameID=13 TypeID=119
  [DEBUG] SymFunc idx=50 NameID=16 TypeID=121
  [DEBUG] SymFunc idx=56 NameID=18 TypeID=123
  [DEBUG] SymFunc idx=62 NameID=21 TypeID=126
  [DEBUG] SymFunc idx=69 NameID=24 TypeID=129
  [DEBUG] SymFunc idx=76 NameID=25 TypeID=132
  [DEBUG] SymFunc idx=83 NameID=27 TypeID=134
  [DEBUG] SymFunc idx=89 NameID=29 TypeID=136
  [DEBUG] SymFunc idx=94 NameID=31 TypeID=138
  [DEBUG] SymFunc idx=98 NameID=32 TypeID=140
  [DEBUG] SymFunc idx=102 NameID=13 TypeID=142
  [DEBUG] SymFunc idx=107 NameID=16 TypeID=144
  [DEBUG] SymFunc idx=113 NameID=18 TypeID=146
  [DEBUG] SymFunc idx=119 NameID=21 TypeID=149
  [DEBUG] SymFunc idx=127 NameID=34 TypeID=152
  [DEBUG] SymFunc idx=135 NameID=24 TypeID=155
  [DEBUG] SymFunc idx=143 NameID=36 TypeID=158
  [DEBUG] SymFunc idx=148 NameID=26 TypeID=161
  [DEBUG] SymFunc idx=184 NameID=58 TypeID=163
  [DEBUG] SymFunc idx=187 NameID=59 TypeID=166
  [DEBUG] SymFunc idx=190 NameID=61 TypeID=169
  [DEBUG] SymFunc idx=194 NameID=62 TypeID=172
  [DEBUG] SymFunc idx=198 NameID=63 TypeID=175
  [DEBUG] SymFunc idx=203 NameID=66 TypeID=177
  [DEBUG] SymFunc idx=206 NameID=49 TypeID=181
  [DEBUG] SymFunc idx=210 NameID=68 TypeID=186
  [DEBUG] SymFunc idx=213 NameID=69 TypeID=188
  [DEBUG] SymFunc idx=216 NameID=70 TypeID=190
  [DEBUG] SymFunc idx=220 NameID=71 TypeID=192
  [DEBUG] SymFunc idx=223 NameID=72 TypeID=194
  [DEBUG] SymFunc idx=226 NameID=73 TypeID=198
  [DEBUG] SymFunc idx=230 NameID=74 TypeID=202
  [DEBUG] SymFunc idx=235 NameID=69 TypeID=204
  [DEBUG] SymFunc idx=238 NameID=71 TypeID=206
  [DEBUG] SymFunc idx=242 NameID=69 TypeID=208
  [DEBUG] SymFunc idx=245 NameID=70 TypeID=210
  [DEBUG] SymFunc idx=249 NameID=71 TypeID=212
  [DEBUG] SymFunc idx=252 NameID=76 TypeID=214
  [DEBUG] SymFunc idx=254 NameID=77 TypeID=217
  [DEBUG] SymFunc idx=258 NameID=79 TypeID=220
  [DEBUG] SymFunc idx=261 NameID=80 TypeID=223
  [DEBUG] SymFunc idx=264 NameID=81 TypeID=224
  [DEBUG] SymFunc idx=266 NameID=83 TypeID=225
  [DEBUG] SymFunc idx=269 NameID=86 TypeID=226
  [DEBUG] SymFunc idx=274 NameID=92 TypeID=227
  [DEBUG] SymFunc idx=279 NameID=97 TypeID=228
  [DEBUG] SymFunc idx=284 NameID=102 TypeID=229
  [DEBUG] SymFunc idx=292 NameID=156 TypeID=234
  [DEBUG] SymFunc idx=294 NameID=157 TypeID=236
  [DEBUG] SymFunc idx=298 NameID=158 TypeID=246
  [DEBUG] SymFunc idx=301 NameID=159 TypeID=248
  [DEBUG] SymFunc idx=303 NameID=160 TypeID=249
  [DEBUG] SymFunc idx=305 NameID=161 TypeID=252
  [DEBUG] SymFunc idx=308 NameID=162 TypeID=255
  [DEBUG] SymFunc idx=310 NameID=163 TypeID=275
  [DEBUG] SymFunc idx=313 NameID=164 TypeID=278
  [DEBUG] SymFunc idx=317 NameID=165 TypeID=284
  [DEBUG] SymFunc idx=322 NameID=167 TypeID=287
  [DEBUG] SymFunc idx=327 NameID=169 TypeID=290
  [DEBUG] SymFunc idx=329 NameID=170 TypeID=292
  [DEBUG] SymFunc idx=332 NameID=171 TypeID=295
  [DEBUG] SymFunc idx=334 NameID=172 TypeID=299
  [DEBUG] SymFunc idx=339 NameID=174 TypeID=303
  [DEBUG] SymFunc idx=345 NameID=176 TypeID=306
  [DEBUG] SymFunc idx=350 NameID=169 TypeID=311
  [DEBUG] SymFunc idx=352 NameID=171 TypeID=315
  [DEBUG] SymFunc idx=355 NameID=178 TypeID=321
  [DEBUG] SymFunc idx=361 NameID=169 TypeID=325
[DEBUG-FIELD] FieldExpr nodeIdx=1358 objType=320 fieldNameID=70
[DEBUG-FIELD] objType resolved to entry.Kind=1 structType=320 NameID=179 genericArgs=[]
[DEBUG-FIELD] struct fields count=1 genericParams=[]
[DEBUG-FIELD]   checking field NameID=49 field.TypeID=304
[DEBUG-OVERLOAD] methodName=set baseName=WriteGuard recParam=189 kind=8 nameID=41 recStructName=MutexGuard
[DEBUG-OVERLOAD] methodName=set baseName=WriteGuard recParam=209 kind=8 nameID=50 recStructName=WriteGuard
[DEBUG] Instantiating generic method template: set for typeArgs [i32]. structName=_AX_std_WriteGuard_i32
[DEBUG] Inference NodeGenericType (User-Defined): base='WriteGuard' typeArgs=[i32] instTypeID=320
[DEBUG-FIELD] FieldExpr nodeIdx=1979 objType=320 fieldNameID=49
[DEBUG-FIELD] objType resolved to entry.Kind=1 structType=320 NameID=179 genericArgs=[]
[DEBUG-FIELD] struct fields count=1 genericParams=[]
[DEBUG-FIELD]   checking field NameID=49 field.TypeID=304
[DEBUG-FIELD]   found field fieldType=304 resultType=304
[DEBUG-FIELD] FieldExpr nodeIdx=1978 objType=304 fieldNameID=38
[DEBUG-FIELD] objType resolved to entry.Kind=1 structType=302 NameID=175 genericArgs=[]
[DEBUG-FIELD] struct fields count=3 genericParams=[]
[DEBUG-FIELD]   checking field NameID=38 field.TypeID=3
[DEBUG-FIELD]   found field fieldType=3 resultType=3
[DEBUG] Instantiated method set: instSymIdx=363, errs=[]
[DEBUG] getMethodsOfStruct called for struct 320
  [DEBUG] SymFunc idx=38 NameID=9 TypeID=115
  [DEBUG] SymFunc idx=42 NameID=12 TypeID=117
  [DEBUG] SymFunc idx=45 NameID=13 TypeID=119
  [DEBUG] SymFunc idx=50 NameID=16 TypeID=121
  [DEBUG] SymFunc idx=56 NameID=18 TypeID=123
  [DEBUG] SymFunc idx=62 NameID=21 TypeID=126
  [DEBUG] SymFunc idx=69 NameID=24 TypeID=129
  [DEBUG] SymFunc idx=76 NameID=25 TypeID=132
  [DEBUG] SymFunc idx=83 NameID=27 TypeID=134
  [DEBUG] SymFunc idx=89 NameID=29 TypeID=136
  [DEBUG] SymFunc idx=94 NameID=31 TypeID=138
  [DEBUG] SymFunc idx=98 NameID=32 TypeID=140
  [DEBUG] SymFunc idx=102 NameID=13 TypeID=142
  [DEBUG] SymFunc idx=107 NameID=16 TypeID=144
  [DEBUG] SymFunc idx=113 NameID=18 TypeID=146
  [DEBUG] SymFunc idx=119 NameID=21 TypeID=149
  [DEBUG] SymFunc idx=127 NameID=34 TypeID=152
  [DEBUG] SymFunc idx=135 NameID=24 TypeID=155
  [DEBUG] SymFunc idx=143 NameID=36 TypeID=158
  [DEBUG] SymFunc idx=148 NameID=26 TypeID=161
  [DEBUG] SymFunc idx=184 NameID=58 TypeID=163
  [DEBUG] SymFunc idx=187 NameID=59 TypeID=166
  [DEBUG] SymFunc idx=190 NameID=61 TypeID=169
  [DEBUG] SymFunc idx=194 NameID=62 TypeID=172
  [DEBUG] SymFunc idx=198 NameID=63 TypeID=175
  [DEBUG] SymFunc idx=203 NameID=66 TypeID=177
  [DEBUG] SymFunc idx=206 NameID=49 TypeID=181
  [DEBUG] SymFunc idx=210 NameID=68 TypeID=186
  [DEBUG] SymFunc idx=213 NameID=69 TypeID=188
  [DEBUG] SymFunc idx=216 NameID=70 TypeID=190
  [DEBUG] SymFunc idx=220 NameID=71 TypeID=192
  [DEBUG] SymFunc idx=223 NameID=72 TypeID=194
  [DEBUG] SymFunc idx=226 NameID=73 TypeID=198
  [DEBUG] SymFunc idx=230 NameID=74 TypeID=202
  [DEBUG] SymFunc idx=235 NameID=69 TypeID=204
  [DEBUG] SymFunc idx=238 NameID=71 TypeID=206
  [DEBUG] SymFunc idx=242 NameID=69 TypeID=208
  [DEBUG] SymFunc idx=245 NameID=70 TypeID=210
  [DEBUG] SymFunc idx=249 NameID=71 TypeID=212
  [DEBUG] SymFunc idx=252 NameID=76 TypeID=214
  [DEBUG] SymFunc idx=254 NameID=77 TypeID=217
  [DEBUG] SymFunc idx=258 NameID=79 TypeID=220
  [DEBUG] SymFunc idx=261 NameID=80 TypeID=223
  [DEBUG] SymFunc idx=264 NameID=81 TypeID=224
  [DEBUG] SymFunc idx=266 NameID=83 TypeID=225
  [DEBUG] SymFunc idx=269 NameID=86 TypeID=226
  [DEBUG] SymFunc idx=274 NameID=92 TypeID=227
  [DEBUG] SymFunc idx=279 NameID=97 TypeID=228
  [DEBUG] SymFunc idx=284 NameID=102 TypeID=229
  [DEBUG] SymFunc idx=292 NameID=156 TypeID=234
  [DEBUG] SymFunc idx=294 NameID=157 TypeID=236
  [DEBUG] SymFunc idx=298 NameID=158 TypeID=246
  [DEBUG] SymFunc idx=301 NameID=159 TypeID=248
  [DEBUG] SymFunc idx=303 NameID=160 TypeID=249
  [DEBUG] SymFunc idx=305 NameID=161 TypeID=252
  [DEBUG] SymFunc idx=308 NameID=162 TypeID=255
  [DEBUG] SymFunc idx=310 NameID=163 TypeID=275
  [DEBUG] SymFunc idx=313 NameID=164 TypeID=278
  [DEBUG] SymFunc idx=317 NameID=165 TypeID=284
  [DEBUG] SymFunc idx=322 NameID=167 TypeID=287
  [DEBUG] SymFunc idx=327 NameID=169 TypeID=290
  [DEBUG] SymFunc idx=329 NameID=170 TypeID=292
  [DEBUG] SymFunc idx=332 NameID=171 TypeID=295
  [DEBUG] SymFunc idx=334 NameID=172 TypeID=299
  [DEBUG] SymFunc idx=339 NameID=174 TypeID=303
  [DEBUG] SymFunc idx=345 NameID=176 TypeID=306
  [DEBUG] SymFunc idx=350 NameID=169 TypeID=311
  [DEBUG] SymFunc idx=352 NameID=171 TypeID=315
  [DEBUG] SymFunc idx=355 NameID=178 TypeID=321
  [DEBUG] SymFunc idx=361 NameID=169 TypeID=325
  [DEBUG] SymFunc idx=363 NameID=170 TypeID=327
[DEBUG] CastExpr child expr nodeIdx=1361 Kind=IntLit Type=3
[DEBUG] NodeCastExpr nodeIdx=1362 targetNodeIdx=1363 Kind=TypeExpr Payload=2 targetType=3
[DEBUG-FIELD] FieldExpr nodeIdx=1367 objType=320 fieldNameID=69
[DEBUG-FIELD] objType resolved to entry.Kind=1 structType=320 NameID=179 genericArgs=[]
[DEBUG-FIELD] struct fields count=1 genericParams=[]
[DEBUG-FIELD]   checking field NameID=49 field.TypeID=304
[DEBUG-FIELD] FieldExpr nodeIdx=1373 objType=320 fieldNameID=71
[DEBUG-FIELD] objType resolved to entry.Kind=1 structType=320 NameID=179 genericArgs=[]
[DEBUG-FIELD] struct fields count=1 genericParams=[]
[DEBUG-FIELD]   checking field NameID=49 field.TypeID=304
[DEBUG-OVERLOAD] methodName=unlock baseName=WriteGuard recParam=191 kind=8 nameID=41 recStructName=MutexGuard
[DEBUG-OVERLOAD] methodName=unlock baseName=WriteGuard recParam=205 kind=8 nameID=48 recStructName=ReadGuard
[DEBUG-OVERLOAD] methodName=unlock baseName=WriteGuard recParam=211 kind=8 nameID=50 recStructName=WriteGuard
[DEBUG] Instantiating generic method template: unlock for typeArgs [i32]. structName=_AX_std_WriteGuard_i32
[DEBUG] Inference NodeGenericType (User-Defined): base='WriteGuard' typeArgs=[i32] instTypeID=320
[DEBUG-FIELD] FieldExpr nodeIdx=1995 objType=320 fieldNameID=49
[DEBUG-FIELD] objType resolved to entry.Kind=1 structType=320 NameID=179 genericArgs=[]
[DEBUG-FIELD] struct fields count=1 genericParams=[]
[DEBUG-FIELD]   checking field NameID=49 field.TypeID=304
[DEBUG-FIELD]   found field fieldType=304 resultType=304
[DEBUG-FIELD] FieldExpr nodeIdx=1994 objType=304 fieldNameID=47
[DEBUG-FIELD] objType resolved to entry.Kind=1 structType=302 NameID=175 genericArgs=[]
[DEBUG-FIELD] struct fields count=3 genericParams=[]
[DEBUG-FIELD]   checking field NameID=38 field.TypeID=3
[DEBUG-FIELD]   checking field NameID=45 field.TypeID=107
[DEBUG-FIELD]   checking field NameID=47 field.TypeID=104
[DEBUG-FIELD]   found field fieldType=104 resultType=104
[DEBUG-FIELD] FieldExpr nodeIdx=1993 objType=104 fieldNameID=61
[DEBUG-FIELD] objType resolved to entry.Kind=1 structType=104 NameID=153 genericArgs=[]
[DEBUG-FIELD] struct fields count=1 genericParams=[]
[DEBUG-FIELD]   checking field NameID=38 field.TypeID=11
[DEBUG] getMethodsOfStruct called for struct 104
  [DEBUG] SymFunc idx=38 NameID=9 TypeID=115
  [DEBUG] SymFunc idx=42 NameID=12 TypeID=117
  [DEBUG] SymFunc idx=45 NameID=13 TypeID=119
  [DEBUG] SymFunc idx=50 NameID=16 TypeID=121
  [DEBUG] SymFunc idx=56 NameID=18 TypeID=123
  [DEBUG] SymFunc idx=62 NameID=21 TypeID=126
  [DEBUG] SymFunc idx=69 NameID=24 TypeID=129
  [DEBUG] SymFunc idx=76 NameID=25 TypeID=132
  [DEBUG] SymFunc idx=83 NameID=27 TypeID=134
  [DEBUG] SymFunc idx=89 NameID=29 TypeID=136
  [DEBUG] SymFunc idx=94 NameID=31 TypeID=138
  [DEBUG] SymFunc idx=98 NameID=32 TypeID=140
  [DEBUG] SymFunc idx=102 NameID=13 TypeID=142
  [DEBUG] SymFunc idx=107 NameID=16 TypeID=144
  [DEBUG] SymFunc idx=113 NameID=18 TypeID=146
  [DEBUG] SymFunc idx=119 NameID=21 TypeID=149
  [DEBUG] SymFunc idx=127 NameID=34 TypeID=152
  [DEBUG] SymFunc idx=135 NameID=24 TypeID=155
  [DEBUG] SymFunc idx=143 NameID=36 TypeID=158
  [DEBUG] SymFunc idx=148 NameID=26 TypeID=161
  [DEBUG] SymFunc idx=184 NameID=58 TypeID=163
  [DEBUG] SymFunc idx=187 NameID=59 TypeID=166
  [DEBUG] SymFunc idx=190 NameID=61 TypeID=169
  [DEBUG] SymFunc idx=194 NameID=62 TypeID=172
  [DEBUG] SymFunc idx=198 NameID=63 TypeID=175
  [DEBUG] SymFunc idx=203 NameID=66 TypeID=177
  [DEBUG] SymFunc idx=206 NameID=49 TypeID=181
  [DEBUG] SymFunc idx=210 NameID=68 TypeID=186
  [DEBUG] SymFunc idx=213 NameID=69 TypeID=188
  [DEBUG] SymFunc idx=216 NameID=70 TypeID=190
  [DEBUG] SymFunc idx=220 NameID=71 TypeID=192
  [DEBUG] SymFunc idx=223 NameID=72 TypeID=194
  [DEBUG] SymFunc idx=226 NameID=73 TypeID=198
  [DEBUG] SymFunc idx=230 NameID=74 TypeID=202
  [DEBUG] SymFunc idx=235 NameID=69 TypeID=204
  [DEBUG] SymFunc idx=238 NameID=71 TypeID=206
  [DEBUG] SymFunc idx=242 NameID=69 TypeID=208
  [DEBUG] SymFunc idx=245 NameID=70 TypeID=210
  [DEBUG] SymFunc idx=249 NameID=71 TypeID=212
  [DEBUG] SymFunc idx=252 NameID=76 TypeID=214
  [DEBUG] SymFunc idx=254 NameID=77 TypeID=217
  [DEBUG] SymFunc idx=258 NameID=79 TypeID=220
  [DEBUG] SymFunc idx=261 NameID=80 TypeID=223
  [DEBUG] SymFunc idx=264 NameID=81 TypeID=224
  [DEBUG] SymFunc idx=266 NameID=83 TypeID=225
  [DEBUG] SymFunc idx=269 NameID=86 TypeID=226
  [DEBUG] SymFunc idx=274 NameID=92 TypeID=227
  [DEBUG] SymFunc idx=279 NameID=97 TypeID=228
  [DEBUG] SymFunc idx=284 NameID=102 TypeID=229
  [DEBUG] SymFunc idx=292 NameID=156 TypeID=234
  [DEBUG] SymFunc idx=294 NameID=157 TypeID=236
  [DEBUG] SymFunc idx=298 NameID=158 TypeID=246
  [DEBUG] SymFunc idx=301 NameID=159 TypeID=248
  [DEBUG] SymFunc idx=303 NameID=160 TypeID=249
  [DEBUG] SymFunc idx=305 NameID=161 TypeID=252
  [DEBUG] SymFunc idx=308 NameID=162 TypeID=255
  [DEBUG] SymFunc idx=310 NameID=163 TypeID=275
  [DEBUG] SymFunc idx=313 NameID=164 TypeID=278
  [DEBUG] SymFunc idx=317 NameID=165 TypeID=284
  [DEBUG] SymFunc idx=322 NameID=167 TypeID=287
  [DEBUG] SymFunc idx=327 NameID=169 TypeID=290
  [DEBUG] SymFunc idx=329 NameID=170 TypeID=292
  [DEBUG] SymFunc idx=332 NameID=171 TypeID=295
  [DEBUG] SymFunc idx=334 NameID=172 TypeID=299
  [DEBUG] SymFunc idx=339 NameID=174 TypeID=303
  [DEBUG] SymFunc idx=345 NameID=176 TypeID=306
  [DEBUG] SymFunc idx=350 NameID=169 TypeID=311
  [DEBUG] SymFunc idx=352 NameID=171 TypeID=315
  [DEBUG] SymFunc idx=355 NameID=178 TypeID=321
  [DEBUG] SymFunc idx=361 NameID=169 TypeID=325
  [DEBUG] SymFunc idx=363 NameID=170 TypeID=327
  [DEBUG] SymFunc idx=366 NameID=171 TypeID=330
[DEBUG] getMethodsOfStruct called for struct 104
  [DEBUG] SymFunc idx=38 NameID=9 TypeID=115
  [DEBUG] SymFunc idx=42 NameID=12 TypeID=117
  [DEBUG] SymFunc idx=45 NameID=13 TypeID=119
  [DEBUG] SymFunc idx=50 NameID=16 TypeID=121
  [DEBUG] SymFunc idx=56 NameID=18 TypeID=123
  [DEBUG] SymFunc idx=62 NameID=21 TypeID=126
  [DEBUG] SymFunc idx=69 NameID=24 TypeID=129
  [DEBUG] SymFunc idx=76 NameID=25 TypeID=132
  [DEBUG] SymFunc idx=83 NameID=27 TypeID=134
  [DEBUG] SymFunc idx=89 NameID=29 TypeID=136
  [DEBUG] SymFunc idx=94 NameID=31 TypeID=138
  [DEBUG] SymFunc idx=98 NameID=32 TypeID=140
  [DEBUG] SymFunc idx=102 NameID=13 TypeID=142
  [DEBUG] SymFunc idx=107 NameID=16 TypeID=144
  [DEBUG] SymFunc idx=113 NameID=18 TypeID=146
  [DEBUG] SymFunc idx=119 NameID=21 TypeID=149
  [DEBUG] SymFunc idx=127 NameID=34 TypeID=152
  [DEBUG] SymFunc idx=135 NameID=24 TypeID=155
  [DEBUG] SymFunc idx=143 NameID=36 TypeID=158
  [DEBUG] SymFunc idx=148 NameID=26 TypeID=161
  [DEBUG] SymFunc idx=184 NameID=58 TypeID=163
  [DEBUG] SymFunc idx=187 NameID=59 TypeID=166
  [DEBUG] SymFunc idx=190 NameID=61 TypeID=169
  [DEBUG] SymFunc idx=194 NameID=62 TypeID=172
  [DEBUG] SymFunc idx=198 NameID=63 TypeID=175
  [DEBUG] SymFunc idx=203 NameID=66 TypeID=177
  [DEBUG] SymFunc idx=206 NameID=49 TypeID=181
  [DEBUG] SymFunc idx=210 NameID=68 TypeID=186
  [DEBUG] SymFunc idx=213 NameID=69 TypeID=188
  [DEBUG] SymFunc idx=216 NameID=70 TypeID=190
  [DEBUG] SymFunc idx=220 NameID=71 TypeID=192
  [DEBUG] SymFunc idx=223 NameID=72 TypeID=194
  [DEBUG] SymFunc idx=226 NameID=73 TypeID=198
  [DEBUG] SymFunc idx=230 NameID=74 TypeID=202
  [DEBUG] SymFunc idx=235 NameID=69 TypeID=204
  [DEBUG] SymFunc idx=238 NameID=71 TypeID=206
  [DEBUG] SymFunc idx=242 NameID=69 TypeID=208
  [DEBUG] SymFunc idx=245 NameID=70 TypeID=210
  [DEBUG] SymFunc idx=249 NameID=71 TypeID=212
  [DEBUG] SymFunc idx=252 NameID=76 TypeID=214
  [DEBUG] SymFunc idx=254 NameID=77 TypeID=217
  [DEBUG] SymFunc idx=258 NameID=79 TypeID=220
  [DEBUG] SymFunc idx=261 NameID=80 TypeID=223
  [DEBUG] SymFunc idx=264 NameID=81 TypeID=224
  [DEBUG] SymFunc idx=266 NameID=83 TypeID=225
  [DEBUG] SymFunc idx=269 NameID=86 TypeID=226
  [DEBUG] SymFunc idx=274 NameID=92 TypeID=227
  [DEBUG] SymFunc idx=279 NameID=97 TypeID=228
  [DEBUG] SymFunc idx=284 NameID=102 TypeID=229
  [DEBUG] SymFunc idx=292 NameID=156 TypeID=234
  [DEBUG] SymFunc idx=294 NameID=157 TypeID=236
  [DEBUG] SymFunc idx=298 NameID=158 TypeID=246
  [DEBUG] SymFunc idx=301 NameID=159 TypeID=248
  [DEBUG] SymFunc idx=303 NameID=160 TypeID=249
  [DEBUG] SymFunc idx=305 NameID=161 TypeID=252
  [DEBUG] SymFunc idx=308 NameID=162 TypeID=255
  [DEBUG] SymFunc idx=310 NameID=163 TypeID=275
  [DEBUG] SymFunc idx=313 NameID=164 TypeID=278
  [DEBUG] SymFunc idx=317 NameID=165 TypeID=284
  [DEBUG] SymFunc idx=322 NameID=167 TypeID=287
  [DEBUG] SymFunc idx=327 NameID=169 TypeID=290
  [DEBUG] SymFunc idx=329 NameID=170 TypeID=292
  [DEBUG] SymFunc idx=332 NameID=171 TypeID=295
  [DEBUG] SymFunc idx=334 NameID=172 TypeID=299
  [DEBUG] SymFunc idx=339 NameID=174 TypeID=303
  [DEBUG] SymFunc idx=345 NameID=176 TypeID=306
  [DEBUG] SymFunc idx=350 NameID=169 TypeID=311
  [DEBUG] SymFunc idx=352 NameID=171 TypeID=315
  [DEBUG] SymFunc idx=355 NameID=178 TypeID=321
  [DEBUG] SymFunc idx=361 NameID=169 TypeID=325
  [DEBUG] SymFunc idx=363 NameID=170 TypeID=327
  [DEBUG] SymFunc idx=366 NameID=171 TypeID=330
[DEBUG] Instantiated method unlock: instSymIdx=366, errs=[]
[DEBUG] getMethodsOfStruct called for struct 320
  [DEBUG] SymFunc idx=38 NameID=9 TypeID=115
  [DEBUG] SymFunc idx=42 NameID=12 TypeID=117
  [DEBUG] SymFunc idx=45 NameID=13 TypeID=119
  [DEBUG] SymFunc idx=50 NameID=16 TypeID=121
  [DEBUG] SymFunc idx=56 NameID=18 TypeID=123
  [DEBUG] SymFunc idx=62 NameID=21 TypeID=126
  [DEBUG] SymFunc idx=69 NameID=24 TypeID=129
  [DEBUG] SymFunc idx=76 NameID=25 TypeID=132
  [DEBUG] SymFunc idx=83 NameID=27 TypeID=134
  [DEBUG] SymFunc idx=89 NameID=29 TypeID=136
  [DEBUG] SymFunc idx=94 NameID=31 TypeID=138
  [DEBUG] SymFunc idx=98 NameID=32 TypeID=140
  [DEBUG] SymFunc idx=102 NameID=13 TypeID=142
  [DEBUG] SymFunc idx=107 NameID=16 TypeID=144
  [DEBUG] SymFunc idx=113 NameID=18 TypeID=146
  [DEBUG] SymFunc idx=119 NameID=21 TypeID=149
  [DEBUG] SymFunc idx=127 NameID=34 TypeID=152
  [DEBUG] SymFunc idx=135 NameID=24 TypeID=155
  [DEBUG] SymFunc idx=143 NameID=36 TypeID=158
  [DEBUG] SymFunc idx=148 NameID=26 TypeID=161
  [DEBUG] SymFunc idx=184 NameID=58 TypeID=163
  [DEBUG] SymFunc idx=187 NameID=59 TypeID=166
  [DEBUG] SymFunc idx=190 NameID=61 TypeID=169
  [DEBUG] SymFunc idx=194 NameID=62 TypeID=172
  [DEBUG] SymFunc idx=198 NameID=63 TypeID=175
  [DEBUG] SymFunc idx=203 NameID=66 TypeID=177
  [DEBUG] SymFunc idx=206 NameID=49 TypeID=181
  [DEBUG] SymFunc idx=210 NameID=68 TypeID=186
  [DEBUG] SymFunc idx=213 NameID=69 TypeID=188
  [DEBUG] SymFunc idx=216 NameID=70 TypeID=190
  [DEBUG] SymFunc idx=220 NameID=71 TypeID=192
  [DEBUG] SymFunc idx=223 NameID=72 TypeID=194
  [DEBUG] SymFunc idx=226 NameID=73 TypeID=198
  [DEBUG] SymFunc idx=230 NameID=74 TypeID=202
  [DEBUG] SymFunc idx=235 NameID=69 TypeID=204
  [DEBUG] SymFunc idx=238 NameID=71 TypeID=206
  [DEBUG] SymFunc idx=242 NameID=69 TypeID=208
  [DEBUG] SymFunc idx=245 NameID=70 TypeID=210
  [DEBUG] SymFunc idx=249 NameID=71 TypeID=212
  [DEBUG] SymFunc idx=252 NameID=76 TypeID=214
  [DEBUG] SymFunc idx=254 NameID=77 TypeID=217
  [DEBUG] SymFunc idx=258 NameID=79 TypeID=220
  [DEBUG] SymFunc idx=261 NameID=80 TypeID=223
  [DEBUG] SymFunc idx=264 NameID=81 TypeID=224
  [DEBUG] SymFunc idx=266 NameID=83 TypeID=225
  [DEBUG] SymFunc idx=269 NameID=86 TypeID=226
  [DEBUG] SymFunc idx=274 NameID=92 TypeID=227
  [DEBUG] SymFunc idx=279 NameID=97 TypeID=228
  [DEBUG] SymFunc idx=284 NameID=102 TypeID=229
  [DEBUG] SymFunc idx=292 NameID=156 TypeID=234
  [DEBUG] SymFunc idx=294 NameID=157 TypeID=236
  [DEBUG] SymFunc idx=298 NameID=158 TypeID=246
  [DEBUG] SymFunc idx=301 NameID=159 TypeID=248
  [DEBUG] SymFunc idx=303 NameID=160 TypeID=249
  [DEBUG] SymFunc idx=305 NameID=161 TypeID=252
  [DEBUG] SymFunc idx=308 NameID=162 TypeID=255
  [DEBUG] SymFunc idx=310 NameID=163 TypeID=275
  [DEBUG] SymFunc idx=313 NameID=164 TypeID=278
  [DEBUG] SymFunc idx=317 NameID=165 TypeID=284
  [DEBUG] SymFunc idx=322 NameID=167 TypeID=287
  [DEBUG] SymFunc idx=327 NameID=169 TypeID=290
  [DEBUG] SymFunc idx=329 NameID=170 TypeID=292
  [DEBUG] SymFunc idx=332 NameID=171 TypeID=295
  [DEBUG] SymFunc idx=334 NameID=172 TypeID=299
  [DEBUG] SymFunc idx=339 NameID=174 TypeID=303
  [DEBUG] SymFunc idx=345 NameID=176 TypeID=306
  [DEBUG] SymFunc idx=350 NameID=169 TypeID=311
  [DEBUG] SymFunc idx=352 NameID=171 TypeID=315
  [DEBUG] SymFunc idx=355 NameID=178 TypeID=321
  [DEBUG] SymFunc idx=361 NameID=169 TypeID=325
  [DEBUG] SymFunc idx=363 NameID=170 TypeID=327
  [DEBUG] SymFunc idx=366 NameID=171 TypeID=330
--- FAIL: TestAxiomSync (0.01s)
    axiom_sync_test.go:37: failed to compile AXIOM sync: type inference errors:
        error[E3001]: type mismatch: cannot compare 0 and 3
          --> bootstrap/stage1/tmp_concatenated_lexer.ax:290:20
             |
         290 |     assert(g.get() == 200)
             |                    ^
             |
        
        Registered types:
          type[0]: unknown
          type[1]: i8
          type[2]: i16
          type[3]: i32
          type[4]: i64
          type[5]: u8
          type[6]: u16
          type[7]: u32
          type[8]: u64
          type[9]: f32
          type[10]: f64
          type[11]: bool
          type[12]: string
          type[13]: char8
          type[14]: void
          type[15]: isize
          type[16]: usize
          type[17]: kind 13
          type[18]: kind 13
          type[19]: kind 13
          type[20]: kind 13
          type[21]: struct anonymous_struct {value: 61}
          type[22]: kind 7
          type[23]: kind 7
          type[24]: kind 7
          type[25]: kind 7
          type[26]: kind 7
          type[27]: kind 7
          type[28]: kind 7
          type[29]: kind 7
          type[30]: kind 7
          type[31]: kind 7
          type[32]: kind 7
          type[33]: kind 7
          type[34]: kind 7
          type[35]: kind 7
          type[36]: kind 7
          type[37]: kind 7
          type[38]: kind 7
          type[39]: kind 7
          type[40]: kind 7
          type[41]: kind 7
          type[42]: kind 7
          type[43]: kind 7
          type[44]: kind 7
          type[45]: kind 7
          type[46]: kind 7
          type[47]: kind 7
          type[48]: kind 7
          type[49]: kind 7
          type[50]: kind 7
          type[51]: kind 7
          type[52]: kind 7
          type[53]: kind 7
          type[54]: kind 7
          type[55]: kind 7
          type[56]: kind 7
          type[57]: kind 7
          type[58]: kind 7
          type[59]: kind 7
          type[60]: kind 7
          type[61]: kind 7
          type[62]: kind 7
          type[63]: kind 7
          type[64]: kind 7
          type[65]: kind 7
          type[66]: kind 7
          type[67]: kind 7
          type[68]: kind 7
          type[69]: kind 7
          type[70]: kind 7
          type[71]: kind 7
          type[72]: kind 7
          type[73]: kind 7
          type[74]: kind 7
          type[75]: kind 7
          type[76]: kind 7
          type[77]: kind 7
          type[78]: kind 7
          type[79]: kind 7
          type[80]: kind 7
          type[81]: kind 7
          type[82]: kind 7
          type[83]: kind 7
          type[84]: kind 7
          type[85]: kind 7
          type[86]: kind 7
          type[87]: kind 7
          type[88]: kind 7
          type[89]: kind 7
          type[90]: kind 7
          type[91]: kind 7
          type[92]: kind 7
          type[93]: struct Atomic {value: 61}
          type[94]: struct Mutex {value: 62, locked: 104}
          type[95]: struct MutexGuard {mutex: 106}
          type[96]: struct RwLock {value: 64, readers: 107, writer: 104}
          type[97]: struct ReadGuard {lock: 109}
          type[98]: struct WriteGuard {lock: 111}
          type[99]: struct Sender {id: 4}
          type[100]: struct Receiver {id: 4}
          type[101]: struct Channel {sender: 112, receiver: 113}
          type[102]: kind 6
          type[103]: kind 6
          type[104]: struct _AX_std_Atomic_bool {value: 11}
          type[105]: kind 8
          type[106]: ptr[105]
          type[107]: struct _AX_std_Atomic_i32 {value: 3}
          type[108]: kind 8
          type[109]: ptr[108]
          type[110]: kind 8
          type[111]: ptr[110]
          type[112]: kind 8
          type[113]: kind 8
          type[114]: kind 8
          type[115]: fn[114] -> 11
          type[116]: kind 8
          type[117]: fn[116] -> 11
          type[118]: kind 8
          type[119]: fn[118] -> 27
          type[120]: kind 8
          type[121]: fn[120, 28] -> 28
          type[122]: kind 8
          type[123]: fn[122, 12] -> 29
          type[124]: kind 8
          type[125]: kind 8
          type[126]: fn[124, 0] -> 125
          type[127]: kind 8
          type[128]: kind 8
          type[129]: fn[127, 0] -> 128
          type[130]: kind 8
          type[131]: kind 8
          type[132]: fn[130, 35] -> 131
          type[133]: kind 8
          type[134]: fn[133, 0] -> 133
          type[135]: kind 8
          type[136]: fn[135, 135] -> 135
          type[137]: kind 8
          type[138]: fn[137] -> 11
          type[139]: kind 8
          type[140]: fn[139] -> 11
          type[141]: kind 8
          type[142]: fn[141] -> 42
          type[143]: kind 8
          type[144]: fn[143, 44] -> 44
          type[145]: kind 8
          type[146]: fn[145, 12] -> 46
          type[147]: kind 8
          type[148]: kind 8
          type[149]: fn[147, 0] -> 148
          type[150]: kind 8
          type[151]: kind 8
          type[152]: fn[150, 0] -> 151
          type[153]: kind 8
          type[154]: kind 8
          type[155]: fn[153, 0] -> 154
          type[156]: kind 8
          type[157]: kind 8
          type[158]: fn[156] -> 157
          type[159]: kind 8
          type[160]: kind 8
          type[161]: fn[159] -> 160
          type[162]: kind 8
          type[163]: fn[70] -> 162
          type[164]: kind 8
          type[165]: ptr[164]
          type[166]: fn[165] -> 71
          type[167]: kind 8
          type[168]: ptr[167]
          type[169]: fn[168, 72] -> 14
          type[170]: kind 8
          type[171]: ptr[170]
          type[172]: fn[171, 73] -> 73
          type[173]: kind 8
          type[174]: ptr[173]
          type[175]: fn[174, 74, 74] -> 11
          type[176]: kind 8
          type[177]: fn[75] -> 176
          type[178]: kind 8
          type[179]: ptr[178]
          type[180]: kind 8
          type[181]: fn[179] -> 180
          type[182]: kind 8
          type[183]: ptr[182]
          type[184]: kind 8
          type[185]: kind 8
          type[186]: fn[183] -> 185
          type[187]: kind 8
          type[188]: fn[187] -> 78
          type[189]: kind 8
          type[190]: fn[189, 79] -> 14
          type[191]: kind 8
          type[192]: fn[191] -> 14
          type[193]: kind 8
          type[194]: fn[81] -> 193
          type[195]: kind 8
          type[196]: ptr[195]
          type[197]: kind 8
          type[198]: fn[196] -> 197
          type[199]: kind 8
          type[200]: ptr[199]
          type[201]: kind 8
          type[202]: fn[200] -> 201
          type[203]: kind 8
          type[204]: fn[203] -> 84
          type[205]: kind 8
          type[206]: fn[205] -> 14
          type[207]: kind 8
          type[208]: fn[207] -> 86
          type[209]: kind 8
          type[210]: fn[209, 87] -> 14
          type[211]: kind 8
          type[212]: fn[211] -> 14
          type[213]: kind 8
          type[214]: fn[] -> 213
          type[215]: kind 8
          type[216]: kind 6
          type[217]: fn[215, 90] -> 216
          type[218]: kind 8
          type[219]: kind 8
          type[220]: fn[218] -> 219
          type[221]: kind 8
          type[222]: kind 8
          type[223]: fn[221] -> 222
          type[224]: fn[12] -> 3
          type[225]: fn[12, 4] -> 3
          type[226]: fn[] -> 14
          type[227]: fn[] -> 14
          type[228]: fn[] -> 14
          type[229]: fn[] -> 3
          type[230]: ptr[71]
          type[231]: ptr[72]
          type[232]: ptr[73]
          type[233]: ptr[74]
          type[234]: fn[11] -> 104
          type[235]: ptr[104]
          type[236]: fn[235, 11, 11] -> 11
          type[237]: ptr[11]
          type[238]: fn[11, 11] -> 11
          type[239]: fn[11, 11] -> 11
          type[240]: kind 8
          type[241]: ptr[240]
          type[242]: kind 8
          type[243]: ptr[242]
          type[244]: kind 8
          type[245]: ptr[244]
          type[246]: fn[235, 11] -> 14
          type[247]: fn[11] -> 14
          type[248]: fn[3] -> 107
          type[249]: fn[235] -> 11
          type[250]: fn[] -> 11
          type[251]: ptr[107]
          type[252]: fn[251, 3] -> 14
          type[253]: ptr[3]
          type[254]: fn[3] -> 14
          type[255]: fn[251] -> 3
          type[256]: fn[] -> 3
          type[257]: fn[11, 11] -> 11
          type[258]: fn[] -> 3
          type[259]: kind 8
          type[260]: ptr[259]
          type[261]: kind 8
          type[262]: ptr[261]
          type[263]: fn[] -> 3
          type[264]: fn[3] -> 14
          type[265]: kind 8
          type[266]: ptr[265]
          type[267]: kind 8
          type[268]: ptr[267]
          type[269]: kind 8
          type[270]: ptr[269]
          type[271]: fn[11] -> 14
          type[272]: fn[] -> 3
          type[273]: fn[3] -> 14
          type[274]: fn[] -> 3
          type[275]: fn[251, 3] -> 3
          type[276]: fn[3] -> 3
          type[277]: fn[] -> 3
          type[278]: fn[251, 3, 3] -> 11
          type[279]: fn[3, 3] -> 11
          type[280]: fn[] -> 3
          type[281]: fn[3, 3] -> 11
          type[282]: fn[] -> 3
          type[283]: struct _AX_std_Mutex_i32 {value: 3, locked: 104}
          type[284]: fn[3] -> 283
          type[285]: ptr[283]
          type[286]: struct _AX_std_MutexGuard_i32 {mutex: 285}
          type[287]: fn[285] -> 286
          type[288]: fn[11, 11] -> 11
          type[289]: fn[] -> 286
          type[290]: fn[286] -> 3
          type[291]: fn[] -> 3
          type[292]: fn[286, 3] -> 14
          type[293]: fn[3] -> 14
          type[294]: fn[] -> 3
          type[295]: fn[286] -> 14
          type[296]: fn[11] -> 14
          type[297]: fn[] -> 14
          type[298]: kind 6
          type[299]: fn[285] -> 298
          type[300]: fn[11, 11] -> 11
          type[301]: fn[] -> 298
          type[302]: struct _AX_std_RwLock_i32 {value: 3, readers: 107, writer: 104}
          type[303]: fn[3] -> 302
          type[304]: ptr[302]
          type[305]: struct _AX_std_ReadGuard_i32 {lock: 304}
          type[306]: fn[304] -> 305
          type[307]: fn[] -> 11
          type[308]: fn[3] -> 14
          type[309]: fn[] -> 3
          type[310]: fn[] -> 305
          type[311]: fn[305] -> 3
          type[312]: fn[] -> 3
          type[313]: fn[] -> 305
          type[314]: fn[] -> 3
          type[315]: fn[305] -> 14
          type[316]: fn[] -> 3
          type[317]: fn[3] -> 14
          type[318]: fn[] -> 14
          type[319]: fn[] -> 14
          type[320]: struct _AX_std_WriteGuard_i32 {lock: 304}
          type[321]: fn[304] -> 320
          type[322]: fn[11, 11] -> 11
          type[323]: fn[] -> 3
          type[324]: fn[] -> 320
          type[325]: fn[320] -> 3
          type[326]: fn[] -> 3
          type[327]: fn[320, 3] -> 14
          type[328]: fn[3] -> 14
          type[329]: fn[] -> 3
          type[330]: fn[320] -> 14
          type[331]: fn[11] -> 14
          type[332]: fn[] -> 14
FAIL
FAIL	github.com/axiom-lang/axiom/tests/codegen	0.482s
FAIL
